Archive member included to satisfy reference by file (symbol)

d:/st/stm32cubeide_1.8.0/stm32cubeide/plugins/com.st.stm32cube.ide.mcu.externaltools.gnu-tools-for-stm32.9-2020-q2-update.win32_2.0.0.202105311346/tools/bin/../lib/gcc/arm-none-eabi/9.3.1/../../../../arm-none-eabi/lib/thumb/v7e-m+fp/hard\libc_nano.a(lib_a-errno.o)
                              ./Core/Src/syscalls.o (__errno)
d:/st/stm32cubeide_1.8.0/stm32cubeide/plugins/com.st.stm32cube.ide.mcu.externaltools.gnu-tools-for-stm32.9-2020-q2-update.win32_2.0.0.202105311346/tools/bin/../lib/gcc/arm-none-eabi/9.3.1/../../../../arm-none-eabi/lib/thumb/v7e-m+fp/hard\libc_nano.a(lib_a-exit.o)
                              d:/st/stm32cubeide_1.8.0/stm32cubeide/plugins/com.st.stm32cube.ide.mcu.externaltools.gnu-tools-for-stm32.9-2020-q2-update.win32_2.0.0.202105311346/tools/bin/../lib/gcc/arm-none-eabi/9.3.1/../../../../arm-none-eabi/lib/thumb/v7e-m+fp/hard/crt0.o (exit)
d:/st/stm32cubeide_1.8.0/stm32cubeide/plugins/com.st.stm32cube.ide.mcu.externaltools.gnu-tools-for-stm32.9-2020-q2-update.win32_2.0.0.202105311346/tools/bin/../lib/gcc/arm-none-eabi/9.3.1/../../../../arm-none-eabi/lib/thumb/v7e-m+fp/hard\libc_nano.a(lib_a-impure.o)
                              d:/st/stm32cubeide_1.8.0/stm32cubeide/plugins/com.st.stm32cube.ide.mcu.externaltools.gnu-tools-for-stm32.9-2020-q2-update.win32_2.0.0.202105311346/tools/bin/../lib/gcc/arm-none-eabi/9.3.1/../../../../arm-none-eabi/lib/thumb/v7e-m+fp/hard\libc_nano.a(lib_a-exit.o) (_global_impure_ptr)
d:/st/stm32cubeide_1.8.0/stm32cubeide/plugins/com.st.stm32cube.ide.mcu.externaltools.gnu-tools-for-stm32.9-2020-q2-update.win32_2.0.0.202105311346/tools/bin/../lib/gcc/arm-none-eabi/9.3.1/../../../../arm-none-eabi/lib/thumb/v7e-m+fp/hard\libc_nano.a(lib_a-init.o)
                              d:/st/stm32cubeide_1.8.0/stm32cubeide/plugins/com.st.stm32cube.ide.mcu.externaltools.gnu-tools-for-stm32.9-2020-q2-update.win32_2.0.0.202105311346/tools/bin/../lib/gcc/arm-none-eabi/9.3.1/../../../../arm-none-eabi/lib/thumb/v7e-m+fp/hard/crt0.o (__libc_init_array)
d:/st/stm32cubeide_1.8.0/stm32cubeide/plugins/com.st.stm32cube.ide.mcu.externaltools.gnu-tools-for-stm32.9-2020-q2-update.win32_2.0.0.202105311346/tools/bin/../lib/gcc/arm-none-eabi/9.3.1/../../../../arm-none-eabi/lib/thumb/v7e-m+fp/hard\libc_nano.a(lib_a-memset.o)
                              d:/st/stm32cubeide_1.8.0/stm32cubeide/plugins/com.st.stm32cube.ide.mcu.externaltools.gnu-tools-for-stm32.9-2020-q2-update.win32_2.0.0.202105311346/tools/bin/../lib/gcc/arm-none-eabi/9.3.1/../../../../arm-none-eabi/lib/thumb/v7e-m+fp/hard/crt0.o (memset)
d:/st/stm32cubeide_1.8.0/stm32cubeide/plugins/com.st.stm32cube.ide.mcu.externaltools.gnu-tools-for-stm32.9-2020-q2-update.win32_2.0.0.202105311346/tools/bin/../lib/gcc/arm-none-eabi/9.3.1/../../../../arm-none-eabi/lib/thumb/v7e-m+fp/hard\libc_nano.a(lib_a-strlen.o)
                              ./Core/User_Libraries/Src/Console.o (strlen)
d:/st/stm32cubeide_1.8.0/stm32cubeide/plugins/com.st.stm32cube.ide.mcu.externaltools.gnu-tools-for-stm32.9-2020-q2-update.win32_2.0.0.202105311346/tools/bin/../lib/gcc/arm-none-eabi/9.3.1/../../../../arm-none-eabi/lib/thumb/v7e-m+fp/hard\libc_nano.a(lib_a-vsprintf.o)
                              ./Core/User_Libraries/Src/Console.o (vsprintf)
d:/st/stm32cubeide_1.8.0/stm32cubeide/plugins/com.st.stm32cube.ide.mcu.externaltools.gnu-tools-for-stm32.9-2020-q2-update.win32_2.0.0.202105311346/tools/bin/../lib/gcc/arm-none-eabi/9.3.1/../../../../arm-none-eabi/lib/thumb/v7e-m+fp/hard\libc_nano.a(lib_a-nano-svfprintf.o)
                              d:/st/stm32cubeide_1.8.0/stm32cubeide/plugins/com.st.stm32cube.ide.mcu.externaltools.gnu-tools-for-stm32.9-2020-q2-update.win32_2.0.0.202105311346/tools/bin/../lib/gcc/arm-none-eabi/9.3.1/../../../../arm-none-eabi/lib/thumb/v7e-m+fp/hard\libc_nano.a(lib_a-vsprintf.o) (_svfprintf_r)
d:/st/stm32cubeide_1.8.0/stm32cubeide/plugins/com.st.stm32cube.ide.mcu.externaltools.gnu-tools-for-stm32.9-2020-q2-update.win32_2.0.0.202105311346/tools/bin/../lib/gcc/arm-none-eabi/9.3.1/../../../../arm-none-eabi/lib/thumb/v7e-m+fp/hard\libc_nano.a(lib_a-nano-vfprintf_i.o)
                              d:/st/stm32cubeide_1.8.0/stm32cubeide/plugins/com.st.stm32cube.ide.mcu.externaltools.gnu-tools-for-stm32.9-2020-q2-update.win32_2.0.0.202105311346/tools/bin/../lib/gcc/arm-none-eabi/9.3.1/../../../../arm-none-eabi/lib/thumb/v7e-m+fp/hard\libc_nano.a(lib_a-nano-svfprintf.o) (_printf_i)
d:/st/stm32cubeide_1.8.0/stm32cubeide/plugins/com.st.stm32cube.ide.mcu.externaltools.gnu-tools-for-stm32.9-2020-q2-update.win32_2.0.0.202105311346/tools/bin/../lib/gcc/arm-none-eabi/9.3.1/../../../../arm-none-eabi/lib/thumb/v7e-m+fp/hard\libc_nano.a(lib_a-memchr.o)
[...]
Memory Configuration

Name             Origin             Length             Attributes
RAM              0x0000000020000000 0x0000000000040000 xrw
FLASH            0x0000000008000000 0x0000000000080000 xr
*default*        0x0000000000000000 0xffffffffffffffff

Linker script and memory map

LOAD d:/st/stm32cubeide_1.8.0/stm32cubeide/plugins/com.st.stm32cube.ide.mcu.externaltools.gnu-tools-for-stm32.9-2020-q2-update.win32_2.0.0.202105311346/tools/bin/../lib/gcc/arm-none-eabi/9.3.1/thumb/v7e-m+fp/hard/crti.o
LOAD d:/st/stm32cubeide_1.8.0/stm32cubeide/plugins/com.st.stm32cube.ide.mcu.externaltools.gnu-tools-for-stm32.9-2020-q2-update.win32_2.0.0.202105311346/tools/bin/../lib/gcc/arm-none-eabi/9.3.1/thumb/v7e-m+fp/hard/crtbegin.o
LOAD d:/st/stm32cubeide_1.8.0/stm32cubeide/plugins/com.st.stm32cube.ide.mcu.externaltools.gnu-tools-for-stm32.9-2020-q2-update.win32_2.0.0.202105311346/tools/bin/../lib/gcc/arm-none-eabi/9.3.1/../../../../arm-none-eabi/lib/thumb/v7e-m+fp/hard/crt0.o
LOAD ./Core/Src/main.o
LOAD ./Core/Src/stm32f4xx_hal_msp.o
LOAD ./Core/Src/stm32f4xx_it.o
LOAD ./Core/Src/syscalls.o
LOAD ./Core/Src/sysmem.o
LOAD ./Core/Src/system_stm32f4xx.o
LOAD ./Core/Startup/startup_stm32f412ceux.o
LOAD ./Core/User_Libraries/Src/Console.o
LOAD ./Core/User_Libraries/Src/GPIO.o
LOAD ./Core/User_Libraries/Src/I2C.o
LOAD ./Drivers/STM32F4xx_HAL_Driver/stm32f4xx_hal.o
LOAD ./Drivers/STM32F4xx_HAL_Driver/stm32f4xx_hal_cortex.o
LOAD ./Drivers/STM32F4xx_HAL_Driver/stm32f4xx_hal_dma.o
LOAD ./Drivers/STM32F4xx_HAL_Driver/stm32f4xx_hal_dma_ex.o
LOAD ./Drivers/STM32F4xx_HAL_Driver/stm32f4xx_hal_exti.o
LOAD ./Drivers/STM32F4xx_HAL_Driver/stm32f4xx_hal_flash.o
LOAD ./Drivers/STM32F4xx_HAL_Driver/stm32f4xx_hal_flash_ex.o
LOAD ./Drivers/STM32F4xx_HAL_Driver/stm32f4xx_hal_flash_ramfunc.o
LOAD ./Drivers/STM32F4xx_HAL_Driver/stm32f4xx_hal_gpio.o
LOAD ./Drivers/STM32F4xx_HAL_Driver/stm32f4xx_hal_pcd.o
LOAD ./Drivers/STM32F4xx_HAL_Driver/stm32f4xx_hal_pcd_ex.o
LOAD ./Drivers/STM32F4xx_HAL_Driver/stm32f4xx_hal_pwr.o
LOAD ./Drivers/STM32F4xx_HAL_Driver/stm32f4xx_hal_pwr_ex.o
LOAD ./Drivers/STM32F4xx_HAL_Driver/stm32f4xx_hal_rcc.o
LOAD ./Drivers/STM32F4xx_HAL_Driver/stm32f4xx_hal_rcc_ex.o
LOAD ./Drivers/STM32F4xx_HAL_Driver/stm32f4xx_hal_tim.o
LOAD ./Drivers/STM32F4xx_HAL_Driver/stm32f4xx_hal_tim_ex.o
LOAD ./Drivers/STM32F4xx_HAL_Driver/stm32f4xx_ll_usb.o
LOAD ./Middlewares/USB_Device_Library/usbd_cdc.o
LOAD ./Middlewares/USB_Device_Library/usbd_core.o
LOAD ./Middlewares/USB_Device_Library/usbd_ctlreq.o
LOAD ./Middlewares/USB_Device_Library/usbd_ioreq.o
LOAD ./USB_DEVICE/App/usb_device.o
LOAD ./USB_DEVICE/App/usbd_cdc_if.o
LOAD ./USB_DEVICE/App/usbd_desc.o
LOAD ./USB_DEVICE/Target/usbd_conf.o
START GROUP
LOAD d:/st/stm32cubeide_1.8.0/stm32cubeide/plugins/com.st.stm32cube.ide.mcu.externaltools.gnu-tools-for-stm32.9-2020-q2-update.win32_2.0.0.202105311346/tools/bin/../lib/gcc/arm-none-eabi/9.3.1/../../../../arm-none-eabi/lib/thumb/v7e-m+fp/hard\libc_nano.a
LOAD d:/st/stm32cubeide_1.8.0/stm32cubeide/plugins/com.st.stm32cube.ide.mcu.externaltools.gnu-tools-for-stm32.9-2020-q2-update.win32_2.0.0.202105311346/tools/bin/../lib/gcc/arm-none-eabi/9.3.1/../../../../arm-none-eabi/lib/thumb/v7e-m+fp/hard\libm.a
END GROUP
START GROUP
LOAD d:/st/stm32cubeide_1.8.0/stm32cubeide/plugins/com.st.stm32cube.ide.mcu.externaltools.gnu-tools-for-stm32.9-2020-q2-update.win32_2.0.0.202105311346/tools/bin/../lib/gcc/arm-none-eabi/9.3.1/thumb/v7e-m+fp/hard\libgcc.a
LOAD d:/st/stm32cubeide_1.8.0/stm32cubeide/plugins/com.st.stm32cube.ide.mcu.externaltools.gnu-tools-for-stm32.9-2020-q2-update.win32_2.0.0.202105311346/tools/bin/../lib/gcc/arm-none-eabi/9.3.1/../../../../arm-none-eabi/lib/thumb/v7e-m+fp/hard\libc_nano.a
END GROUP
START GROUP
LOAD d:/st/stm32cubeide_1.8.0/stm32cubeide/plugins/com.st.stm32cube.ide.mcu.externaltools.gnu-tools-for-stm32.9-2020-q2-update.win32_2.0.0.202105311346/tools/bin/../lib/gcc/arm-none-eabi/9.3.1/thumb/v7e-m+fp/hard\libgcc.a
LOAD d:/st/stm32cubeide_1.8.0/stm32cubeide/plugins/com.st.stm32cube.ide.mcu.externaltools.gnu-tools-for-stm32.9-2020-q2-update.win32_2.0.0.202105311346/tools/bin/../lib/gcc/arm-none-eabi/9.3.1/../../../../arm-none-eabi/lib/thumb/v7e-m+fp/hard\libc_nano.a
LOAD d:/st/stm32cubeide_1.8.0/stm32cubeide/plugins/com.st.stm32cube.ide.mcu.externaltools.gnu-tools-for-stm32.9-2020-q2-update.win32_2.0.0.202105311346/tools/bin/../lib/gcc/arm-none-eabi/9.3.1/../../../../arm-none-eabi/lib/thumb/v7e-m+fp/hard\libnosys.a
END GROUP
START GROUP
LOAD d:/st/stm32cubeide_1.8.0/stm32cubeide/plugins/com.st.stm32cube.ide.mcu.externaltools.gnu-tools-for-stm32.9-2020-q2-update.win32_2.0.0.202105311346/tools/bin/../lib/gcc/arm-none-eabi/9.3.1/thumb/v7e-m+fp/hard\libgcc.a
LOAD d:/st/stm32cubeide_1.8.0/stm32cubeide/plugins/com.st.stm32cube.ide.mcu.externaltools.gnu-tools-for-stm32.9-2020-q2-update.win32_2.0.0.202105311346/tools/bin/../lib/gcc/arm-none-eabi/9.3.1/../../../../arm-none-eabi/lib/thumb/v7e-m+fp/hard\libc_nano.a
LOAD d:/st/stm32cubeide_1.8.0/stm32cubeide/plugins/com.st.stm32cube.ide.mcu.externaltools.gnu-tools-for-stm32.9-2020-q2-update.win32_2.0.0.202105311346/tools/bin/../lib/gcc/arm-none-eabi/9.3.1/../../../../arm-none-eabi/lib/thumb/v7e-m+fp/hard\libnosys.a
END GROUP
LOAD d:/st/stm32cubeide_1.8.0/stm32cubeide/plugins/com.st.stm32cube.ide.mcu.externaltools.gnu-tools-for-stm32.9-2020-q2-update.win32_2.0.0.202105311346/tools/bin/../lib/gcc/arm-none-eabi/9.3.1/thumb/v7e-m+fp/hard/crtend.o
LOAD d:/st/stm32cubeide_1.8.0/stm32cubeide/plugins/com.st.stm32cube.ide.mcu.externaltools.gnu-tools-for-stm32.9-2020-q2-update.win32_2.0.0.202105311346/tools/bin/../lib/gcc/arm-none-eabi/9.3.1/thumb/v7e-m+fp/hard/crtn.o
                0x0000000020040000                _estack = (ORIGIN (RAM) + LENGTH (RAM))
                0x0000000000000200                _Min_Heap_Size = 0x200
                0x0000000000000400                _Min_Stack_Size = 0x400

.isr_vector     0x0000000008000000      0x1c4
                0x0000000008000000                . = ALIGN (0x4)
 *(.isr_vector)
 .isr_vector    0x0000000008000000      0x1c4 ./Core/Startup/startup_stm32f412ceux.o
                0x0000000008000000                g_pfnVectors
                0x00000000080001c4                . = ALIGN (0x4)

.text           0x00000000080001c4     0x6704
                0x00000000080001c4                . = ALIGN (0x4)
 *(.text)
 .text          0x00000000080001c4       0x40 d:/st/stm32cubeide_1.8.0/stm32cubeide/plugins/com.st.stm32cube.ide.mcu.externaltools.gnu-tools-for-stm32.9-2020-q2-update.win32_2.0.0.202105311346/tools/bin/../lib/gcc/arm-none-eabi/9.3.1/thumb/v7e-m+fp/hard/crtbegin.o
 .text          0x0000000008000204       0x30 d:/st/stm32cubeide_1.8.0/stm32cubeide/plugins/com.st.stm32cube.ide.mcu.externaltools.gnu-tools-for-stm32.9-2020-q2-update.win32_2.0.0.202105311346/tools/bin/../lib/gcc/arm-none-eabi/9.3.1/thumb/v7e-m+fp/hard\libgcc.a(_aeabi_uldivmod.o)
                0x0000000008000204                __aeabi_uldivmod
 .text          0x0000000008000234      0x2c4 d:/st/stm32cubeide_1.8.0/stm32cubeide/plugins/com.st.stm32cube.ide.mcu.externaltools.gnu-tools-for-stm32.9-2020-q2-update.win32_2.0.0.202105311346/tools/bin/../lib/gcc/arm-none-eabi/9.3.1/thumb/v7e-m+fp/hard\libgcc.a(_udivmoddi4.o)
                0x0000000008000234                __udivmoddi4
 .text          0x00000000080004f8        0x4 d:/st/stm32cubeide_1.8.0/stm32cubeide/plugins/com.st.stm32cube.ide.mcu.externaltools.gnu-tools-for-stm32.9-2020-q2-update.win32_2.0.0.202105311346/tools/bin/../lib/gcc/arm-none-eabi/9.3.1/thumb/v7e-m+fp/hard\libgcc.a(_dvmd_tls.o)
                0x00000000080004f8                __aeabi_idiv0
                0x00000000080004f8                __aeabi_ldiv0
 *(.text*)
 .text.main     0x00000000080004fc       0x16 ./Core/Src/main.o
                0x00000000080004fc                main
 *fill*         0x0000000008000512        0x2 
 .text.SystemClock_Config
                0x0000000008000514       0xd4 ./Core/Src/main.o
                0x0000000008000514                SystemClock_Config
 .text.MX_GPIO_Init
                0x00000000080005e8       0x50 ./Core/Src/main.o
 .text.Error_Handler
                0x0000000008000638        0xa ./Core/Src/main.o
                0x0000000008000638                Error_Handler
 *fill*         0x0000000008000642        0x2 
 .text.HAL_MspInit
                0x0000000008000644       0x50 ./Core/Src/stm32f4xx_hal_msp.o
                0x0000000008000644                HAL_MspInit
 .text.NMI_Handler
                0x0000000008000694        0x6 ./Core/Src/stm32f4xx_it.o
                0x0000000008000694                NMI_Handler
 .text.HardFault_Handler
                0x000000000800069a        0x6 ./Core/Src/stm32f4xx_it.o
                0x000000000800069a                HardFault_Handler
 .text.MemManage_Handler
                0x00000000080006a0        0x6 ./Core/Src/stm32f4xx_it.o
                0x00000000080006a0                MemManage_Handler
 .text.BusFault_Handler
                0x00000000080006a6        0x6 ./Core/Src/stm32f4xx_it.o
                0x00000000080006a6                BusFault_Handler
 .text.UsageFault_Handler
                0x00000000080006ac        0x6 ./Core/Src/stm32f4xx_it.o
                0x00000000080006ac                UsageFault_Handler
 .text.SVC_Handler
                0x00000000080006b2        0xe ./Core/Src/stm32f4xx_it.o
                0x00000000080006b2                SVC_Handler
 .text.DebugMon_Handler
                0x00000000080006c0        0xe ./Core/Src/stm32f4xx_it.o
                0x00000000080006c0                DebugMon_Handler
 .text.PendSV_Handler
                0x00000000080006ce        0xe ./Core/Src/stm32f4xx_it.o
                0x00000000080006ce                PendSV_Handler
 .text.SysTick_Handler
                0x00000000080006dc        0xc ./Core/Src/stm32f4xx_it.o
                0x00000000080006dc                SysTick_Handler
 .text.OTG_FS_IRQHandler
                0x00000000080006e8       0x14 ./Core/Src/stm32f4xx_it.o
                0x00000000080006e8                OTG_FS_IRQHandler
 .text.SystemInit
                0x00000000080006fc       0x24 ./Core/Src/system_stm32f4xx.o
                0x00000000080006fc                SystemInit
 .text.Reset_Handler
                0x0000000008000720       0x50 ./Core/Startup/startup_stm32f412ceux.o
                0x0000000008000720                Reset_Handler
 .text.Default_Handler
                0x0000000008000770        0x2 ./Core/Startup/startup_stm32f412ceux.o
                0x0000000008000770                RTC_Alarm_IRQHandler
                0x0000000008000770                EXTI2_IRQHandler
                0x0000000008000770                TIM8_CC_IRQHandler
                0x0000000008000770                FMPI2C1_EV_IRQHandler
                0x0000000008000770                SPI4_IRQHandler
                0x0000000008000770                TIM1_CC_IRQHandler
                0x0000000008000770                DMA2_Stream5_IRQHandler
                0x0000000008000770                DMA1_Stream5_IRQHandler
                0x0000000008000770                TIM6_IRQHandler
                0x0000000008000770                PVD_IRQHandler
                0x0000000008000770                SDIO_IRQHandler
                0x0000000008000770                TAMP_STAMP_IRQHandler
                0x0000000008000770                CAN2_RX1_IRQHandler
                0x0000000008000770                EXTI3_IRQHandler
                0x0000000008000770                TIM8_TRG_COM_TIM14_IRQHandler
                0x0000000008000770                DFSDM1_FLT1_IRQHandler
                0x0000000008000770                TIM1_UP_TIM10_IRQHandler
                0x0000000008000770                TIM8_UP_TIM13_IRQHandler
                0x0000000008000770                I2C3_ER_IRQHandler
                0x0000000008000770                EXTI0_IRQHandler
                0x0000000008000770                I2C2_EV_IRQHandler
                0x0000000008000770                DMA1_Stream2_IRQHandler
                0x0000000008000770                CAN1_RX0_IRQHandler
                0x0000000008000770                FPU_IRQHandler
                0x0000000008000770                CAN2_SCE_IRQHandler
                0x0000000008000770                DMA2_Stream2_IRQHandler
                0x0000000008000770                SPI1_IRQHandler
                0x0000000008000770                TIM1_BRK_TIM9_IRQHandler
                0x0000000008000770                CAN2_RX0_IRQHandler
                0x0000000008000770                DMA2_Stream3_IRQHandler
                0x0000000008000770                USART6_IRQHandler
                0x0000000008000770                USART3_IRQHandler
                0x0000000008000770                CAN1_RX1_IRQHandler
                0x0000000008000770                DMA2_Stream0_IRQHandler
                0x0000000008000770                TIM4_IRQHandler
                0x0000000008000770                I2C1_EV_IRQHandler
                0x0000000008000770                DMA1_Stream6_IRQHandler
                0x0000000008000770                DMA1_Stream1_IRQHandler
                0x0000000008000770                TIM3_IRQHandler
                0x0000000008000770                RCC_IRQHandler
                0x0000000008000770                TIM8_BRK_TIM12_IRQHandler
                0x0000000008000770                Default_Handler
                0x0000000008000770                EXTI15_10_IRQHandler
                0x0000000008000770                ADC_IRQHandler
                0x0000000008000770                DMA1_Stream7_IRQHandler
                0x0000000008000770                SPI5_IRQHandler
                0x0000000008000770                TIM7_IRQHandler
                0x0000000008000770                CAN2_TX_IRQHandler
                0x0000000008000770                TIM5_IRQHandler
                0x0000000008000770                DMA2_Stream7_IRQHandler
                0x0000000008000770                I2C3_EV_IRQHandler
                0x0000000008000770                EXTI9_5_IRQHandler
                0x0000000008000770                RTC_WKUP_IRQHandler
                0x0000000008000770                SPI2_IRQHandler
                0x0000000008000770                DMA1_Stream0_IRQHandler
                0x0000000008000770                CAN1_TX_IRQHandler
                0x0000000008000770                FMPI2C1_ER_IRQHandler
                0x0000000008000770                EXTI4_IRQHandler
                0x0000000008000770                RNG_IRQHandler
                0x0000000008000770                WWDG_IRQHandler
                0x0000000008000770                TIM2_IRQHandler
                0x0000000008000770                OTG_FS_WKUP_IRQHandler
                0x0000000008000770                TIM1_TRG_COM_TIM11_IRQHandler
                0x0000000008000770                EXTI1_IRQHandler
                0x0000000008000770                USART2_IRQHandler
                0x0000000008000770                DFSDM1_FLT0_IRQHandler
                0x0000000008000770                I2C2_ER_IRQHandler
                0x0000000008000770                DMA2_Stream1_IRQHandler
                0x0000000008000770                CAN1_SCE_IRQHandler
                0x0000000008000770                FLASH_IRQHandler
                0x0000000008000770                DMA2_Stream4_IRQHandler
                0x0000000008000770                USART1_IRQHandler
                0x0000000008000770                SPI3_IRQHandler
                0x0000000008000770                DMA1_Stream4_IRQHandler
                0x0000000008000770                I2C1_ER_IRQHandler
                0x0000000008000770                DMA2_Stream6_IRQHandler
                0x0000000008000770                DMA1_Stream3_IRQHandler
 *fill*         0x0000000008000772        0x2 
 .text.HAL_Init
                0x0000000008000774       0x44 ./Drivers/STM32F4xx_HAL_Driver/stm32f4xx_hal.o
                0x0000000008000774                HAL_Init
 .text.HAL_InitTick
                0x00000000080007b8       0x60 ./Drivers/STM32F4xx_HAL_Driver/stm32f4xx_hal.o
                0x00000000080007b8                HAL_InitTick
 .text.HAL_IncTick
                0x0000000008000818       0x28 ./Drivers/STM32F4xx_HAL_Driver/stm32f4xx_hal.o
                0x0000000008000818                HAL_IncTick
 .text.HAL_GetTick
                0x0000000008000840       0x18 ./Drivers/STM32F4xx_HAL_Driver/stm32f4xx_hal.o
                0x0000000008000840                HAL_GetTick
 .text.HAL_Delay
                0x0000000008000858       0x48 ./Drivers/STM32F4xx_HAL_Driver/stm32f4xx_hal.o
                0x0000000008000858                HAL_Delay
 .text.__NVIC_SetPriorityGrouping
                0x00000000080008a0       0x48 ./Drivers/STM32F4xx_HAL_Driver/stm32f4xx_hal_cortex.o
 .text.__NVIC_GetPriorityGrouping
                0x00000000080008e8       0x1c ./Drivers/STM32F4xx_HAL_Driver/stm32f4xx_hal_cortex.o
 .text.__NVIC_EnableIRQ
                0x0000000008000904       0x3c ./Drivers/STM32F4xx_HAL_Driver/stm32f4xx_hal_cortex.o
 .text.__NVIC_SetPriority
                0x0000000008000940       0x54 ./Drivers/STM32F4xx_HAL_Driver/stm32f4xx_hal_cortex.o
 .text.NVIC_EncodePriority
                0x0000000008000994       0x66 ./Drivers/STM32F4xx_HAL_Driver/stm32f4xx_hal_cortex.o
 *fill*         0x00000000080009fa        0x2 
 .text.SysTick_Config
                0x00000000080009fc       0x44 ./Drivers/STM32F4xx_HAL_Driver/stm32f4xx_hal_cortex.o
 .text.HAL_NVIC_SetPriorityGrouping
                0x0000000008000a40       0x16 ./Drivers/STM32F4xx_HAL_Driver/stm32f4xx_hal_cortex.o
                0x0000000008000a40                HAL_NVIC_SetPriorityGrouping
 .text.HAL_NVIC_SetPriority
                0x0000000008000a56       0x38 ./Drivers/STM32F4xx_HAL_Driver/stm32f4xx_hal_cortex.o
                0x0000000008000a56                HAL_NVIC_SetPriority
 .text.HAL_NVIC_EnableIRQ
                0x0000000008000a8e       0x1c ./Drivers/STM32F4xx_HAL_Driver/stm32f4xx_hal_cortex.o
                0x0000000008000a8e                HAL_NVIC_EnableIRQ
 .text.HAL_SYSTICK_Config
                0x0000000008000aaa       0x18 ./Drivers/STM32F4xx_HAL_Driver/stm32f4xx_hal_cortex.o
                0x0000000008000aaa                HAL_SYSTICK_Config
 *fill*         0x0000000008000ac2        0x2 
 .text.HAL_GPIO_Init
                0x0000000008000ac4      0x2e8 ./Drivers/STM32F4xx_HAL_Driver/stm32f4xx_hal_gpio.o
                0x0000000008000ac4                HAL_GPIO_Init
 .text.HAL_PCD_Init
                0x0000000008000dac      0x248 ./Drivers/STM32F4xx_HAL_Driver/stm32f4xx_hal_pcd.o
                0x0000000008000dac                HAL_PCD_Init
 .text.HAL_PCD_Start
                0x0000000008000ff4       0x66 ./Drivers/STM32F4xx_HAL_Driver/stm32f4xx_hal_pcd.o
                0x0000000008000ff4                HAL_PCD_Start
 .text.HAL_PCD_IRQHandler
                0x000000000800105a      0x7be ./Drivers/STM32F4xx_HAL_Driver/stm32f4xx_hal_pcd.o
                0x000000000800105a                HAL_PCD_IRQHandler
 .text.HAL_PCD_SetAddress
                0x0000000008001818       0x4a ./Drivers/STM32F4xx_HAL_Driver/stm32f4xx_hal_pcd.o
                0x0000000008001818                HAL_PCD_SetAddress
 .text.HAL_PCD_EP_Open
                0x0000000008001862       0xd0 ./Drivers/STM32F4xx_HAL_Driver/stm32f4xx_hal_pcd.o
                0x0000000008001862                HAL_PCD_EP_Open
 .text.HAL_PCD_EP_Close
                0x0000000008001932       0x94 ./Drivers/STM32F4xx_HAL_Driver/stm32f4xx_hal_pcd.o
                0x0000000008001932                HAL_PCD_EP_Close
 .text.HAL_PCD_EP_Receive
                0x00000000080019c6       0x96 ./Drivers/STM32F4xx_HAL_Driver/stm32f4xx_hal_pcd.o
                0x00000000080019c6                HAL_PCD_EP_Receive
 .text.HAL_PCD_EP_GetRxCount
                0x0000000008001a5c       0x30 ./Drivers/STM32F4xx_HAL_Driver/stm32f4xx_hal_pcd.o
                0x0000000008001a5c                HAL_PCD_EP_GetRxCount
 .text.HAL_PCD_EP_Transmit
                0x0000000008001a8c       0x94 ./Drivers/STM32F4xx_HAL_Driver/stm32f4xx_hal_pcd.o
                0x0000000008001a8c                HAL_PCD_EP_Transmit
 .text.HAL_PCD_EP_SetStall
                0x0000000008001b20       0xc8 ./Drivers/STM32F4xx_HAL_Driver/stm32f4xx_hal_pcd.o
                0x0000000008001b20                HAL_PCD_EP_SetStall
 .text.HAL_PCD_EP_ClrStall
                0x0000000008001be8       0xac ./Drivers/STM32F4xx_HAL_Driver/stm32f4xx_hal_pcd.o
                0x0000000008001be8                HAL_PCD_EP_ClrStall
 .text.PCD_WriteEmptyTxFifo
                0x0000000008001c94      0x11a ./Drivers/STM32F4xx_HAL_Driver/stm32f4xx_hal_pcd.o
 *fill*         0x0000000008001dae        0x2 
 .text.PCD_EP_OutXfrComplete_int
                0x0000000008001db0      0x218 ./Drivers/STM32F4xx_HAL_Driver/stm32f4xx_hal_pcd.o
 .text.PCD_EP_OutSetupPacket_int
                0x0000000008001fc8       0x8c ./Drivers/STM32F4xx_HAL_Driver/stm32f4xx_hal_pcd.o
 .text.HAL_PCDEx_SetTxFiFo
                0x0000000008002054       0x8e ./Drivers/STM32F4xx_HAL_Driver/stm32f4xx_hal_pcd_ex.o
                0x0000000008002054                HAL_PCDEx_SetTxFiFo
 .text.HAL_PCDEx_SetRxFiFo
                0x00000000080020e2       0x22 ./Drivers/STM32F4xx_HAL_Driver/stm32f4xx_hal_pcd_ex.o
                0x00000000080020e2                HAL_PCDEx_SetRxFiFo
 .text.HAL_PCDEx_ActivateLPM
                0x0000000008002104       0x48 ./Drivers/STM32F4xx_HAL_Driver/stm32f4xx_hal_pcd_ex.o
                0x0000000008002104                HAL_PCDEx_ActivateLPM
 .text.HAL_RCC_ClockConfig
                0x000000000800214c      0x1cc ./Drivers/STM32F4xx_HAL_Driver/stm32f4xx_hal_rcc.o
                0x000000000800214c                HAL_RCC_ClockConfig
 .text.HAL_RCC_GetSysClockFreq
                0x0000000008002318      0x1c0 ./Drivers/STM32F4xx_HAL_Driver/stm32f4xx_hal_rcc.o
                0x0000000008002318                HAL_RCC_GetSysClockFreq
 .text.HAL_RCC_GetHCLKFreq
                0x00000000080024d8       0x18 ./Drivers/STM32F4xx_HAL_Driver/stm32f4xx_hal_rcc.o
                0x00000000080024d8                HAL_RCC_GetHCLKFreq
 .text.HAL_RCCEx_PeriphCLKConfig
                0x00000000080024f0      0x39c ./Drivers/STM32F4xx_HAL_Driver/stm32f4xx_hal_rcc_ex.o
                0x00000000080024f0                HAL_RCCEx_PeriphCLKConfig
 .text.HAL_RCC_OscConfig
                0x000000000800288c      0x508 ./Drivers/STM32F4xx_HAL_Driver/stm32f4xx_hal_rcc_ex.o
                0x000000000800288c                HAL_RCC_OscConfig
 .text.USB_CoreInit
                0x0000000008002d94       0xc2 ./Drivers/STM32F4xx_HAL_Driver/stm32f4xx_ll_usb.o
                0x0000000008002d94                USB_CoreInit
 *fill*         0x0000000008002e56        0x2 
 .text.USB_SetTurnaroundTime
                0x0000000008002e58      0x144 ./Drivers/STM32F4xx_HAL_Driver/stm32f4xx_ll_usb.o
                0x0000000008002e58                USB_SetTurnaroundTime
 .text.USB_EnableGlobalInt
                0x0000000008002f9c       0x22 ./Drivers/STM32F4xx_HAL_Driver/stm32f4xx_ll_usb.o
                0x0000000008002f9c                USB_EnableGlobalInt
 .text.USB_DisableGlobalInt
                0x0000000008002fbe       0x22 ./Drivers/STM32F4xx_HAL_Driver/stm32f4xx_ll_usb.o
                0x0000000008002fbe                USB_DisableGlobalInt
 .text.USB_SetCurrentMode
                0x0000000008002fe0       0x98 ./Drivers/STM32F4xx_HAL_Driver/stm32f4xx_ll_usb.o
                0x0000000008002fe0                USB_SetCurrentMode
 .text.USB_DevInit
                0x0000000008003078      0x2bc ./Drivers/STM32F4xx_HAL_Driver/stm32f4xx_ll_usb.o
                0x0000000008003078                USB_DevInit
 .text.USB_FlushTxFifo
                0x0000000008003334       0x48 ./Drivers/STM32F4xx_HAL_Driver/stm32f4xx_ll_usb.o
                0x0000000008003334                USB_FlushTxFifo
 .text.USB_FlushRxFifo
                0x000000000800337c       0x40 ./Drivers/STM32F4xx_HAL_Driver/stm32f4xx_ll_usb.o
                0x000000000800337c                USB_FlushRxFifo
 .text.USB_SetDevSpeed
                0x00000000080033bc       0x32 ./Drivers/STM32F4xx_HAL_Driver/stm32f4xx_ll_usb.o
                0x00000000080033bc                USB_SetDevSpeed
 .text.USB_GetDevSpeed
                0x00000000080033ee       0x4a ./Drivers/STM32F4xx_HAL_Driver/stm32f4xx_ll_usb.o
                0x00000000080033ee                USB_GetDevSpeed
 .text.USB_ActivateEndpoint
                0x0000000008003438      0x10e ./Drivers/STM32F4xx_HAL_Driver/stm32f4xx_ll_usb.o
                0x0000000008003438                USB_ActivateEndpoint
 *fill*         0x0000000008003546        0x2 
 .text.USB_DeactivateEndpoint
                0x0000000008003548      0x1b8 ./Drivers/STM32F4xx_HAL_Driver/stm32f4xx_ll_usb.o
                0x0000000008003548                USB_DeactivateEndpoint
 .text.USB_EPStartXfer
                0x0000000008003700      0x488 ./Drivers/STM32F4xx_HAL_Driver/stm32f4xx_ll_usb.o
                0x0000000008003700                USB_EPStartXfer
 .text.USB_EP0StartXfer
                0x0000000008003b88      0x2a6 ./Drivers/STM32F4xx_HAL_Driver/stm32f4xx_ll_usb.o
                0x0000000008003b88                USB_EP0StartXfer
 .text.USB_WritePacket
                0x0000000008003e2e       0x7c ./Drivers/STM32F4xx_HAL_Driver/stm32f4xx_ll_usb.o
                0x0000000008003e2e                USB_WritePacket
 .text.USB_ReadPacket
                0x0000000008003eaa       0xb0 ./Drivers/STM32F4xx_HAL_Driver/stm32f4xx_ll_usb.o
                0x0000000008003eaa                USB_ReadPacket
 .text.USB_EPSetStall
                0x0000000008003f5a       0xdc ./Drivers/STM32F4xx_HAL_Driver/stm32f4xx_ll_usb.o
                0x0000000008003f5a                USB_EPSetStall
 .text.USB_EPClearStall
                0x0000000008004036       0xcc ./Drivers/STM32F4xx_HAL_Driver/stm32f4xx_ll_usb.o
                0x0000000008004036                USB_EPClearStall
 .text.USB_SetDevAddress
                0x0000000008004102       0x4c ./Drivers/STM32F4xx_HAL_Driver/stm32f4xx_ll_usb.o
                0x0000000008004102                USB_SetDevAddress
 .text.USB_DevConnect
                0x000000000800414e       0x42 ./Drivers/STM32F4xx_HAL_Driver/stm32f4xx_ll_usb.o
                0x000000000800414e                USB_DevConnect
 .text.USB_DevDisconnect
                0x0000000008004190       0x42 ./Drivers/STM32F4xx_HAL_Driver/stm32f4xx_ll_usb.o
                0x0000000008004190                USB_DevDisconnect
 .text.USB_ReadInterrupts
                0x00000000080041d2       0x26 ./Drivers/STM32F4xx_HAL_Driver/stm32f4xx_ll_usb.o
                0x00000000080041d2                USB_ReadInterrupts
 .text.USB_ReadDevAllOutEpInterrupt
                0x00000000080041f8       0x34 ./Drivers/STM32F4xx_HAL_Driver/stm32f4xx_ll_usb.o
                0x00000000080041f8                USB_ReadDevAllOutEpInterrupt
 .text.USB_ReadDevAllInEpInterrupt
                0x000000000800422c       0x34 ./Drivers/STM32F4xx_HAL_Driver/stm32f4xx_ll_usb.o
                0x000000000800422c                USB_ReadDevAllInEpInterrupt
 .text.USB_ReadDevOutEPInterrupt
                0x0000000008004260       0x3c ./Drivers/STM32F4xx_HAL_Driver/stm32f4xx_ll_usb.o
                0x0000000008004260                USB_ReadDevOutEPInterrupt
 .text.USB_ReadDevInEPInterrupt
                0x000000000800429c       0x5c ./Drivers/STM32F4xx_HAL_Driver/stm32f4xx_ll_usb.o
                0x000000000800429c                USB_ReadDevInEPInterrupt
 .text.USB_GetMode
                0x00000000080042f8       0x1c ./Drivers/STM32F4xx_HAL_Driver/stm32f4xx_ll_usb.o
                0x00000000080042f8                USB_GetMode
 .text.USB_ActivateSetup
                0x0000000008004314       0x46 ./Drivers/STM32F4xx_HAL_Driver/stm32f4xx_ll_usb.o
                0x0000000008004314                USB_ActivateSetup
 *fill*         0x000000000800435a        0x2 
 .text.USB_EP0_OutStart
                0x000000000800435c       0xbc ./Drivers/STM32F4xx_HAL_Driver/stm32f4xx_ll_usb.o
                0x000000000800435c                USB_EP0_OutStart
 .text.USB_CoreReset
                0x0000000008004418       0x64 ./Drivers/STM32F4xx_HAL_Driver/stm32f4xx_ll_usb.o
 .text.USBD_CDC_Init
                0x000000000800447c       0xfe ./Middlewares/USB_Device_Library/usbd_cdc.o
 .text.USBD_CDC_DeInit
                0x000000000800457a       0x74 ./Middlewares/USB_Device_Library/usbd_cdc.o
 *fill*         0x00000000080045ee        0x2 
 .text.USBD_CDC_Setup
                0x00000000080045f0      0x190 ./Middlewares/USB_Device_Library/usbd_cdc.o
 .text.USBD_CDC_DataIn
                0x0000000008004780       0xca ./Middlewares/USB_Device_Library/usbd_cdc.o
 .text.USBD_CDC_DataOut
                0x000000000800484a       0x56 ./Middlewares/USB_Device_Library/usbd_cdc.o
 .text.USBD_CDC_EP0_RxReady
                0x00000000080048a0       0x5a ./Middlewares/USB_Device_Library/usbd_cdc.o
 *fill*         0x00000000080048fa        0x2 
 .text.USBD_CDC_GetFSCfgDesc
                0x00000000080048fc       0x20 ./Middlewares/USB_Device_Library/usbd_cdc.o
 .text.USBD_CDC_GetHSCfgDesc
                0x000000000800491c       0x20 ./Middlewares/USB_Device_Library/usbd_cdc.o
 .text.USBD_CDC_GetOtherSpeedCfgDesc
                0x000000000800493c       0x20 ./Middlewares/USB_Device_Library/usbd_cdc.o
 .text.USBD_CDC_GetDeviceQualifierDescriptor
                0x000000000800495c       0x20 ./Middlewares/USB_Device_Library/usbd_cdc.o
                0x000000000800495c                USBD_CDC_GetDeviceQualifierDescriptor
 .text.USBD_CDC_RegisterInterface
                0x000000000800497c       0x2a ./Middlewares/USB_Device_Library/usbd_cdc.o
                0x000000000800497c                USBD_CDC_RegisterInterface
 .text.USBD_CDC_SetTxBuffer
                0x00000000080049a6       0x3c ./Middlewares/USB_Device_Library/usbd_cdc.o
                0x00000000080049a6                USBD_CDC_SetTxBuffer
 .text.USBD_CDC_SetRxBuffer
                0x00000000080049e2       0x32 ./Middlewares/USB_Device_Library/usbd_cdc.o
                0x00000000080049e2                USBD_CDC_SetRxBuffer
 .text.USBD_CDC_ReceivePacket
                0x0000000008004a14       0x54 ./Middlewares/USB_Device_Library/usbd_cdc.o
                0x0000000008004a14                USBD_CDC_ReceivePacket
 .text.USBD_Init
                0x0000000008004a68       0x60 ./Middlewares/USB_Device_Library/usbd_core.o
                0x0000000008004a68                USBD_Init
 .text.USBD_RegisterClass
                0x0000000008004ac8       0x4e ./Middlewares/USB_Device_Library/usbd_core.o
                0x0000000008004ac8                USBD_RegisterClass
 .text.USBD_Start
                0x0000000008004b16       0x18 ./Middlewares/USB_Device_Library/usbd_core.o
                0x0000000008004b16                USBD_Start
 .text.USBD_RunTestMode
                0x0000000008004b2e       0x16 ./Middlewares/USB_Device_Library/usbd_core.o
                0x0000000008004b2e                USBD_RunTestMode
 .text.USBD_SetClassConfig
                0x0000000008004b44       0x38 ./Middlewares/USB_Device_Library/usbd_core.o
                0x0000000008004b44                USBD_SetClassConfig
 .text.USBD_ClrClassConfig
                0x0000000008004b7c       0x30 ./Middlewares/USB_Device_Library/usbd_core.o
                0x0000000008004b7c                USBD_ClrClassConfig
 .text.USBD_LL_SetupStage
                0x0000000008004bac       0xaa ./Middlewares/USB_Device_Library/usbd_core.o
                0x0000000008004bac                USBD_LL_SetupStage
 .text.USBD_LL_DataOutStage
                0x0000000008004c56       0xc6 ./Middlewares/USB_Device_Library/usbd_core.o
                0x0000000008004c56                USBD_LL_DataOutStage
 .text.USBD_LL_DataInStage
                0x0000000008004d1c      0x12c ./Middlewares/USB_Device_Library/usbd_core.o
                0x0000000008004d1c                USBD_LL_DataInStage
 .text.USBD_LL_Reset
                0x0000000008004e48       0x9c ./Middlewares/USB_Device_Library/usbd_core.o
                0x0000000008004e48                USBD_LL_Reset
 .text.USBD_LL_SetSpeed
                0x0000000008004ee4       0x20 ./Middlewares/USB_Device_Library/usbd_core.o
                0x0000000008004ee4                USBD_LL_SetSpeed
 .text.USBD_LL_Suspend
                0x0000000008004f04       0x2c ./Middlewares/USB_Device_Library/usbd_core.o
                0x0000000008004f04                USBD_LL_Suspend
 .text.USBD_LL_Resume
                0x0000000008004f30       0x30 ./Middlewares/USB_Device_Library/usbd_core.o
                0x0000000008004f30                USBD_LL_Resume
 .text.USBD_LL_SOF
                0x0000000008004f60       0x44 ./Middlewares/USB_Device_Library/usbd_core.o
                0x0000000008004f60                USBD_LL_SOF
 .text.USBD_LL_IsoINIncomplete
                0x0000000008004fa4       0x4c ./Middlewares/USB_Device_Library/usbd_core.o
                0x0000000008004fa4                USBD_LL_IsoINIncomplete
 .text.USBD_LL_IsoOUTIncomplete
                0x0000000008004ff0       0x4c ./Middlewares/USB_Device_Library/usbd_core.o
                0x0000000008004ff0                USBD_LL_IsoOUTIncomplete
 .text.USBD_LL_DevConnected
                0x000000000800503c       0x16 ./Middlewares/USB_Device_Library/usbd_core.o
                0x000000000800503c                USBD_LL_DevConnected
 .text.USBD_LL_DevDisconnected
                0x0000000008005052       0x38 ./Middlewares/USB_Device_Library/usbd_core.o
                0x0000000008005052                USBD_LL_DevDisconnected
 .text.SWAPBYTE
                0x000000000800508a       0x3c ./Middlewares/USB_Device_Library/usbd_ctlreq.o
 *fill*         0x00000000080050c6        0x2 
 .text.USBD_StdDevReq
                0x00000000080050c8       0xdc ./Middlewares/USB_Device_Library/usbd_ctlreq.o
                0x00000000080050c8                USBD_StdDevReq
 .text.USBD_StdItfReq
                0x00000000080051a4       0x92 ./Middlewares/USB_Device_Library/usbd_ctlreq.o
                0x00000000080051a4                USBD_StdItfReq
 .text.USBD_StdEPReq
                0x0000000008005236      0x2c4 ./Middlewares/USB_Device_Library/usbd_ctlreq.o
                0x0000000008005236                USBD_StdEPReq
 *fill*         0x00000000080054fa        0x2 
 .text.USBD_GetDescriptor
                0x00000000080054fc      0x328 ./Middlewares/USB_Device_Library/usbd_ctlreq.o
 .text.USBD_SetAddress
                0x0000000008005824       0x88 ./Middlewares/USB_Device_Library/usbd_ctlreq.o
 .text.USBD_SetConfig
                0x00000000080058ac      0x14c ./Middlewares/USB_Device_Library/usbd_ctlreq.o
 .text.USBD_GetConfig
                0x00000000080059f8       0x6c ./Middlewares/USB_Device_Library/usbd_ctlreq.o
 .text.USBD_GetStatus
                0x0000000008005a64       0x68 ./Middlewares/USB_Device_Library/usbd_ctlreq.o
 .text.USBD_SetFeature
                0x0000000008005acc       0x28 ./Middlewares/USB_Device_Library/usbd_ctlreq.o
 .text.USBD_ClrFeature
                0x0000000008005af4       0x44 ./Middlewares/USB_Device_Library/usbd_ctlreq.o
 .text.USBD_ParseSetupRequest
                0x0000000008005b38       0x74 ./Middlewares/USB_Device_Library/usbd_ctlreq.o
                0x0000000008005b38                USBD_ParseSetupRequest
 .text.USBD_CtlError
                0x0000000008005bac       0x22 ./Middlewares/USB_Device_Library/usbd_ctlreq.o
                0x0000000008005bac                USBD_CtlError
 .text.USBD_GetString
                0x0000000008005bce       0x8c ./Middlewares/USB_Device_Library/usbd_ctlreq.o
                0x0000000008005bce                USBD_GetString
 .text.USBD_GetLen
                0x0000000008005c5a       0x34 ./Middlewares/USB_Device_Library/usbd_ctlreq.o
 .text.USBD_CtlSendData
                0x0000000008005c8e       0x36 ./Middlewares/USB_Device_Library/usbd_ioreq.o
                0x0000000008005c8e                USBD_CtlSendData
 .text.USBD_CtlContinueSendData
                0x0000000008005cc4       0x22 ./Middlewares/USB_Device_Library/usbd_ioreq.o
                0x0000000008005cc4                USBD_CtlContinueSendData
 .text.USBD_CtlPrepareRx
                0x0000000008005ce6       0x3a ./Middlewares/USB_Device_Library/usbd_ioreq.o
                0x0000000008005ce6                USBD_CtlPrepareRx
 .text.USBD_CtlContinueRx
                0x0000000008005d20       0x22 ./Middlewares/USB_Device_Library/usbd_ioreq.o
                0x0000000008005d20                USBD_CtlContinueRx
 .text.USBD_CtlSendStatus
                0x0000000008005d42       0x26 ./Middlewares/USB_Device_Library/usbd_ioreq.o
                0x0000000008005d42                USBD_CtlSendStatus
 .text.USBD_CtlReceiveStatus
                0x0000000008005d68       0x26 ./Middlewares/USB_Device_Library/usbd_ioreq.o
                0x0000000008005d68                USBD_CtlReceiveStatus
 *fill*         0x0000000008005d8e        0x2 
 .text.MX_USB_DEVICE_Init
                0x0000000008005d90       0x60 ./USB_DEVICE/App/usb_device.o
                0x0000000008005d90                MX_USB_DEVICE_Init
 .text.CDC_Init_FS
                0x0000000008005df0       0x28 ./USB_DEVICE/App/usbd_cdc_if.o
 .text.CDC_DeInit_FS
                0x0000000008005e18       0x10 ./USB_DEVICE/App/usbd_cdc_if.o
 .text.CDC_Control_FS
                0x0000000008005e28       0xbc ./USB_DEVICE/App/usbd_cdc_if.o
 .text.CDC_Receive_FS
                0x0000000008005ee4       0x28 ./USB_DEVICE/App/usbd_cdc_if.o
 .text.CDC_TransmitCplt_FS
                0x0000000008005f0c       0x22 ./USB_DEVICE/App/usbd_cdc_if.o
 *fill*         0x0000000008005f2e        0x2 
 .text.USBD_FS_DeviceDescriptor
                0x0000000008005f30       0x24 ./USB_DEVICE/App/usbd_desc.o
                0x0000000008005f30                USBD_FS_DeviceDescriptor
 .text.USBD_FS_LangIDStrDescriptor
                0x0000000008005f54       0x24 ./USB_DEVICE/App/usbd_desc.o
                0x0000000008005f54                USBD_FS_LangIDStrDescriptor
 .text.USBD_FS_ProductStrDescriptor
                0x0000000008005f78       0x3c ./USB_DEVICE/App/usbd_desc.o
                0x0000000008005f78                USBD_FS_ProductStrDescriptor
 .text.USBD_FS_ManufacturerStrDescriptor
                0x0000000008005fb4       0x28 ./USB_DEVICE/App/usbd_desc.o
                0x0000000008005fb4                USBD_FS_ManufacturerStrDescriptor
 .text.USBD_FS_SerialStrDescriptor
                0x0000000008005fdc       0x24 ./USB_DEVICE/App/usbd_desc.o
                0x0000000008005fdc                USBD_FS_SerialStrDescriptor
 .text.USBD_FS_ConfigStrDescriptor
                0x0000000008006000       0x3c ./USB_DEVICE/App/usbd_desc.o
                0x0000000008006000                USBD_FS_ConfigStrDescriptor
 .text.USBD_FS_InterfaceStrDescriptor
                0x000000000800603c       0x3c ./USB_DEVICE/App/usbd_desc.o
                0x000000000800603c                USBD_FS_InterfaceStrDescriptor
 .text.USBD_FS_USR_BOSDescriptor
                0x0000000008006078       0x24 ./USB_DEVICE/App/usbd_desc.o
                0x0000000008006078                USBD_FS_USR_BOSDescriptor
 .text.Get_SerialNum
                0x000000000800609c       0x58 ./USB_DEVICE/App/usbd_desc.o
 .text.IntToUnicode
                0x00000000080060f4       0x7e ./USB_DEVICE/App/usbd_desc.o
 *fill*         0x0000000008006172        0x2 
 .text.HAL_PCD_MspInit
                0x0000000008006174       0xd4 ./USB_DEVICE/Target/usbd_conf.o
                0x0000000008006174                HAL_PCD_MspInit
 .text.HAL_PCD_SetupStageCallback
                0x0000000008006248       0x24 ./USB_DEVICE/Target/usbd_conf.o
                0x0000000008006248                HAL_PCD_SetupStageCallback
 .text.HAL_PCD_DataOutStageCallback
                0x000000000800626c       0x36 ./USB_DEVICE/Target/usbd_conf.o
                0x000000000800626c                HAL_PCD_DataOutStageCallback
 .text.HAL_PCD_DataInStageCallback
                0x00000000080062a2       0x34 ./USB_DEVICE/Target/usbd_conf.o
                0x00000000080062a2                HAL_PCD_DataInStageCallback
 .text.HAL_PCD_SOFCallback
                0x00000000080062d6       0x1c ./USB_DEVICE/Target/usbd_conf.o
                0x00000000080062d6                HAL_PCD_SOFCallback
 .text.HAL_PCD_ResetCallback
                0x00000000080062f2       0x3c ./USB_DEVICE/Target/usbd_conf.o
                0x00000000080062f2                HAL_PCD_ResetCallback
 *fill*         0x000000000800632e        0x2 
 .text.HAL_PCD_SuspendCallback
                0x0000000008006330       0x4c ./USB_DEVICE/Target/usbd_conf.o
                0x0000000008006330                HAL_PCD_SuspendCallback
 .text.HAL_PCD_ResumeCallback
                0x000000000800637c       0x1c ./USB_DEVICE/Target/usbd_conf.o
                0x000000000800637c                HAL_PCD_ResumeCallback
 .text.HAL_PCD_ISOOUTIncompleteCallback
                0x0000000008006398       0x24 ./USB_DEVICE/Target/usbd_conf.o
                0x0000000008006398                HAL_PCD_ISOOUTIncompleteCallback
 .text.HAL_PCD_ISOINIncompleteCallback
                0x00000000080063bc       0x24 ./USB_DEVICE/Target/usbd_conf.o
                0x00000000080063bc                HAL_PCD_ISOINIncompleteCallback
 .text.HAL_PCD_ConnectCallback
                0x00000000080063e0       0x1c ./USB_DEVICE/Target/usbd_conf.o
                0x00000000080063e0                HAL_PCD_ConnectCallback
 .text.HAL_PCD_DisconnectCallback
                0x00000000080063fc       0x1c ./USB_DEVICE/Target/usbd_conf.o
                0x00000000080063fc                HAL_PCD_DisconnectCallback
 .text.USBD_LL_Init
                0x0000000008006418       0xa0 ./USB_DEVICE/Target/usbd_conf.o
                0x0000000008006418                USBD_LL_Init
 .text.USBD_LL_Start
                0x00000000080064b8       0x36 ./USB_DEVICE/Target/usbd_conf.o
                0x00000000080064b8                USBD_LL_Start
 .text.USBD_LL_OpenEP
                0x00000000080064ee       0x4c ./USB_DEVICE/Target/usbd_conf.o
                0x00000000080064ee                USBD_LL_OpenEP
 .text.USBD_LL_CloseEP
                0x000000000800653a       0x3e ./USB_DEVICE/Target/usbd_conf.o
                0x000000000800653a                USBD_LL_CloseEP
 .text.USBD_LL_StallEP
                0x0000000008006578       0x3e ./USB_DEVICE/Target/usbd_conf.o
                0x0000000008006578                USBD_LL_StallEP
 .text.USBD_LL_ClearStallEP
                0x00000000080065b6       0x3e ./USB_DEVICE/Target/usbd_conf.o
                0x00000000080065b6                USBD_LL_ClearStallEP
 .text.USBD_LL_IsStallEP
                0x00000000080065f4       0x58 ./USB_DEVICE/Target/usbd_conf.o
                0x00000000080065f4                USBD_LL_IsStallEP
 .text.USBD_LL_SetUSBAddress
                0x000000000800664c       0x3e ./USB_DEVICE/Target/usbd_conf.o
                0x000000000800664c                USBD_LL_SetUSBAddress
 .text.USBD_LL_Transmit
                0x000000000800668a       0x42 ./USB_DEVICE/Target/usbd_conf.o
                0x000000000800668a                USBD_LL_Transmit
 .text.USBD_LL_PrepareReceive
                0x00000000080066cc       0x42 ./USB_DEVICE/Target/usbd_conf.o
                0x00000000080066cc                USBD_LL_PrepareReceive
 .text.USBD_LL_GetRxDataSize
                0x000000000800670e       0x26 ./USB_DEVICE/Target/usbd_conf.o
                0x000000000800670e                USBD_LL_GetRxDataSize
 .text.HAL_PCDEx_LPM_Callback
                0x0000000008006734       0x9c ./USB_DEVICE/Target/usbd_conf.o
                0x0000000008006734                HAL_PCDEx_LPM_Callback
 .text.USBD_static_malloc
                0x00000000080067d0       0x1c ./USB_DEVICE/Target/usbd_conf.o
                0x00000000080067d0                USBD_static_malloc
 .text.USBD_static_free
                0x00000000080067ec       0x14 ./USB_DEVICE/Target/usbd_conf.o
                0x00000000080067ec                USBD_static_free
 .text.USBD_Get_USB_Status
                0x0000000008006800       0x58 ./USB_DEVICE/Target/usbd_conf.o
                0x0000000008006800                USBD_Get_USB_Status
 .text.__libc_init_array
                0x0000000008006858       0x48 d:/st/stm32cubeide_1.8.0/stm32cubeide/plugins/com.st.stm32cube.ide.mcu.externaltools.gnu-tools-for-stm32.9-2020-q2-update.win32_2.0.0.202105311346/tools/bin/../lib/gcc/arm-none-eabi/9.3.1/../../../../arm-none-eabi/lib/thumb/v7e-m+fp/hard\libc_nano.a(lib_a-init.o)
                0x0000000008006858                __libc_init_array
 .text.memset   0x00000000080068a0       0x10 d:/st/stm32cubeide_1.8.0/stm32cubeide/plugins/com.st.stm32cube.ide.mcu.externaltools.gnu-tools-for-stm32.9-2020-q2-update.win32_2.0.0.202105311346/tools/bin/../lib/gcc/arm-none-eabi/9.3.1/../../../../arm-none-eabi/lib/thumb/v7e-m+fp/hard\libc_nano.a(lib_a-memset.o)
                0x00000000080068a0                memset
 *(.glue_7)
 .glue_7        0x00000000080068b0        0x0 linker stubs
 *(.glue_7t)
 .glue_7t       0x00000000080068b0        0x0 linker stubs
 *(.eh_frame)
 .eh_frame      0x00000000080068b0        0x0 d:/st/stm32cubeide_1.8.0/stm32cubeide/plugins/com.st.stm32cube.ide.mcu.externaltools.gnu-tools-for-stm32.9-2020-q2-update.win32_2.0.0.202105311346/tools/bin/../lib/gcc/arm-none-eabi/9.3.1/thumb/v7e-m+fp/hard/crtbegin.o
 *(.init)
 .init          0x00000000080068b0        0x4 d:/st/stm32cubeide_1.8.0/stm32cubeide/plugins/com.st.stm32cube.ide.mcu.externaltools.gnu-tools-for-stm32.9-2020-q2-update.win32_2.0.0.202105311346/tools/bin/../lib/gcc/arm-none-eabi/9.3.1/thumb/v7e-m+fp/hard/crti.o
                0x00000000080068b0                _init
 .init          0x00000000080068b4        0x8 d:/st/stm32cubeide_1.8.0/stm32cubeide/plugins/com.st.stm32cube.ide.mcu.externaltools.gnu-tools-for-stm32.9-2020-q2-update.win32_2.0.0.202105311346/tools/bin/../lib/gcc/arm-none-eabi/9.3.1/thumb/v7e-m+fp/hard/crtn.o
 *(.fini)
 .fini          0x00000000080068bc        0x4 d:/st/stm32cubeide_1.8.0/stm32cubeide/plugins/com.st.stm32cube.ide.mcu.externaltools.gnu-tools-for-stm32.9-2020-q2-update.win32_2.0.0.202105311346/tools/bin/../lib/gcc/arm-none-eabi/9.3.1/thumb/v7e-m+fp/hard/crti.o
                0x00000000080068bc                _fini
 .fini          0x00000000080068c0        0x8 d:/st/stm32cubeide_1.8.0/stm32cubeide/plugins/com.st.stm32cube.ide.mcu.externaltools.gnu-tools-for-stm32.9-2020-q2-update.win32_2.0.0.202105311346/tools/bin/../lib/gcc/arm-none-eabi/9.3.1/thumb/v7e-m+fp/hard/crtn.o
                0x00000000080068c8                . = ALIGN (0x4)
                0x00000000080068c8                _etext = .

.vfp11_veneer   0x00000000080068c8        0x0
 .vfp11_veneer  0x00000000080068c8        0x0 linker stubs

.v4_bx          0x00000000080068c8        0x0
 .v4_bx         0x00000000080068c8        0x0 linker stubs

.iplt           0x00000000080068c8        0x0
 .iplt          0x00000000080068c8        0x0 d:/st/stm32cubeide_1.8.0/stm32cubeide/plugins/com.st.stm32cube.ide.mcu.externaltools.gnu-tools-for-stm32.9-2020-q2-update.win32_2.0.0.202105311346/tools/bin/../lib/gcc/arm-none-eabi/9.3.1/thumb/v7e-m+fp/hard/crtbegin.o

.rodata         0x00000000080068c8       0x58
                0x00000000080068c8                . = ALIGN (0x4)
 *(.rodata)
 .rodata        0x00000000080068c8       0x46 ./USB_DEVICE/App/usbd_desc.o
 *(.rodata*)
 *fill*         0x000000000800690e        0x2 
 .rodata.AHBPrescTable
                0x0000000008006910       0x10 ./Core/Src/system_stm32f4xx.o
                0x0000000008006910                AHBPrescTable
                0x0000000008006920                . = ALIGN (0x4)

.ARM.extab      0x0000000008006920        0x0
                0x0000000008006920                . = ALIGN (0x4)
 *(.ARM.extab* .gnu.linkonce.armextab.*)
                0x0000000008006920                . = ALIGN (0x4)

.ARM            0x0000000008006920        0x8
                0x0000000008006920                . = ALIGN (0x4)
                0x0000000008006920                __exidx_start = .
 *(.ARM.exidx*)
 .ARM.exidx     0x0000000008006920        0x8 d:/st/stm32cubeide_1.8.0/stm32cubeide/plugins/com.st.stm32cube.ide.mcu.externaltools.gnu-tools-for-stm32.9-2020-q2-update.win32_2.0.0.202105311346/tools/bin/../lib/gcc/arm-none-eabi/9.3.1/thumb/v7e-m+fp/hard\libgcc.a(_udivmoddi4.o)
                0x0000000008006928                __exidx_end = .
                0x0000000008006928                . = ALIGN (0x4)

.rel.dyn        0x0000000008006928        0x0
 .rel.iplt      0x0000000008006928        0x0 d:/st/stm32cubeide_1.8.0/stm32cubeide/plugins/com.st.stm32cube.ide.mcu.externaltools.gnu-tools-for-stm32.9-2020-q2-update.win32_2.0.0.202105311346/tools/bin/../lib/gcc/arm-none-eabi/9.3.1/thumb/v7e-m+fp/hard/crtbegin.o

.preinit_array  0x0000000008006928        0x0
                0x0000000008006928                . = ALIGN (0x4)
                0x0000000008006928                PROVIDE (__preinit_array_start = .)
 *(.preinit_array*)
                0x0000000008006928                PROVIDE (__preinit_array_end = .)
                0x0000000008006928                . = ALIGN (0x4)

.init_array     0x0000000008006928        0x4
                0x0000000008006928                . = ALIGN (0x4)
                0x0000000008006928                PROVIDE (__init_array_start = .)
 *(SORT_BY_NAME(.init_array.*))
 *(.init_array*)
 .init_array    0x0000000008006928        0x4 d:/st/stm32cubeide_1.8.0/stm32cubeide/plugins/com.st.stm32cube.ide.mcu.externaltools.gnu-tools-for-stm32.9-2020-q2-update.win32_2.0.0.202105311346/tools/bin/../lib/gcc/arm-none-eabi/9.3.1/thumb/v7e-m+fp/hard/crtbegin.o
                0x000000000800692c                PROVIDE (__init_array_end = .)
                0x000000000800692c                . = ALIGN (0x4)

.fini_array     0x000000000800692c        0x4
                0x000000000800692c                . = ALIGN (0x4)
                [!provide]                        PROVIDE (__fini_array_start = .)
 *(SORT_BY_NAME(.fini_array.*))
 *(.fini_array*)
 .fini_array    0x000000000800692c        0x4 d:/st/stm32cubeide_1.8.0/stm32cubeide/plugins/com.st.stm32cube.ide.mcu.externaltools.gnu-tools-for-stm32.9-2020-q2-update.win32_2.0.0.202105311346/tools/bin/../lib/gcc/arm-none-eabi/9.3.1/thumb/v7e-m+fp/hard/crtbegin.o
                [!provide]                        PROVIDE (__fini_array_end = .)
                0x0000000008006930                . = ALIGN (0x4)
                0x0000000008006930                _sidata = LOADADDR (.data)

.data           0x0000000020000000      0x190 load address 0x0000000008006930
                0x0000000020000000                . = ALIGN (0x4)
                0x0000000020000000                _sdata = .
 *(.data)
 *(.data*)
 .data.SystemCoreClock
                0x0000000020000000        0x4 ./Core/Src/system_stm32f4xx.o
                0x0000000020000000                SystemCoreClock
 .data.uwTickPrio
                0x0000000020000004        0x4 ./Drivers/STM32F4xx_HAL_Driver/stm32f4xx_hal.o
                0x0000000020000004                uwTickPrio
 .data.uwTickFreq
                0x0000000020000008        0x1 ./Drivers/STM32F4xx_HAL_Driver/stm32f4xx_hal.o
                0x0000000020000008                uwTickFreq
 *fill*         0x0000000020000009        0x3 
 .data.USBD_CDC_DeviceQualifierDesc
                0x000000002000000c        0xa ./Middlewares/USB_Device_Library/usbd_cdc.o
 *fill*         0x0000000020000016        0x2 
 .data.USBD_CDC
                0x0000000020000018       0x38 ./Middlewares/USB_Device_Library/usbd_cdc.o
                0x0000000020000018                USBD_CDC
 .data.USBD_CDC_CfgHSDesc
                0x0000000020000050       0x43 ./Middlewares/USB_Device_Library/usbd_cdc.o
 *fill*         0x0000000020000093        0x1 
 .data.USBD_CDC_CfgFSDesc
                0x0000000020000094       0x43 ./Middlewares/USB_Device_Library/usbd_cdc.o
 *fill*         0x00000000200000d7        0x1 
 .data.USBD_CDC_OtherSpeedCfgDesc
                0x00000000200000d8       0x43 ./Middlewares/USB_Device_Library/usbd_cdc.o
 *fill*         0x000000002000011b        0x1 
 .data.USBD_Interface_fops_FS
                0x000000002000011c       0x14 ./USB_DEVICE/App/usbd_cdc_if.o
                0x000000002000011c                USBD_Interface_fops_FS
 .data.FS_Desc  0x0000000020000130       0x20 ./USB_DEVICE/App/usbd_desc.o
                0x0000000020000130                FS_Desc
 .data.USBD_FS_DeviceDesc
                0x0000000020000150       0x12 ./USB_DEVICE/App/usbd_desc.o
                0x0000000020000150                USBD_FS_DeviceDesc
 *fill*         0x0000000020000162        0x2 
 .data.USBD_FS_BOSDesc
                0x0000000020000164        0xc ./USB_DEVICE/App/usbd_desc.o
                0x0000000020000164                USBD_FS_BOSDesc
 .data.USBD_LangIDDesc
                0x0000000020000170        0x4 ./USB_DEVICE/App/usbd_desc.o
                0x0000000020000170                USBD_LangIDDesc
 .data.USBD_StringSerial
                0x0000000020000174       0x1a ./USB_DEVICE/App/usbd_desc.o
                0x0000000020000174                USBD_StringSerial
 *(.RamFunc)
 *(.RamFunc*)
                0x0000000020000190                . = ALIGN (0x4)
 *fill*         0x000000002000018e        0x2 
                0x0000000020000190                _edata = .

.igot.plt       0x0000000020000190        0x0 load address 0x0000000008006ac0
 .igot.plt      0x0000000020000190        0x0 d:/st/stm32cubeide_1.8.0/stm32cubeide/plugins/com.st.stm32cube.ide.mcu.externaltools.gnu-tools-for-stm32.9-2020-q2-update.win32_2.0.0.202105311346/tools/bin/../lib/gcc/arm-none-eabi/9.3.1/thumb/v7e-m+fp/hard/crtbegin.o
                0x0000000020000190                . = ALIGN (0x4)

.bss            0x0000000020000190     0x1b1c load address 0x0000000008006ac0
                0x0000000020000190                _sbss = .
                0x0000000020000190                __bss_start__ = _sbss
 *(.bss)
 .bss           0x0000000020000190       0x1c d:/st/stm32cubeide_1.8.0/stm32cubeide/plugins/com.st.stm32cube.ide.mcu.externaltools.gnu-tools-for-stm32.9-2020-q2-update.win32_2.0.0.202105311346/tools/bin/../lib/gcc/arm-none-eabi/9.3.1/thumb/v7e-m+fp/hard/crtbegin.o
 *(.bss*)
 .bss.cfgidx.10535
                0x00000000200001ac        0x1 ./Middlewares/USB_Device_Library/usbd_ctlreq.o
 *fill*         0x00000000200001ad        0x3 
 .bss.mem.10611
                0x00000000200001b0      0x220 ./USB_DEVICE/Target/usbd_conf.o
 *(COMMON)
 COMMON         0x00000000200003d0        0x4 ./Drivers/STM32F4xx_HAL_Driver/stm32f4xx_hal.o
                0x00000000200003d0                uwTick
 COMMON         0x00000000200003d4      0x2d0 ./USB_DEVICE/App/usb_device.o
                0x00000000200003d4                hUsbDeviceFS
 COMMON         0x00000000200006a4     0x1000 ./USB_DEVICE/App/usbd_cdc_if.o
                0x00000000200006a4                UserRxBufferFS
                0x0000000020000ea4                UserTxBufferFS
 COMMON         0x00000000200016a4      0x200 ./USB_DEVICE/App/usbd_desc.o
                0x00000000200016a4                USBD_StrDesc
 COMMON         0x00000000200018a4      0x408 ./USB_DEVICE/Target/usbd_conf.o
                0x00000000200018a4                hpcd_USB_OTG_FS
                0x0000000020001cac                . = ALIGN (0x4)
                0x0000000020001cac                _ebss = .
                0x0000000020001cac                __bss_end__ = _ebss

._user_heap_stack
                0x0000000020001cac      0x604 load address 0x0000000008006ac0
                0x0000000020001cb0                . = ALIGN (0x8)
 *fill*         0x0000000020001cac        0x4 
                [!provide]                        PROVIDE (end = .)
                0x0000000020001cb0                PROVIDE (_end = .)
                0x0000000020001eb0                . = (. + _Min_Heap_Size)
 *fill*         0x0000000020001cb0      0x200 
                0x00000000200022b0                . = (. + _Min_Stack_Size)
 *fill*         0x0000000020001eb0      0x400 
                0x00000000200022b0                . = ALIGN (0x8)

/DISCARD/
 libc.a(*)
 libm.a(*)
 libgcc.a(*)

.ARM.attributes
                0x0000000000000000       0x30
 *(.ARM.attributes)
 .ARM.attributes
                0x0000000000000000       0x1e d:/st/stm32cubeide_1.8.0/stm32cubeide/plugins/com.st.stm32cube.ide.mcu.externaltools.gnu-tools-for-stm32.9-2020-q2-update.win32_2.0.0.202105311346/tools/bin/../lib/gcc/arm-none-eabi/9.3.1/thumb/v7e-m+fp/hard/crti.o
 .ARM.attributes
                0x000000000000001e       0x34 d:/st/stm32cubeide_1.8.0/stm32cubeide/plugins/com.st.stm32cube.ide.mcu.externaltools.gnu-tools-for-stm32.9-2020-q2-update.win32_2.0.0.202105311346/tools/bin/../lib/gcc/arm-none-eabi/9.3.1/thumb/v7e-m+fp/hard/crtbegin.o
 .ARM.attributes
                0x0000000000000052       0x34 ./Core/Src/main.o
 .ARM.attributes
                0x0000000000000086       0x34 ./Core/Src/stm32f4xx_hal_msp.o
 .ARM.attributes
                0x00000000000000ba       0x34 ./Core/Src/stm32f4xx_it.o
 .ARM.attributes
                0x00000000000000ee       0x34 ./Core/Src/system_stm32f4xx.o
 .ARM.attributes
                0x0000000000000122       0x21 ./Core/Startup/startup_stm32f412ceux.o
 .ARM.attributes
                0x0000000000000143       0x34 ./Drivers/STM32F4xx_HAL_Driver/stm32f4xx_hal.o
 .ARM.attributes
                0x0000000000000177       0x34 ./Drivers/STM32F4xx_HAL_Driver/stm32f4xx_hal_cortex.o
 .ARM.attributes
                0x00000000000001ab       0x34 ./Drivers/STM32F4xx_HAL_Driver/stm32f4xx_hal_gpio.o
 .ARM.attributes
                0x00000000000001df       0x34 ./Drivers/STM32F4xx_HAL_Driver/stm32f4xx_hal_pcd.o
 .ARM.attributes
                0x0000000000000213       0x34 ./Drivers/STM32F4xx_HAL_Driver/stm32f4xx_hal_pcd_ex.o
 .ARM.attributes
                0x0000000000000247       0x34 ./Drivers/STM32F4xx_HAL_Driver/stm32f4xx_hal_rcc.o
 .ARM.attributes
                0x000000000000027b       0x34 ./Drivers/STM32F4xx_HAL_Driver/stm32f4xx_hal_rcc_ex.o
 .ARM.attributes
                0x00000000000002af       0x34 ./Drivers/STM32F4xx_HAL_Driver/stm32f4xx_ll_usb.o
 .ARM.attributes
                0x00000000000002e3       0x34 ./Middlewares/USB_Device_Library/usbd_cdc.o
 .ARM.attributes
                0x0000000000000317       0x34 ./Middlewares/USB_Device_Library/usbd_core.o
 .ARM.attributes
                0x000000000000034b       0x34 ./Middlewares/USB_Device_Library/usbd_ctlreq.o
 .ARM.attributes
                0x000000000000037f       0x34 ./Middlewares/USB_Device_Library/usbd_ioreq.o
 .ARM.attributes
                0x00000000000003b3       0x34 ./USB_DEVICE/App/usb_device.o
 .ARM.attributes
                0x00000000000003e7       0x34 ./USB_DEVICE/App/usbd_cdc_if.o
 .ARM.attributes
                0x000000000000041b       0x34 ./USB_DEVICE/App/usbd_desc.o
 .ARM.attributes
                0x000000000000044f       0x34 ./USB_DEVICE/Target/usbd_conf.o
 .ARM.attributes
                0x0000000000000483       0x34 d:/st/stm32cubeide_1.8.0/stm32cubeide/plugins/com.st.stm32cube.ide.mcu.externaltools.gnu-tools-for-stm32.9-2020-q2-update.win32_2.0.0.202105311346/tools/bin/../lib/gcc/arm-none-eabi/9.3.1/../../../../arm-none-eabi/lib/thumb/v7e-m+fp/hard\libc_nano.a(lib_a-init.o)
 .ARM.attributes
                0x00000000000004b7       0x34 d:/st/stm32cubeide_1.8.0/stm32cubeide/plugins/com.st.stm32cube.ide.mcu.externaltools.gnu-tools-for-stm32.9-2020-q2-update.win32_2.0.0.202105311346/tools/bin/../lib/gcc/arm-none-eabi/9.3.1/../../../../arm-none-eabi/lib/thumb/v7e-m+fp/hard\libc_nano.a(lib_a-memset.o)
 .ARM.attributes
                0x00000000000004eb       0x1e d:/st/stm32cubeide_1.8.0/stm32cubeide/plugins/com.st.stm32cube.ide.mcu.externaltools.gnu-tools-for-stm32.9-2020-q2-update.win32_2.0.0.202105311346/tools/bin/../lib/gcc/arm-none-eabi/9.3.1/thumb/v7e-m+fp/hard\libgcc.a(_aeabi_uldivmod.o)
 .ARM.attributes
                0x0000000000000509       0x34 d:/st/stm32cubeide_1.8.0/stm32cubeide/plugins/com.st.stm32cube.ide.mcu.externaltools.gnu-tools-for-stm32.9-2020-q2-update.win32_2.0.0.202105311346/tools/bin/../lib/gcc/arm-none-eabi/9.3.1/thumb/v7e-m+fp/hard\libgcc.a(_udivmoddi4.o)
 .ARM.attributes
                0x000000000000053d       0x1e d:/st/stm32cubeide_1.8.0/stm32cubeide/plugins/com.st.stm32cube.ide.mcu.externaltools.gnu-tools-for-stm32.9-2020-q2-update.win32_2.0.0.202105311346/tools/bin/../lib/gcc/arm-none-eabi/9.3.1/thumb/v7e-m+fp/hard\libgcc.a(_dvmd_tls.o)
 .ARM.attributes
                0x000000000000055b       0x1e d:/st/stm32cubeide_1.8.0/stm32cubeide/plugins/com.st.stm32cube.ide.mcu.externaltools.gnu-tools-for-stm32.9-2020-q2-update.win32_2.0.0.202105311346/tools/bin/../lib/gcc/arm-none-eabi/9.3.1/thumb/v7e-m+fp/hard/crtn.o
OUTPUT(ProIMU.elf elf32-littlearm)
LOAD linker stubs
LOAD d:/st/stm32cubeide_1.8.0/stm32cubeide/plugins/com.st.stm32cube.ide.mcu.externaltools.gnu-tools-for-stm32.9-2020-q2-update.win32_2.0.0.202105311346/tools/bin/../lib/gcc/arm-none-eabi/9.3.1/../../../../arm-none-eabi/lib/thumb/v7e-m+fp/hard\libc.a
LOAD d:/st/stm32cubeide_1.8.0/stm32cubeide/plugins/com.st.stm32cube.ide.mcu.externaltools.gnu-tools-for-stm32.9-2020-q2-update.win32_2.0.0.202105311346/tools/bin/../lib/gcc/arm-none-eabi/9.3.1/../../../../arm-none-eabi/lib/thumb/v7e-m+fp/hard\libm.a
LOAD d:/st/stm32cubeide_1.8.0/stm32cubeide/plugins/com.st.stm32cube.ide.mcu.externaltools.gnu-tools-for-stm32.9-2020-q2-update.win32_2.0.0.202105311346/tools/bin/../lib/gcc/arm-none-eabi/9.3.1/thumb/v7e-m+fp/hard\libgcc.a

.debug_info     0x0000000000000000    0x14718
 .debug_info    0x0000000000000000      0xf13 ./Core/Src/main.o
 .debug_info    0x0000000000000f13      0xcc1 ./Core/Src/stm32f4xx_hal_msp.o
 .debug_info    0x0000000000001bd4     0x105c ./Core/Src/stm32f4xx_it.o
 .debug_info    0x0000000000002c30      0x5b2 ./Core/Src/system_stm32f4xx.o
 .debug_info    0x00000000000031e2       0x22 ./Core/Startup/startup_stm32f412ceux.o
 .debug_info    0x0000000000003204      0x9a8 ./Drivers/STM32F4xx_HAL_Driver/stm32f4xx_hal.o
 .debug_info    0x0000000000003bac      0xebf ./Drivers/STM32F4xx_HAL_Driver/stm32f4xx_hal_cortex.o
 .debug_info    0x0000000000004a6b      0x868 ./Drivers/STM32F4xx_HAL_Driver/stm32f4xx_hal_gpio.o
 .debug_info    0x00000000000052d3     0x1341 ./Drivers/STM32F4xx_HAL_Driver/stm32f4xx_hal_pcd.o
 .debug_info    0x0000000000006614      0x95b ./Drivers/STM32F4xx_HAL_Driver/stm32f4xx_hal_pcd_ex.o
 .debug_info    0x0000000000006f6f      0x993 ./Drivers/STM32F4xx_HAL_Driver/stm32f4xx_hal_rcc.o
 .debug_info    0x0000000000007902      0x872 ./Drivers/STM32F4xx_HAL_Driver/stm32f4xx_hal_rcc_ex.o
 .debug_info    0x0000000000008174     0x1b18 ./Drivers/STM32F4xx_HAL_Driver/stm32f4xx_ll_usb.o
 .debug_info    0x0000000000009c8c     0x1a6e ./Middlewares/USB_Device_Library/usbd_cdc.o
 .debug_info    0x000000000000b6fa     0x1426 ./Middlewares/USB_Device_Library/usbd_core.o
 .debug_info    0x000000000000cb20     0x13f2 ./Middlewares/USB_Device_Library/usbd_ctlreq.o
 .debug_info    0x000000000000df12     0x1114 ./Middlewares/USB_Device_Library/usbd_ioreq.o
 .debug_info    0x000000000000f026     0x107d ./USB_DEVICE/App/usb_device.o
 .debug_info    0x00000000000100a3     0x12ae ./USB_DEVICE/App/usbd_cdc_if.o
 .debug_info    0x0000000000011351      0xed8 ./USB_DEVICE/App/usbd_desc.o
 .debug_info    0x0000000000012229     0x24ef ./USB_DEVICE/Target/usbd_conf.o

.debug_abbrev   0x0000000000000000     0x320c
 .debug_abbrev  0x0000000000000000      0x292 ./Core/Src/main.o
 .debug_abbrev  0x0000000000000292      0x21c ./Core/Src/stm32f4xx_hal_msp.o
 .debug_abbrev  0x00000000000004ae      0x231 ./Core/Src/stm32f4xx_it.o
 .debug_abbrev  0x00000000000006df      0x145 ./Core/Src/system_stm32f4xx.o
 .debug_abbrev  0x0000000000000824       0x12 ./Core/Startup/startup_stm32f412ceux.o
 .debug_abbrev  0x0000000000000836      0x1ed ./Drivers/STM32F4xx_HAL_Driver/stm32f4xx_hal.o
 .debug_abbrev  0x0000000000000a23      0x33c ./Drivers/STM32F4xx_HAL_Driver/stm32f4xx_hal_cortex.o
 .debug_abbrev  0x0000000000000d5f      0x1f1 ./Drivers/STM32F4xx_HAL_Driver/stm32f4xx_hal_gpio.o
 .debug_abbrev  0x0000000000000f50      0x2a0 ./Drivers/STM32F4xx_HAL_Driver/stm32f4xx_hal_pcd.o
 .debug_abbrev  0x00000000000011f0      0x246 ./Drivers/STM32F4xx_HAL_Driver/stm32f4xx_hal_pcd_ex.o
 .debug_abbrev  0x0000000000001436      0x26a ./Drivers/STM32F4xx_HAL_Driver/stm32f4xx_hal_rcc.o
 .debug_abbrev  0x00000000000016a0      0x1c0 ./Drivers/STM32F4xx_HAL_Driver/stm32f4xx_hal_rcc_ex.o
 .debug_abbrev  0x0000000000001860      0x2a7 ./Drivers/STM32F4xx_HAL_Driver/stm32f4xx_ll_usb.o
 .debug_abbrev  0x0000000000001b07      0x32d ./Middlewares/USB_Device_Library/usbd_cdc.o
 .debug_abbrev  0x0000000000001e34      0x2e8 ./Middlewares/USB_Device_Library/usbd_core.o
 .debug_abbrev  0x000000000000211c      0x32d ./Middlewares/USB_Device_Library/usbd_ctlreq.o
 .debug_abbrev  0x0000000000002449      0x25b ./Middlewares/USB_Device_Library/usbd_ioreq.o
 .debug_abbrev  0x00000000000026a4      0x222 ./USB_DEVICE/App/usb_device.o
 .debug_abbrev  0x00000000000028c6      0x32a ./USB_DEVICE/App/usbd_cdc_if.o
 .debug_abbrev  0x0000000000002bf0      0x2db ./USB_DEVICE/App/usbd_desc.o
 .debug_abbrev  0x0000000000002ecb      0x341 ./USB_DEVICE/Target/usbd_conf.o

.debug_aranges  0x0000000000000000      0xb98
 .debug_aranges
                0x0000000000000000       0x38 ./Core/Src/main.o
 .debug_aranges
                0x0000000000000038       0x20 ./Core/Src/stm32f4xx_hal_msp.o
 .debug_aranges
                0x0000000000000058       0x68 ./Core/Src/stm32f4xx_it.o
 .debug_aranges
                0x00000000000000c0       0x28 ./Core/Src/system_stm32f4xx.o
 .debug_aranges
                0x00000000000000e8       0x28 ./Core/Startup/startup_stm32f412ceux.o
 .debug_aranges
                0x0000000000000110       0xf0 ./Drivers/STM32F4xx_HAL_Driver/stm32f4xx_hal.o
 .debug_aranges
                0x0000000000000200      0x118 ./Drivers/STM32F4xx_HAL_Driver/stm32f4xx_hal_cortex.o
 .debug_aranges
                0x0000000000000318       0x58 ./Drivers/STM32F4xx_HAL_Driver/stm32f4xx_hal_gpio.o
 .debug_aranges
                0x0000000000000370      0x138 ./Drivers/STM32F4xx_HAL_Driver/stm32f4xx_hal_pcd.o
 .debug_aranges
                0x00000000000004a8       0x60 ./Drivers/STM32F4xx_HAL_Driver/stm32f4xx_hal_pcd_ex.o
 .debug_aranges
                0x0000000000000508       0x88 ./Drivers/STM32F4xx_HAL_Driver/stm32f4xx_hal_rcc.o
 .debug_aranges
                0x0000000000000590       0x60 ./Drivers/STM32F4xx_HAL_Driver/stm32f4xx_hal_rcc_ex.o
 .debug_aranges
                0x00000000000005f0      0x198 ./Drivers/STM32F4xx_HAL_Driver/stm32f4xx_ll_usb.o
 .debug_aranges
                0x0000000000000788       0x90 ./Middlewares/USB_Device_Library/usbd_cdc.o
 .debug_aranges
                0x0000000000000818       0xb8 ./Middlewares/USB_Device_Library/usbd_core.o
 .debug_aranges
                0x00000000000008d0       0x90 ./Middlewares/USB_Device_Library/usbd_ctlreq.o
 .debug_aranges
                0x0000000000000960       0x50 ./Middlewares/USB_Device_Library/usbd_ioreq.o
 .debug_aranges
                0x00000000000009b0       0x20 ./USB_DEVICE/App/usb_device.o
 .debug_aranges
                0x00000000000009d0       0x48 ./USB_DEVICE/App/usbd_cdc_if.o
 .debug_aranges
                0x0000000000000a18       0x68 ./USB_DEVICE/App/usbd_desc.o
 .debug_aranges
                0x0000000000000a80      0x118 ./USB_DEVICE/Target/usbd_conf.o

.debug_ranges   0x0000000000000000      0xa50
 .debug_ranges  0x0000000000000000       0x28 ./Core/Src/main.o
 .debug_ranges  0x0000000000000028       0x10 ./Core/Src/stm32f4xx_hal_msp.o
 .debug_ranges  0x0000000000000038       0x58 ./Core/Src/stm32f4xx_it.o
 .debug_ranges  0x0000000000000090       0x18 ./Core/Src/system_stm32f4xx.o
 .debug_ranges  0x00000000000000a8       0x20 ./Core/Startup/startup_stm32f412ceux.o
 .debug_ranges  0x00000000000000c8       0xe0 ./Drivers/STM32F4xx_HAL_Driver/stm32f4xx_hal.o
 .debug_ranges  0x00000000000001a8      0x108 ./Drivers/STM32F4xx_HAL_Driver/stm32f4xx_hal_cortex.o
 .debug_ranges  0x00000000000002b0       0x48 ./Drivers/STM32F4xx_HAL_Driver/stm32f4xx_hal_gpio.o
 .debug_ranges  0x00000000000002f8      0x128 ./Drivers/STM32F4xx_HAL_Driver/stm32f4xx_hal_pcd.o
 .debug_ranges  0x0000000000000420       0x50 ./Drivers/STM32F4xx_HAL_Driver/stm32f4xx_hal_pcd_ex.o
 .debug_ranges  0x0000000000000470       0x78 ./Drivers/STM32F4xx_HAL_Driver/stm32f4xx_hal_rcc.o
 .debug_ranges  0x00000000000004e8       0x50 ./Drivers/STM32F4xx_HAL_Driver/stm32f4xx_hal_rcc_ex.o
 .debug_ranges  0x0000000000000538      0x188 ./Drivers/STM32F4xx_HAL_Driver/stm32f4xx_ll_usb.o
 .debug_ranges  0x00000000000006c0       0x80 ./Middlewares/USB_Device_Library/usbd_cdc.o
 .debug_ranges  0x0000000000000740       0xa8 ./Middlewares/USB_Device_Library/usbd_core.o
 .debug_ranges  0x00000000000007e8       0x80 ./Middlewares/USB_Device_Library/usbd_ctlreq.o
 .debug_ranges  0x0000000000000868       0x40 ./Middlewares/USB_Device_Library/usbd_ioreq.o
 .debug_ranges  0x00000000000008a8       0x10 ./USB_DEVICE/App/usb_device.o
 .debug_ranges  0x00000000000008b8       0x38 ./USB_DEVICE/App/usbd_cdc_if.o
 .debug_ranges  0x00000000000008f0       0x58 ./USB_DEVICE/App/usbd_desc.o
 .debug_ranges  0x0000000000000948      0x108 ./USB_DEVICE/Target/usbd_conf.o

.debug_macro    0x0000000000000000    0x2115e
 .debug_macro   0x0000000000000000      0x421 ./Core/Src/main.o
 .debug_macro   0x0000000000000421      0xaa8 ./Core/Src/main.o
 .debug_macro   0x0000000000000ec9      0x295 ./Core/Src/main.o
 .debug_macro   0x000000000000115e       0x2e ./Core/Src/main.o
 .debug_macro   0x000000000000118c       0x28 ./Core/Src/main.o
 .debug_macro   0x00000000000011b4       0x22 ./Core/Src/main.o
 .debug_macro   0x00000000000011d6       0x8e ./Core/Src/main.o
 .debug_macro   0x0000000000001264       0x51 ./Core/Src/main.o
 .debug_macro   0x00000000000012b5      0x103 ./Core/Src/main.o
 .debug_macro   0x00000000000013b8       0x6a ./Core/Src/main.o
 .debug_macro   0x0000000000001422      0x1df ./Core/Src/main.o
 .debug_macro   0x0000000000001601       0x1c ./Core/Src/main.o
 .debug_macro   0x000000000000161d       0x22 ./Core/Src/main.o
 .debug_macro   0x000000000000163f       0xdf ./Core/Src/main.o
 .debug_macro   0x000000000000171e     0x102d ./Core/Src/main.o
 .debug_macro   0x000000000000274b      0x11f ./Core/Src/main.o
 .debug_macro   0x000000000000286a    0x13076 ./Core/Src/main.o
 .debug_macro   0x00000000000158e0       0x43 ./Core/Src/main.o
 .debug_macro   0x0000000000015923     0x3666 ./Core/Src/main.o
 .debug_macro   0x0000000000018f89      0x174 ./Core/Src/main.o
 .debug_macro   0x00000000000190fd       0x5c ./Core/Src/main.o
 .debug_macro   0x0000000000019159      0x84c ./Core/Src/main.o
 .debug_macro   0x00000000000199a5      0x9fe ./Core/Src/main.o
 .debug_macro   0x000000000001a3a3      0x116 ./Core/Src/main.o
 .debug_macro   0x000000000001a4b9      0x192 ./Core/Src/main.o
 .debug_macro   0x000000000001a64b       0xa5 ./Core/Src/main.o
 .debug_macro   0x000000000001a6f0      0x151 ./Core/Src/main.o
 .debug_macro   0x000000000001a841      0x287 ./Core/Src/main.o
 .debug_macro   0x000000000001aac8       0x5f ./Core/Src/main.o
 .debug_macro   0x000000000001ab27      0x236 ./Core/Src/main.o
 .debug_macro   0x000000000001ad5d      0x132 ./Core/Src/main.o
 .debug_macro   0x000000000001ae8f      0x29c ./Core/Src/main.o
 .debug_macro   0x000000000001b12b       0x2e ./Core/Src/main.o
 .debug_macro   0x000000000001b159      0x11a ./Core/Src/main.o
 .debug_macro   0x000000000001b273       0x91 ./Core/Src/main.o
 .debug_macro   0x000000000001b304       0x89 ./Core/Src/main.o
 .debug_macro   0x000000000001b38d      0x21e ./Core/Src/main.o
 .debug_macro   0x000000000001b5ab       0xba ./Core/Src/main.o
 .debug_macro   0x000000000001b665      0x126 ./Core/Src/main.o
 .debug_macro   0x000000000001b78b       0x22 ./Core/Src/main.o
 .debug_macro   0x000000000001b7ad       0x52 ./Core/Src/main.o
 .debug_macro   0x000000000001b7ff       0x18 ./Core/Src/main.o
 .debug_macro   0x000000000001b817       0x3c ./Core/Src/main.o
 .debug_macro   0x000000000001b853       0x34 ./Core/Src/main.o
 .debug_macro   0x000000000001b887       0x16 ./Core/Src/main.o
 .debug_macro   0x000000000001b89d       0x43 ./Core/Src/main.o
 .debug_macro   0x000000000001b8e0       0x34 ./Core/Src/main.o
 .debug_macro   0x000000000001b914       0x10 ./Core/Src/main.o
 .debug_macro   0x000000000001b924       0x58 ./Core/Src/main.o
 .debug_macro   0x000000000001b97c       0x71 ./Core/Src/main.o
 .debug_macro   0x000000000001b9ed       0x1c ./Core/Src/main.o
 .debug_macro   0x000000000001ba09      0x12a ./Core/Src/main.o
 .debug_macro   0x000000000001bb33      0x333 ./Core/Src/main.o
 .debug_macro   0x000000000001be66       0x10 ./Core/Src/main.o
 .debug_macro   0x000000000001be76       0x35 ./Core/Src/main.o
 .debug_macro   0x000000000001beab       0x20 ./Core/Src/main.o
 .debug_macro   0x000000000001becb       0x16 ./Core/Src/main.o
 .debug_macro   0x000000000001bee1       0x16 ./Core/Src/main.o
 .debug_macro   0x000000000001bef7       0x29 ./Core/Src/main.o
 .debug_macro   0x000000000001bf20       0x58 ./Core/Src/main.o
 .debug_macro   0x000000000001bf78       0x1c ./Core/Src/main.o
 .debug_macro   0x000000000001bf94       0x10 ./Core/Src/main.o
 .debug_macro   0x000000000001bfa4       0x1c ./Core/Src/main.o
 .debug_macro   0x000000000001bfc0       0x52 ./Core/Src/main.o
 .debug_macro   0x000000000001c012       0x22 ./Core/Src/main.o
 .debug_macro   0x000000000001c034       0x10 ./Core/Src/main.o
 .debug_macro   0x000000000001c044       0x40 ./Core/Src/main.o
 .debug_macro   0x000000000001c084       0xd5 ./Core/Src/main.o
 .debug_macro   0x000000000001c159       0x1c ./Core/Src/main.o
 .debug_macro   0x000000000001c175       0x3d ./Core/Src/main.o
 .debug_macro   0x000000000001c1b2       0x16 ./Core/Src/main.o
 .debug_macro   0x000000000001c1c8      0x145 ./Core/Src/main.o
 .debug_macro   0x000000000001c30d      0x1a9 ./Core/Src/main.o
 .debug_macro   0x000000000001c4b6       0x10 ./Core/Src/main.o
 .debug_macro   0x000000000001c4c6      0x460 ./Core/Src/main.o
 .debug_macro   0x000000000001c926      0x302 ./Core/Src/main.o
 .debug_macro   0x000000000001cc28       0x76 ./Core/Src/main.o
 .debug_macro   0x000000000001cc9e       0x6b ./Core/Src/main.o
 .debug_macro   0x000000000001cd09      0x1ef ./Core/Src/main.o
 .debug_macro   0x000000000001cef8       0x16 ./Core/Src/main.o
 .debug_macro   0x000000000001cf0e      0x3f2 ./Core/Src/stm32f4xx_hal_msp.o
 .debug_macro   0x000000000001d300      0x3fc ./Core/Src/stm32f4xx_it.o
 .debug_macro   0x000000000001d6fc      0x1d4 ./Core/Src/system_stm32f4xx.o
 .debug_macro   0x000000000001d8d0      0x234 ./Drivers/STM32F4xx_HAL_Driver/stm32f4xx_hal.o
 .debug_macro   0x000000000001db04      0x1d4 ./Drivers/STM32F4xx_HAL_Driver/stm32f4xx_hal_cortex.o
 .debug_macro   0x000000000001dcd8      0x1da ./Drivers/STM32F4xx_HAL_Driver/stm32f4xx_hal_gpio.o
 .debug_macro   0x000000000001deb2      0x1e0 ./Drivers/STM32F4xx_HAL_Driver/stm32f4xx_hal_pcd.o
 .debug_macro   0x000000000001e092      0x1d4 ./Drivers/STM32F4xx_HAL_Driver/stm32f4xx_hal_pcd_ex.o
 .debug_macro   0x000000000001e266      0x1f8 ./Drivers/STM32F4xx_HAL_Driver/stm32f4xx_hal_rcc.o
 .debug_macro   0x000000000001e45e      0x1d4 ./Drivers/STM32F4xx_HAL_Driver/stm32f4xx_hal_rcc_ex.o
 .debug_macro   0x000000000001e632      0x1d4 ./Drivers/STM32F4xx_HAL_Driver/stm32f4xx_ll_usb.o
 .debug_macro   0x000000000001e806      0x454 ./Middlewares/USB_Device_Library/usbd_cdc.o
 .debug_macro   0x000000000001ec5a       0x16 ./Middlewares/USB_Device_Library/usbd_cdc.o
 .debug_macro   0x000000000001ec70       0x97 ./Middlewares/USB_Device_Library/usbd_cdc.o
 .debug_macro   0x000000000001ed07       0xfd ./Middlewares/USB_Device_Library/usbd_cdc.o
 .debug_macro   0x000000000001ee04       0x16 ./Middlewares/USB_Device_Library/usbd_cdc.o
 .debug_macro   0x000000000001ee1a       0xd9 ./Middlewares/USB_Device_Library/usbd_cdc.o
 .debug_macro   0x000000000001eef3       0x56 ./Middlewares/USB_Device_Library/usbd_cdc.o
 .debug_macro   0x000000000001ef49       0x4c ./Middlewares/USB_Device_Library/usbd_cdc.o
 .debug_macro   0x000000000001ef95       0x65 ./Middlewares/USB_Device_Library/usbd_cdc.o
 .debug_macro   0x000000000001effa       0x95 ./Middlewares/USB_Device_Library/usbd_cdc.o
 .debug_macro   0x000000000001f08f      0x43b ./Middlewares/USB_Device_Library/usbd_core.o
 .debug_macro   0x000000000001f4ca      0x1f5 ./Middlewares/USB_Device_Library/usbd_core.o
 .debug_macro   0x000000000001f6bf      0x445 ./Middlewares/USB_Device_Library/usbd_ctlreq.o
 .debug_macro   0x000000000001fb04      0x441 ./Middlewares/USB_Device_Library/usbd_ioreq.o
 .debug_macro   0x000000000001ff45      0x47a ./USB_DEVICE/App/usb_device.o
 .debug_macro   0x00000000000203bf       0x22 ./USB_DEVICE/App/usb_device.o
 .debug_macro   0x00000000000203e1       0x16 ./USB_DEVICE/App/usb_device.o
 .debug_macro   0x00000000000203f7      0x45f ./USB_DEVICE/App/usbd_cdc_if.o
 .debug_macro   0x0000000000020856       0x10 ./USB_DEVICE/App/usbd_cdc_if.o
 .debug_macro   0x0000000000020866      0x47e ./USB_DEVICE/App/usbd_desc.o
 .debug_macro   0x0000000000020ce4       0x1c ./USB_DEVICE/App/usbd_desc.o
 .debug_macro   0x0000000000020d00      0x45e ./USB_DEVICE/Target/usbd_conf.o

.debug_line     0x0000000000000000    0x11348
 .debug_line    0x0000000000000000      0xb6b ./Core/Src/main.o
 .debug_line    0x0000000000000b6b      0xa1a ./Core/Src/stm32f4xx_hal_msp.o
 .debug_line    0x0000000000001585      0xaf5 ./Core/Src/stm32f4xx_it.o
 .debug_line    0x000000000000207a      0x7d8 ./Core/Src/system_stm32f4xx.o
 .debug_line    0x0000000000002852       0x88 ./Core/Startup/startup_stm32f412ceux.o
 .debug_line    0x00000000000028da      0xa75 ./Drivers/STM32F4xx_HAL_Driver/stm32f4xx_hal.o
 .debug_line    0x000000000000334f      0xd26 ./Drivers/STM32F4xx_HAL_Driver/stm32f4xx_hal_cortex.o
 .debug_line    0x0000000000004075      0xb89 ./Drivers/STM32F4xx_HAL_Driver/stm32f4xx_hal_gpio.o
 .debug_line    0x0000000000004bfe     0x13eb ./Drivers/STM32F4xx_HAL_Driver/stm32f4xx_hal_pcd.o
 .debug_line    0x0000000000005fe9      0x96b ./Drivers/STM32F4xx_HAL_Driver/stm32f4xx_hal_pcd_ex.o
 .debug_line    0x0000000000006954      0xde4 ./Drivers/STM32F4xx_HAL_Driver/stm32f4xx_hal_rcc.o
 .debug_line    0x0000000000007738     0x1099 ./Drivers/STM32F4xx_HAL_Driver/stm32f4xx_hal_rcc_ex.o
 .debug_line    0x00000000000087d1     0x1a08 ./Drivers/STM32F4xx_HAL_Driver/stm32f4xx_ll_usb.o
 .debug_line    0x000000000000a1d9      0xf5c ./Middlewares/USB_Device_Library/usbd_cdc.o
 .debug_line    0x000000000000b135      0xfa6 ./Middlewares/USB_Device_Library/usbd_core.o
 .debug_line    0x000000000000c0db     0x1243 ./Middlewares/USB_Device_Library/usbd_ctlreq.o
 .debug_line    0x000000000000d31e      0xbfd ./Middlewares/USB_Device_Library/usbd_ioreq.o
 .debug_line    0x000000000000df1b      0xbb9 ./USB_DEVICE/App/usb_device.o
 .debug_line    0x000000000000ead4      0xc1c ./USB_DEVICE/App/usbd_cdc_if.o
 .debug_line    0x000000000000f6f0      0xc64 ./USB_DEVICE/App/usbd_desc.o
 .debug_line    0x0000000000010354      0xff4 ./USB_DEVICE/Target/usbd_conf.o

.debug_str      0x0000000000000000    0xb3963
 .debug_str     0x0000000000000000    0xafc94 ./Core/Src/main.o
                                      0xb0073 (size before relaxing)
 .debug_str     0x00000000000afc94       0x2c ./Core/Src/stm32f4xx_hal_msp.o
                                      0xaf4ed (size before relaxing)
 .debug_str     0x00000000000afcc0      0x479 ./Core/Src/stm32f4xx_it.o
                                      0xaf85e (size before relaxing)
 .debug_str     0x00000000000b0139       0xaf ./Core/Src/system_stm32f4xx.o
                                      0xa9156 (size before relaxing)
 .debug_str     0x00000000000b01e8       0x36 ./Core/Startup/startup_stm32f412ceux.o
                                         0x75 (size before relaxing)
 .debug_str     0x00000000000b021e      0xa53 ./Drivers/STM32F4xx_HAL_Driver/stm32f4xx_hal.o
                                      0xa9c3e (size before relaxing)
 .debug_str     0x00000000000b0c71      0x3de ./Drivers/STM32F4xx_HAL_Driver/stm32f4xx_hal_cortex.o
                                      0xa9a24 (size before relaxing)
 .debug_str     0x00000000000b104f      0x206 ./Drivers/STM32F4xx_HAL_Driver/stm32f4xx_hal_gpio.o
                                      0xa933c (size before relaxing)
 .debug_str     0x00000000000b1255      0x5a8 ./Drivers/STM32F4xx_HAL_Driver/stm32f4xx_hal_pcd.o
                                      0xa99b2 (size before relaxing)
 .debug_str     0x00000000000b17fd      0x1ed ./Drivers/STM32F4xx_HAL_Driver/stm32f4xx_hal_pcd_ex.o
                                      0xa95f6 (size before relaxing)
 .debug_str     0x00000000000b19ea      0x2a2 ./Drivers/STM32F4xx_HAL_Driver/stm32f4xx_hal_rcc.o
                                      0xa9596 (size before relaxing)
 .debug_str     0x00000000000b1c8c      0x26e ./Drivers/STM32F4xx_HAL_Driver/stm32f4xx_hal_rcc_ex.o
                                      0xa94c0 (size before relaxing)
 .debug_str     0x00000000000b1efa      0x6dc ./Drivers/STM32F4xx_HAL_Driver/stm32f4xx_ll_usb.o
                                      0xa9ae0 (size before relaxing)
 .debug_str     0x00000000000b25d6      0x973 ./Middlewares/USB_Device_Library/usbd_cdc.o
                                      0xb0b84 (size before relaxing)
 .debug_str     0x00000000000b2f49      0x1db ./Middlewares/USB_Device_Library/usbd_core.o
                                      0xb03d9 (size before relaxing)
 .debug_str     0x00000000000b3124      0x18b ./Middlewares/USB_Device_Library/usbd_ctlreq.o
                                      0xb0397 (size before relaxing)
 .debug_str     0x00000000000b32af      0x102 ./Middlewares/USB_Device_Library/usbd_ioreq.o
                                      0xb02e7 (size before relaxing)
 .debug_str     0x00000000000b33b1      0x118 ./USB_DEVICE/App/usb_device.o
                                      0xb063d (size before relaxing)
 .debug_str     0x00000000000b34c9       0x9a ./USB_DEVICE/App/usbd_cdc_if.o
                                      0xb068f (size before relaxing)
 .debug_str     0x00000000000b3563      0x298 ./USB_DEVICE/App/usbd_desc.o
                                      0xb022a (size before relaxing)
 .debug_str     0x00000000000b37fb      0x168 ./USB_DEVICE/Target/usbd_conf.o
                                      0xb13e3 (size before relaxing)

.comment        0x0000000000000000       0x53
 .comment       0x0000000000000000       0x53 ./Core/Src/main.o
                                         0x54 (size before relaxing)
 .comment       0x0000000000000053       0x54 ./Core/Src/stm32f4xx_hal_msp.o
 .comment       0x0000000000000053       0x54 ./Core/Src/stm32f4xx_it.o
 .comment       0x0000000000000053       0x54 ./Core/Src/system_stm32f4xx.o
 .comment       0x0000000000000053       0x54 ./Drivers/STM32F4xx_HAL_Driver/stm32f4xx_hal.o
 .comment       0x0000000000000053       0x54 ./Drivers/STM32F4xx_HAL_Driver/stm32f4xx_hal_cortex.o
 .comment       0x0000000000000053       0x54 ./Drivers/STM32F4xx_HAL_Driver/stm32f4xx_hal_gpio.o
 .comment       0x0000000000000053       0x54 ./Drivers/STM32F4xx_HAL_Driver/stm32f4xx_hal_pcd.o
 .comment       0x0000000000000053       0x54 ./Drivers/STM32F4xx_HAL_Driver/stm32f4xx_hal_pcd_ex.o
 .comment       0x0000000000000053       0x54 ./Drivers/STM32F4xx_HAL_Driver/stm32f4xx_hal_rcc.o
 .comment       0x0000000000000053       0x54 ./Drivers/STM32F4xx_HAL_Driver/stm32f4xx_hal_rcc_ex.o
 .comment       0x0000000000000053       0x54 ./Drivers/STM32F4xx_HAL_Driver/stm32f4xx_ll_usb.o
 .comment       0x0000000000000053       0x54 ./Middlewares/USB_Device_Library/usbd_cdc.o
 .comment       0x0000000000000053       0x54 ./Middlewares/USB_Device_Library/usbd_core.o
 .comment       0x0000000000000053       0x54 ./Middlewares/USB_Device_Library/usbd_ctlreq.o
 .comment       0x0000000000000053       0x54 ./Middlewares/USB_Device_Library/usbd_ioreq.o
 .comment       0x0000000000000053       0x54 ./USB_DEVICE/App/usb_device.o
 .comment       0x0000000000000053       0x54 ./USB_DEVICE/App/usbd_cdc_if.o
 .comment       0x0000000000000053       0x54 ./USB_DEVICE/App/usbd_desc.o
 .comment       0x0000000000000053       0x54 ./USB_DEVICE/Target/usbd_conf.o

.debug_frame    0x0000000000000000     0x2ddc
 .debug_frame   0x0000000000000000       0x90 ./Core/Src/main.o
 .debug_frame   0x0000000000000090       0x38 ./Core/Src/stm32f4xx_hal_msp.o
 .debug_frame   0x00000000000000c8      0x120 ./Core/Src/stm32f4xx_it.o
 .debug_frame   0x00000000000001e8       0x58 ./Core/Src/system_stm32f4xx.o
 .debug_frame   0x0000000000000240      0x374 ./Drivers/STM32F4xx_HAL_Driver/stm32f4xx_hal.o
 .debug_frame   0x00000000000005b4      0x498 ./Drivers/STM32F4xx_HAL_Driver/stm32f4xx_hal_cortex.o
 .debug_frame   0x0000000000000a4c      0x14c ./Drivers/STM32F4xx_HAL_Driver/stm32f4xx_hal_gpio.o
 .debug_frame   0x0000000000000b98      0x574 ./Drivers/STM32F4xx_HAL_Driver/stm32f4xx_hal_pcd.o
 .debug_frame   0x000000000000110c      0x174 ./Drivers/STM32F4xx_HAL_Driver/stm32f4xx_hal_pcd_ex.o
 .debug_frame   0x0000000000001280      0x1f0 ./Drivers/STM32F4xx_HAL_Driver/stm32f4xx_hal_rcc.o
 .debug_frame   0x0000000000001470      0x16c ./Drivers/STM32F4xx_HAL_Driver/stm32f4xx_hal_rcc_ex.o
 .debug_frame   0x00000000000015dc      0x798 ./Drivers/STM32F4xx_HAL_Driver/stm32f4xx_ll_usb.o
 .debug_frame   0x0000000000001d74      0x248 ./Middlewares/USB_Device_Library/usbd_cdc.o
 .debug_frame   0x0000000000001fbc      0x2f4 ./Middlewares/USB_Device_Library/usbd_core.o
 .debug_frame   0x00000000000022b0      0x23c ./Middlewares/USB_Device_Library/usbd_ctlreq.o
 .debug_frame   0x00000000000024ec      0x10c ./Middlewares/USB_Device_Library/usbd_ioreq.o
 .debug_frame   0x00000000000025f8       0x2c ./USB_DEVICE/App/usb_device.o
 .debug_frame   0x0000000000002624       0xe4 ./USB_DEVICE/App/usbd_cdc_if.o
 .debug_frame   0x0000000000002708      0x188 ./USB_DEVICE/App/usbd_desc.o
 .debug_frame   0x0000000000002890      0x4a0 ./USB_DEVICE/Target/usbd_conf.o
 .debug_frame   0x0000000000002d30       0x2c d:/st/stm32cubeide_1.8.0/stm32cubeide/plugins/com.st.stm32cube.ide.mcu.externaltools.gnu-tools-for-stm32.9-2020-q2-update.win32_2.0.0.202105311346/tools/bin/../lib/gcc/arm-none-eabi/9.3.1/../../../../arm-none-eabi/lib/thumb/v7e-m+fp/hard\libc_nano.a(lib_a-init.o)
 .debug_frame   0x0000000000002d5c       0x20 d:/st/stm32cubeide_1.8.0/stm32cubeide/plugins/com.st.stm32cube.ide.mcu.externaltools.gnu-tools-for-stm32.9-2020-q2-update.win32_2.0.0.202105311346/tools/bin/../lib/gcc/arm-none-eabi/9.3.1/../../../../arm-none-eabi/lib/thumb/v7e-m+fp/hard\libc_nano.a(lib_a-memset.o)
 .debug_frame   0x0000000000002d7c       0x2c d:/st/stm32cubeide_1.8.0/stm32cubeide/plugins/com.st.stm32cube.ide.mcu.externaltools.gnu-tools-for-stm32.9-2020-q2-update.win32_2.0.0.202105311346/tools/bin/../lib/gcc/arm-none-eabi/9.3.1/thumb/v7e-m+fp/hard\libgcc.a(_aeabi_uldivmod.o)
 .debug_frame   0x0000000000002da8       0x34 d:/st/stm32cubeide_1.8.0/stm32cubeide/plugins/com.st.stm32cube.ide.mcu.externaltools.gnu-tools-for-stm32.9-2020-q2-update.win32_2.0.0.202105311346/tools/bin/../lib/gcc/arm-none-eabi/9.3.1/thumb/v7e-m+fp/hard\libgcc.a(_udivmoddi4.o)
