Archive member included to satisfy reference by file (symbol)

d:/st/stm32cubeide_1.8.0/stm32cubeide/plugins/com.st.stm32cube.ide.mcu.externaltools.gnu-tools-for-stm32.9-2020-q2-update.win32_2.0.0.202105311346/tools/bin/../lib/gcc/arm-none-eabi/9.3.1/../../../../arm-none-eabi/lib/thumb/v7e-m+fp/hard\libc_nano.a(lib_a-errno.o)
                              ./Core/Src/syscalls.o (__errno)
d:/st/stm32cubeide_1.8.0/stm32cubeide/plugins/com.st.stm32cube.ide.mcu.externaltools.gnu-tools-for-stm32.9-2020-q2-update.win32_2.0.0.202105311346/tools/bin/../lib/gcc/arm-none-eabi/9.3.1/../../../../arm-none-eabi/lib/thumb/v7e-m+fp/hard\libc_nano.a(lib_a-exit.o)
                              d:/st/stm32cubeide_1.8.0/stm32cubeide/plugins/com.st.stm32cube.ide.mcu.externaltools.gnu-tools-for-stm32.9-2020-q2-update.win32_2.0.0.202105311346/tools/bin/../lib/gcc/arm-none-eabi/9.3.1/../../../../arm-none-eabi/lib/thumb/v7e-m+fp/hard/crt0.o (exit)
d:/st/stm32cubeide_1.8.0/stm32cubeide/plugins/com.st.stm32cube.ide.mcu.externaltools.gnu-tools-for-stm32.9-2020-q2-update.win32_2.0.0.202105311346/tools/bin/../lib/gcc/arm-none-eabi/9.3.1/../../../../arm-none-eabi/lib/thumb/v7e-m+fp/hard\libc_nano.a(lib_a-impure.o)
                              d:/st/stm32cubeide_1.8.0/stm32cubeide/plugins/com.st.stm32cube.ide.mcu.externaltools.gnu-tools-for-stm32.9-2020-q2-update.win32_2.0.0.202105311346/tools/bin/../lib/gcc/arm-none-eabi/9.3.1/../../../../arm-none-eabi/lib/thumb/v7e-m+fp/hard\libc_nano.a(lib_a-exit.o) (_global_impure_ptr)
d:/st/stm32cubeide_1.8.0/stm32cubeide/plugins/com.st.stm32cube.ide.mcu.externaltools.gnu-tools-for-stm32.9-2020-q2-update.win32_2.0.0.202105311346/tools/bin/../lib/gcc/arm-none-eabi/9.3.1/../../../../arm-none-eabi/lib/thumb/v7e-m+fp/hard\libc_nano.a(lib_a-init.o)
                              d:/st/stm32cubeide_1.8.0/stm32cubeide/plugins/com.st.stm32cube.ide.mcu.externaltools.gnu-tools-for-stm32.9-2020-q2-update.win32_2.0.0.202105311346/tools/bin/../lib/gcc/arm-none-eabi/9.3.1/../../../../arm-none-eabi/lib/thumb/v7e-m+fp/hard/crt0.o (__libc_init_array)
d:/st/stm32cubeide_1.8.0/stm32cubeide/plugins/com.st.stm32cube.ide.mcu.externaltools.gnu-tools-for-stm32.9-2020-q2-update.win32_2.0.0.202105311346/tools/bin/../lib/gcc/arm-none-eabi/9.3.1/../../../../arm-none-eabi/lib/thumb/v7e-m+fp/hard\libc_nano.a(lib_a-memset.o)
                              d:/st/stm32cubeide_1.8.0/stm32cubeide/plugins/com.st.stm32cube.ide.mcu.externaltools.gnu-tools-for-stm32.9-2020-q2-update.win32_2.0.0.202105311346/tools/bin/../lib/gcc/arm-none-eabi/9.3.1/../../../../arm-none-eabi/lib/thumb/v7e-m+fp/hard/crt0.o (memset)
d:/st/stm32cubeide_1.8.0/stm32cubeide/plugins/com.st.stm32cube.ide.mcu.externaltools.gnu-tools-for-stm32.9-2020-q2-update.win32_2.0.0.202105311346/tools/bin/../lib/gcc/arm-none-eabi/9.3.1/../../../../arm-none-eabi/lib/thumb/v7e-m+fp/hard\libc_nano.a(lib_a-strlen.o)
                              ./Core/User_Libraries/Src/Console.o (strlen)
d:/st/stm32cubeide_1.8.0/stm32cubeide/plugins/com.st.stm32cube.ide.mcu.externaltools.gnu-tools-for-stm32.9-2020-q2-update.win32_2.0.0.202105311346/tools/bin/../lib/gcc/arm-none-eabi/9.3.1/../../../../arm-none-eabi/lib/thumb/v7e-m+fp/hard\libc_nano.a(lib_a-vsprintf.o)
                              ./Core/User_Libraries/Src/Console.o (vsprintf)
d:/st/stm32cubeide_1.8.0/stm32cubeide/plugins/com.st.stm32cube.ide.mcu.externaltools.gnu-tools-for-stm32.9-2020-q2-update.win32_2.0.0.202105311346/tools/bin/../lib/gcc/arm-none-eabi/9.3.1/../../../../arm-none-eabi/lib/thumb/v7e-m+fp/hard\libc_nano.a(lib_a-nano-svfprintf.o)
                              d:/st/stm32cubeide_1.8.0/stm32cubeide/plugins/com.st.stm32cube.ide.mcu.externaltools.gnu-tools-for-stm32.9-2020-q2-update.win32_2.0.0.202105311346/tools/bin/../lib/gcc/arm-none-eabi/9.3.1/../../../../arm-none-eabi/lib/thumb/v7e-m+fp/hard\libc_nano.a(lib_a-vsprintf.o) (_svfprintf_r)
d:/st/stm32cubeide_1.8.0/stm32cubeide/plugins/com.st.stm32cube.ide.mcu.externaltools.gnu-tools-for-stm32.9-2020-q2-update.win32_2.0.0.202105311346/tools/bin/../lib/gcc/arm-none-eabi/9.3.1/../../../../arm-none-eabi/lib/thumb/v7e-m+fp/hard\libc_nano.a(lib_a-nano-vfprintf_i.o)
                              d:/st/stm32cubeide_1.8.0/stm32cubeide/plugins/com.st.stm32cube.ide.mcu.externaltools.gnu-tools-for-stm32.9-2020-q2-update.win32_2.0.0.202105311346/tools/bin/../lib/gcc/arm-none-eabi/9.3.1/../../../../arm-none-eabi/lib/thumb/v7e-m+fp/hard\libc_nano.a(lib_a-nano-svfprintf.o) (_printf_i)
d:/st/stm32cubeide_1.8.0/stm32cubeide/plugins/com.st.stm32cube.ide.mcu.externaltools.gnu-tools-for-stm32.9-2020-q2-update.win32_2.0.0.202105311346/tools/bin/../lib/gcc/arm-none-eabi/9.3.1/../../../../arm-none-eabi/lib/thumb/v7e-m+fp/hard\libc_nano.a(lib_a-memchr.o)
[...]
Memory Configuration

Name             Origin             Length             Attributes
RAM              0x0000000020000000 0x0000000000040000 xrw
FLASH            0x0000000008000000 0x0000000000080000 xr
*default*        0x0000000000000000 0xffffffffffffffff

Linker script and memory map

LOAD d:/st/stm32cubeide_1.8.0/stm32cubeide/plugins/com.st.stm32cube.ide.mcu.externaltools.gnu-tools-for-stm32.9-2020-q2-update.win32_2.0.0.202105311346/tools/bin/../lib/gcc/arm-none-eabi/9.3.1/thumb/v7e-m+fp/hard/crti.o
LOAD d:/st/stm32cubeide_1.8.0/stm32cubeide/plugins/com.st.stm32cube.ide.mcu.externaltools.gnu-tools-for-stm32.9-2020-q2-update.win32_2.0.0.202105311346/tools/bin/../lib/gcc/arm-none-eabi/9.3.1/thumb/v7e-m+fp/hard/crtbegin.o
LOAD d:/st/stm32cubeide_1.8.0/stm32cubeide/plugins/com.st.stm32cube.ide.mcu.externaltools.gnu-tools-for-stm32.9-2020-q2-update.win32_2.0.0.202105311346/tools/bin/../lib/gcc/arm-none-eabi/9.3.1/../../../../arm-none-eabi/lib/thumb/v7e-m+fp/hard/crt0.o
LOAD ./Core/Src/main.o
LOAD ./Core/Src/stm32f4xx_hal_msp.o
LOAD ./Core/Src/stm32f4xx_it.o
LOAD ./Core/Src/syscalls.o
LOAD ./Core/Src/sysmem.o
LOAD ./Core/Src/system_stm32f4xx.o
LOAD ./Core/Startup/startup_stm32f412ceux.o
LOAD ./Core/User_Libraries/Src/BMP280.o
LOAD ./Core/User_Libraries/Src/Console.o
LOAD ./Core/User_Libraries/Src/GPIO.o
LOAD ./Core/User_Libraries/Src/I2C.o
LOAD ./Core/User_Libraries/Src/MPU9250.o
LOAD ./Drivers/STM32F4xx_HAL_Driver/stm32f4xx_hal.o
LOAD ./Drivers/STM32F4xx_HAL_Driver/stm32f4xx_hal_cortex.o
LOAD ./Drivers/STM32F4xx_HAL_Driver/stm32f4xx_hal_dma.o
LOAD ./Drivers/STM32F4xx_HAL_Driver/stm32f4xx_hal_dma_ex.o
LOAD ./Drivers/STM32F4xx_HAL_Driver/stm32f4xx_hal_exti.o
LOAD ./Drivers/STM32F4xx_HAL_Driver/stm32f4xx_hal_flash.o
LOAD ./Drivers/STM32F4xx_HAL_Driver/stm32f4xx_hal_flash_ex.o
LOAD ./Drivers/STM32F4xx_HAL_Driver/stm32f4xx_hal_flash_ramfunc.o
LOAD ./Drivers/STM32F4xx_HAL_Driver/stm32f4xx_hal_gpio.o
LOAD ./Drivers/STM32F4xx_HAL_Driver/stm32f4xx_hal_pcd.o
LOAD ./Drivers/STM32F4xx_HAL_Driver/stm32f4xx_hal_pcd_ex.o
LOAD ./Drivers/STM32F4xx_HAL_Driver/stm32f4xx_hal_pwr.o
LOAD ./Drivers/STM32F4xx_HAL_Driver/stm32f4xx_hal_pwr_ex.o
LOAD ./Drivers/STM32F4xx_HAL_Driver/stm32f4xx_hal_rcc.o
LOAD ./Drivers/STM32F4xx_HAL_Driver/stm32f4xx_hal_rcc_ex.o
LOAD ./Drivers/STM32F4xx_HAL_Driver/stm32f4xx_hal_tim.o
LOAD ./Drivers/STM32F4xx_HAL_Driver/stm32f4xx_hal_tim_ex.o
LOAD ./Drivers/STM32F4xx_HAL_Driver/stm32f4xx_ll_usb.o
LOAD ./Middlewares/USB_Device_Library/usbd_cdc.o
LOAD ./Middlewares/USB_Device_Library/usbd_core.o
LOAD ./Middlewares/USB_Device_Library/usbd_ctlreq.o
LOAD ./Middlewares/USB_Device_Library/usbd_ioreq.o
LOAD ./USB_DEVICE/App/usb_device.o
LOAD ./USB_DEVICE/App/usbd_cdc_if.o
LOAD ./USB_DEVICE/App/usbd_desc.o
LOAD ./USB_DEVICE/Target/usbd_conf.o
START GROUP
LOAD d:/st/stm32cubeide_1.8.0/stm32cubeide/plugins/com.st.stm32cube.ide.mcu.externaltools.gnu-tools-for-stm32.9-2020-q2-update.win32_2.0.0.202105311346/tools/bin/../lib/gcc/arm-none-eabi/9.3.1/../../../../arm-none-eabi/lib/thumb/v7e-m+fp/hard\libc_nano.a
LOAD d:/st/stm32cubeide_1.8.0/stm32cubeide/plugins/com.st.stm32cube.ide.mcu.externaltools.gnu-tools-for-stm32.9-2020-q2-update.win32_2.0.0.202105311346/tools/bin/../lib/gcc/arm-none-eabi/9.3.1/../../../../arm-none-eabi/lib/thumb/v7e-m+fp/hard\libm.a
END GROUP
START GROUP
LOAD d:/st/stm32cubeide_1.8.0/stm32cubeide/plugins/com.st.stm32cube.ide.mcu.externaltools.gnu-tools-for-stm32.9-2020-q2-update.win32_2.0.0.202105311346/tools/bin/../lib/gcc/arm-none-eabi/9.3.1/thumb/v7e-m+fp/hard\libgcc.a
LOAD d:/st/stm32cubeide_1.8.0/stm32cubeide/plugins/com.st.stm32cube.ide.mcu.externaltools.gnu-tools-for-stm32.9-2020-q2-update.win32_2.0.0.202105311346/tools/bin/../lib/gcc/arm-none-eabi/9.3.1/../../../../arm-none-eabi/lib/thumb/v7e-m+fp/hard\libc_nano.a
END GROUP
START GROUP
LOAD d:/st/stm32cubeide_1.8.0/stm32cubeide/plugins/com.st.stm32cube.ide.mcu.externaltools.gnu-tools-for-stm32.9-2020-q2-update.win32_2.0.0.202105311346/tools/bin/../lib/gcc/arm-none-eabi/9.3.1/thumb/v7e-m+fp/hard\libgcc.a
LOAD d:/st/stm32cubeide_1.8.0/stm32cubeide/plugins/com.st.stm32cube.ide.mcu.externaltools.gnu-tools-for-stm32.9-2020-q2-update.win32_2.0.0.202105311346/tools/bin/../lib/gcc/arm-none-eabi/9.3.1/../../../../arm-none-eabi/lib/thumb/v7e-m+fp/hard\libc_nano.a
LOAD d:/st/stm32cubeide_1.8.0/stm32cubeide/plugins/com.st.stm32cube.ide.mcu.externaltools.gnu-tools-for-stm32.9-2020-q2-update.win32_2.0.0.202105311346/tools/bin/../lib/gcc/arm-none-eabi/9.3.1/../../../../arm-none-eabi/lib/thumb/v7e-m+fp/hard\libnosys.a
END GROUP
START GROUP
LOAD d:/st/stm32cubeide_1.8.0/stm32cubeide/plugins/com.st.stm32cube.ide.mcu.externaltools.gnu-tools-for-stm32.9-2020-q2-update.win32_2.0.0.202105311346/tools/bin/../lib/gcc/arm-none-eabi/9.3.1/thumb/v7e-m+fp/hard\libgcc.a
LOAD d:/st/stm32cubeide_1.8.0/stm32cubeide/plugins/com.st.stm32cube.ide.mcu.externaltools.gnu-tools-for-stm32.9-2020-q2-update.win32_2.0.0.202105311346/tools/bin/../lib/gcc/arm-none-eabi/9.3.1/../../../../arm-none-eabi/lib/thumb/v7e-m+fp/hard\libc_nano.a
LOAD d:/st/stm32cubeide_1.8.0/stm32cubeide/plugins/com.st.stm32cube.ide.mcu.externaltools.gnu-tools-for-stm32.9-2020-q2-update.win32_2.0.0.202105311346/tools/bin/../lib/gcc/arm-none-eabi/9.3.1/../../../../arm-none-eabi/lib/thumb/v7e-m+fp/hard\libnosys.a
END GROUP
LOAD d:/st/stm32cubeide_1.8.0/stm32cubeide/plugins/com.st.stm32cube.ide.mcu.externaltools.gnu-tools-for-stm32.9-2020-q2-update.win32_2.0.0.202105311346/tools/bin/../lib/gcc/arm-none-eabi/9.3.1/thumb/v7e-m+fp/hard/crtend.o
LOAD d:/st/stm32cubeide_1.8.0/stm32cubeide/plugins/com.st.stm32cube.ide.mcu.externaltools.gnu-tools-for-stm32.9-2020-q2-update.win32_2.0.0.202105311346/tools/bin/../lib/gcc/arm-none-eabi/9.3.1/thumb/v7e-m+fp/hard/crtn.o
                0x0000000020040000                _estack = (ORIGIN (RAM) + LENGTH (RAM))
                0x0000000000000200                _Min_Heap_Size = 0x200
                0x0000000000000400                _Min_Stack_Size = 0x400

.isr_vector     0x0000000008000000      0x1c4
                0x0000000008000000                . = ALIGN (0x4)
 *(.isr_vector)
 .isr_vector    0x0000000008000000      0x1c4 ./Core/Startup/startup_stm32f412ceux.o
                0x0000000008000000                g_pfnVectors
                0x00000000080001c4                . = ALIGN (0x4)

.text           0x00000000080001c4     0x6ff8
                0x00000000080001c4                . = ALIGN (0x4)
 *(.text)
 .text          0x00000000080001c4       0x40 d:/st/stm32cubeide_1.8.0/stm32cubeide/plugins/com.st.stm32cube.ide.mcu.externaltools.gnu-tools-for-stm32.9-2020-q2-update.win32_2.0.0.202105311346/tools/bin/../lib/gcc/arm-none-eabi/9.3.1/thumb/v7e-m+fp/hard/crtbegin.o
 .text          0x0000000008000204       0x30 d:/st/stm32cubeide_1.8.0/stm32cubeide/plugins/com.st.stm32cube.ide.mcu.externaltools.gnu-tools-for-stm32.9-2020-q2-update.win32_2.0.0.202105311346/tools/bin/../lib/gcc/arm-none-eabi/9.3.1/thumb/v7e-m+fp/hard\libgcc.a(_aeabi_uldivmod.o)
                0x0000000008000204                __aeabi_uldivmod
 .text          0x0000000008000234      0x2c4 d:/st/stm32cubeide_1.8.0/stm32cubeide/plugins/com.st.stm32cube.ide.mcu.externaltools.gnu-tools-for-stm32.9-2020-q2-update.win32_2.0.0.202105311346/tools/bin/../lib/gcc/arm-none-eabi/9.3.1/thumb/v7e-m+fp/hard\libgcc.a(_udivmoddi4.o)
                0x0000000008000234                __udivmoddi4
 .text          0x00000000080004f8        0x4 d:/st/stm32cubeide_1.8.0/stm32cubeide/plugins/com.st.stm32cube.ide.mcu.externaltools.gnu-tools-for-stm32.9-2020-q2-update.win32_2.0.0.202105311346/tools/bin/../lib/gcc/arm-none-eabi/9.3.1/thumb/v7e-m+fp/hard\libgcc.a(_dvmd_tls.o)
                0x00000000080004f8                __aeabi_idiv0
                0x00000000080004f8                __aeabi_ldiv0
 *(.text*)
 .text.main     0x00000000080004fc       0x20 ./Core/Src/main.o
                0x00000000080004fc                main
 .text.SystemClock_Config
                0x000000000800051c       0xd4 ./Core/Src/main.o
                0x000000000800051c                SystemClock_Config
 .text.MX_GPIO_Init
                0x00000000080005f0       0x50 ./Core/Src/main.o
 .text.Error_Handler
                0x0000000008000640        0xa ./Core/Src/main.o
                0x0000000008000640                Error_Handler
 *fill*         0x000000000800064a        0x2 
 .text.HAL_MspInit
                0x000000000800064c       0x50 ./Core/Src/stm32f4xx_hal_msp.o
                0x000000000800064c                HAL_MspInit
 .text.NMI_Handler
                0x000000000800069c        0x6 ./Core/Src/stm32f4xx_it.o
                0x000000000800069c                NMI_Handler
 .text.HardFault_Handler
                0x00000000080006a2        0x6 ./Core/Src/stm32f4xx_it.o
                0x00000000080006a2                HardFault_Handler
 .text.MemManage_Handler
                0x00000000080006a8        0x6 ./Core/Src/stm32f4xx_it.o
                0x00000000080006a8                MemManage_Handler
 .text.BusFault_Handler
                0x00000000080006ae        0x6 ./Core/Src/stm32f4xx_it.o
                0x00000000080006ae                BusFault_Handler
 .text.UsageFault_Handler
                0x00000000080006b4        0x6 ./Core/Src/stm32f4xx_it.o
                0x00000000080006b4                UsageFault_Handler
 .text.SVC_Handler
                0x00000000080006ba        0xe ./Core/Src/stm32f4xx_it.o
                0x00000000080006ba                SVC_Handler
 .text.DebugMon_Handler
                0x00000000080006c8        0xe ./Core/Src/stm32f4xx_it.o
                0x00000000080006c8                DebugMon_Handler
 .text.PendSV_Handler
                0x00000000080006d6        0xe ./Core/Src/stm32f4xx_it.o
                0x00000000080006d6                PendSV_Handler
 .text.SysTick_Handler
                0x00000000080006e4        0xc ./Core/Src/stm32f4xx_it.o
                0x00000000080006e4                SysTick_Handler
 .text.OTG_FS_IRQHandler
                0x00000000080006f0       0x14 ./Core/Src/stm32f4xx_it.o
                0x00000000080006f0                OTG_FS_IRQHandler
 .text.SystemInit
                0x0000000008000704       0x24 ./Core/Src/system_stm32f4xx.o
                0x0000000008000704                SystemInit
 .text.Reset_Handler
                0x0000000008000728       0x50 ./Core/Startup/startup_stm32f412ceux.o
                0x0000000008000728                Reset_Handler
 .text.Default_Handler
                0x0000000008000778        0x2 ./Core/Startup/startup_stm32f412ceux.o
                0x0000000008000778                RTC_Alarm_IRQHandler
                0x0000000008000778                EXTI2_IRQHandler
                0x0000000008000778                TIM8_CC_IRQHandler
                0x0000000008000778                FMPI2C1_EV_IRQHandler
                0x0000000008000778                SPI4_IRQHandler
                0x0000000008000778                TIM1_CC_IRQHandler
                0x0000000008000778                DMA2_Stream5_IRQHandler
                0x0000000008000778                DMA1_Stream5_IRQHandler
                0x0000000008000778                TIM6_IRQHandler
                0x0000000008000778                PVD_IRQHandler
                0x0000000008000778                SDIO_IRQHandler
                0x0000000008000778                TAMP_STAMP_IRQHandler
                0x0000000008000778                CAN2_RX1_IRQHandler
                0x0000000008000778                EXTI3_IRQHandler
                0x0000000008000778                TIM8_TRG_COM_TIM14_IRQHandler
                0x0000000008000778                DFSDM1_FLT1_IRQHandler
                0x0000000008000778                TIM1_UP_TIM10_IRQHandler
                0x0000000008000778                TIM8_UP_TIM13_IRQHandler
                0x0000000008000778                I2C3_ER_IRQHandler
                0x0000000008000778                EXTI0_IRQHandler
                0x0000000008000778                I2C2_EV_IRQHandler
                0x0000000008000778                DMA1_Stream2_IRQHandler
                0x0000000008000778                CAN1_RX0_IRQHandler
                0x0000000008000778                FPU_IRQHandler
                0x0000000008000778                CAN2_SCE_IRQHandler
                0x0000000008000778                DMA2_Stream2_IRQHandler
                0x0000000008000778                SPI1_IRQHandler
                0x0000000008000778                TIM1_BRK_TIM9_IRQHandler
                0x0000000008000778                CAN2_RX0_IRQHandler
                0x0000000008000778                DMA2_Stream3_IRQHandler
                0x0000000008000778                USART6_IRQHandler
                0x0000000008000778                USART3_IRQHandler
                0x0000000008000778                CAN1_RX1_IRQHandler
                0x0000000008000778                DMA2_Stream0_IRQHandler
                0x0000000008000778                TIM4_IRQHandler
                0x0000000008000778                I2C1_EV_IRQHandler
                0x0000000008000778                DMA1_Stream6_IRQHandler
                0x0000000008000778                DMA1_Stream1_IRQHandler
                0x0000000008000778                TIM3_IRQHandler
                0x0000000008000778                RCC_IRQHandler
                0x0000000008000778                TIM8_BRK_TIM12_IRQHandler
                0x0000000008000778                Default_Handler
                0x0000000008000778                EXTI15_10_IRQHandler
                0x0000000008000778                ADC_IRQHandler
                0x0000000008000778                DMA1_Stream7_IRQHandler
                0x0000000008000778                SPI5_IRQHandler
                0x0000000008000778                TIM7_IRQHandler
                0x0000000008000778                CAN2_TX_IRQHandler
                0x0000000008000778                TIM5_IRQHandler
                0x0000000008000778                DMA2_Stream7_IRQHandler
                0x0000000008000778                I2C3_EV_IRQHandler
                0x0000000008000778                EXTI9_5_IRQHandler
                0x0000000008000778                RTC_WKUP_IRQHandler
                0x0000000008000778                SPI2_IRQHandler
                0x0000000008000778                DMA1_Stream0_IRQHandler
                0x0000000008000778                CAN1_TX_IRQHandler
                0x0000000008000778                FMPI2C1_ER_IRQHandler
                0x0000000008000778                EXTI4_IRQHandler
                0x0000000008000778                RNG_IRQHandler
                0x0000000008000778                WWDG_IRQHandler
                0x0000000008000778                TIM2_IRQHandler
                0x0000000008000778                OTG_FS_WKUP_IRQHandler
                0x0000000008000778                TIM1_TRG_COM_TIM11_IRQHandler
                0x0000000008000778                EXTI1_IRQHandler
                0x0000000008000778                USART2_IRQHandler
                0x0000000008000778                DFSDM1_FLT0_IRQHandler
                0x0000000008000778                I2C2_ER_IRQHandler
                0x0000000008000778                DMA2_Stream1_IRQHandler
                0x0000000008000778                CAN1_SCE_IRQHandler
                0x0000000008000778                FLASH_IRQHandler
                0x0000000008000778                DMA2_Stream4_IRQHandler
                0x0000000008000778                USART1_IRQHandler
                0x0000000008000778                SPI3_IRQHandler
                0x0000000008000778                DMA1_Stream4_IRQHandler
                0x0000000008000778                I2C1_ER_IRQHandler
                0x0000000008000778                DMA2_Stream6_IRQHandler
                0x0000000008000778                DMA1_Stream3_IRQHandler
 *fill*         0x000000000800077a        0x2 
 .text.BMP280_Init
                0x000000000800077c      0x328 ./Core/User_Libraries/Src/BMP280.o
                0x000000000800077c                BMP280_Init
 .text.GPIO_Pin_Setup
                0x0000000008000aa4      0x110 ./Core/User_Libraries/Src/GPIO.o
                0x0000000008000aa4                GPIO_Pin_Setup
 .text.Delay_us
                0x0000000008000bb4       0x60 ./Core/User_Libraries/Src/I2C.o
 .text.I2C_Master_Init
                0x0000000008000c14      0x140 ./Core/User_Libraries/Src/I2C.o
                0x0000000008000c14                I2C_Master_Init
 .text.I2C_Master_Start
                0x0000000008000d54       0x34 ./Core/User_Libraries/Src/I2C.o
                0x0000000008000d54                I2C_Master_Start
 .text.I2C_Master_Address
                0x0000000008000d88       0x68 ./Core/User_Libraries/Src/I2C.o
                0x0000000008000d88                I2C_Master_Address
 .text.I2C_Master_Send_Byte
                0x0000000008000df0       0x42 ./Core/User_Libraries/Src/I2C.o
                0x0000000008000df0                I2C_Master_Send_Byte
 .text.I2C_Master_Receive_Byte
                0x0000000008000e32       0x46 ./Core/User_Libraries/Src/I2C.o
                0x0000000008000e32                I2C_Master_Receive_Byte
 .text.I2C_Master_Stop
                0x0000000008000e78       0x24 ./Core/User_Libraries/Src/I2C.o
                0x0000000008000e78                I2C_Master_Stop
 .text.I2C_Master_Write_Register
                0x0000000008000e9c       0x6a ./Core/User_Libraries/Src/I2C.o
                0x0000000008000e9c                I2C_Master_Write_Register
 *fill*         0x0000000008000f06        0x2 
 .text.I2C_Master_Read_Register
                0x0000000008000f08       0x9c ./Core/User_Libraries/Src/I2C.o
                0x0000000008000f08                I2C_Master_Read_Register
 .text.I2C_Master_Write_Register_bits
                0x0000000008000fa4       0x74 ./Core/User_Libraries/Src/I2C.o
                0x0000000008000fa4                I2C_Master_Write_Register_bits
 .text.I2C_Master_Read_Register_bit
                0x0000000008001018       0x50 ./Core/User_Libraries/Src/I2C.o
                0x0000000008001018                I2C_Master_Read_Register_bit
 .text.HAL_Init
                0x0000000008001068       0x44 ./Drivers/STM32F4xx_HAL_Driver/stm32f4xx_hal.o
                0x0000000008001068                HAL_Init
 .text.HAL_InitTick
                0x00000000080010ac       0x60 ./Drivers/STM32F4xx_HAL_Driver/stm32f4xx_hal.o
                0x00000000080010ac                HAL_InitTick
 .text.HAL_IncTick
                0x000000000800110c       0x28 ./Drivers/STM32F4xx_HAL_Driver/stm32f4xx_hal.o
                0x000000000800110c                HAL_IncTick
 .text.HAL_GetTick
                0x0000000008001134       0x18 ./Drivers/STM32F4xx_HAL_Driver/stm32f4xx_hal.o
                0x0000000008001134                HAL_GetTick
 .text.HAL_Delay
                0x000000000800114c       0x48 ./Drivers/STM32F4xx_HAL_Driver/stm32f4xx_hal.o
                0x000000000800114c                HAL_Delay
 .text.__NVIC_SetPriorityGrouping
                0x0000000008001194       0x48 ./Drivers/STM32F4xx_HAL_Driver/stm32f4xx_hal_cortex.o
 .text.__NVIC_GetPriorityGrouping
                0x00000000080011dc       0x1c ./Drivers/STM32F4xx_HAL_Driver/stm32f4xx_hal_cortex.o
 .text.__NVIC_EnableIRQ
                0x00000000080011f8       0x3c ./Drivers/STM32F4xx_HAL_Driver/stm32f4xx_hal_cortex.o
 .text.__NVIC_SetPriority
                0x0000000008001234       0x54 ./Drivers/STM32F4xx_HAL_Driver/stm32f4xx_hal_cortex.o
 .text.NVIC_EncodePriority
                0x0000000008001288       0x66 ./Drivers/STM32F4xx_HAL_Driver/stm32f4xx_hal_cortex.o
 *fill*         0x00000000080012ee        0x2 
 .text.SysTick_Config
                0x00000000080012f0       0x44 ./Drivers/STM32F4xx_HAL_Driver/stm32f4xx_hal_cortex.o
 .text.HAL_NVIC_SetPriorityGrouping
                0x0000000008001334       0x16 ./Drivers/STM32F4xx_HAL_Driver/stm32f4xx_hal_cortex.o
                0x0000000008001334                HAL_NVIC_SetPriorityGrouping
 .text.HAL_NVIC_SetPriority
                0x000000000800134a       0x38 ./Drivers/STM32F4xx_HAL_Driver/stm32f4xx_hal_cortex.o
                0x000000000800134a                HAL_NVIC_SetPriority
 .text.HAL_NVIC_EnableIRQ
                0x0000000008001382       0x1c ./Drivers/STM32F4xx_HAL_Driver/stm32f4xx_hal_cortex.o
                0x0000000008001382                HAL_NVIC_EnableIRQ
 .text.HAL_SYSTICK_Config
                0x000000000800139e       0x18 ./Drivers/STM32F4xx_HAL_Driver/stm32f4xx_hal_cortex.o
                0x000000000800139e                HAL_SYSTICK_Config
 *fill*         0x00000000080013b6        0x2 
 .text.HAL_GPIO_Init
                0x00000000080013b8      0x2e8 ./Drivers/STM32F4xx_HAL_Driver/stm32f4xx_hal_gpio.o
                0x00000000080013b8                HAL_GPIO_Init
 .text.HAL_PCD_Init
                0x00000000080016a0      0x248 ./Drivers/STM32F4xx_HAL_Driver/stm32f4xx_hal_pcd.o
                0x00000000080016a0                HAL_PCD_Init
 .text.HAL_PCD_Start
                0x00000000080018e8       0x66 ./Drivers/STM32F4xx_HAL_Driver/stm32f4xx_hal_pcd.o
                0x00000000080018e8                HAL_PCD_Start
 .text.HAL_PCD_IRQHandler
                0x000000000800194e      0x7be ./Drivers/STM32F4xx_HAL_Driver/stm32f4xx_hal_pcd.o
                0x000000000800194e                HAL_PCD_IRQHandler
 .text.HAL_PCD_SetAddress
                0x000000000800210c       0x4a ./Drivers/STM32F4xx_HAL_Driver/stm32f4xx_hal_pcd.o
                0x000000000800210c                HAL_PCD_SetAddress
 .text.HAL_PCD_EP_Open
                0x0000000008002156       0xd0 ./Drivers/STM32F4xx_HAL_Driver/stm32f4xx_hal_pcd.o
                0x0000000008002156                HAL_PCD_EP_Open
 .text.HAL_PCD_EP_Close
                0x0000000008002226       0x94 ./Drivers/STM32F4xx_HAL_Driver/stm32f4xx_hal_pcd.o
                0x0000000008002226                HAL_PCD_EP_Close
 .text.HAL_PCD_EP_Receive
                0x00000000080022ba       0x96 ./Drivers/STM32F4xx_HAL_Driver/stm32f4xx_hal_pcd.o
                0x00000000080022ba                HAL_PCD_EP_Receive
 .text.HAL_PCD_EP_GetRxCount
                0x0000000008002350       0x30 ./Drivers/STM32F4xx_HAL_Driver/stm32f4xx_hal_pcd.o
                0x0000000008002350                HAL_PCD_EP_GetRxCount
 .text.HAL_PCD_EP_Transmit
                0x0000000008002380       0x94 ./Drivers/STM32F4xx_HAL_Driver/stm32f4xx_hal_pcd.o
                0x0000000008002380                HAL_PCD_EP_Transmit
 .text.HAL_PCD_EP_SetStall
                0x0000000008002414       0xc8 ./Drivers/STM32F4xx_HAL_Driver/stm32f4xx_hal_pcd.o
                0x0000000008002414                HAL_PCD_EP_SetStall
 .text.HAL_PCD_EP_ClrStall
                0x00000000080024dc       0xac ./Drivers/STM32F4xx_HAL_Driver/stm32f4xx_hal_pcd.o
                0x00000000080024dc                HAL_PCD_EP_ClrStall
 .text.PCD_WriteEmptyTxFifo
                0x0000000008002588      0x11a ./Drivers/STM32F4xx_HAL_Driver/stm32f4xx_hal_pcd.o
 *fill*         0x00000000080026a2        0x2 
 .text.PCD_EP_OutXfrComplete_int
                0x00000000080026a4      0x218 ./Drivers/STM32F4xx_HAL_Driver/stm32f4xx_hal_pcd.o
 .text.PCD_EP_OutSetupPacket_int
                0x00000000080028bc       0x8c ./Drivers/STM32F4xx_HAL_Driver/stm32f4xx_hal_pcd.o
 .text.HAL_PCDEx_SetTxFiFo
                0x0000000008002948       0x8e ./Drivers/STM32F4xx_HAL_Driver/stm32f4xx_hal_pcd_ex.o
                0x0000000008002948                HAL_PCDEx_SetTxFiFo
 .text.HAL_PCDEx_SetRxFiFo
                0x00000000080029d6       0x22 ./Drivers/STM32F4xx_HAL_Driver/stm32f4xx_hal_pcd_ex.o
                0x00000000080029d6                HAL_PCDEx_SetRxFiFo
 .text.HAL_PCDEx_ActivateLPM
                0x00000000080029f8       0x48 ./Drivers/STM32F4xx_HAL_Driver/stm32f4xx_hal_pcd_ex.o
                0x00000000080029f8                HAL_PCDEx_ActivateLPM
 .text.HAL_RCC_ClockConfig
                0x0000000008002a40      0x1cc ./Drivers/STM32F4xx_HAL_Driver/stm32f4xx_hal_rcc.o
                0x0000000008002a40                HAL_RCC_ClockConfig
 .text.HAL_RCC_GetSysClockFreq
                0x0000000008002c0c      0x1c0 ./Drivers/STM32F4xx_HAL_Driver/stm32f4xx_hal_rcc.o
                0x0000000008002c0c                HAL_RCC_GetSysClockFreq
 .text.HAL_RCC_GetHCLKFreq
                0x0000000008002dcc       0x18 ./Drivers/STM32F4xx_HAL_Driver/stm32f4xx_hal_rcc.o
                0x0000000008002dcc                HAL_RCC_GetHCLKFreq
 .text.HAL_RCCEx_PeriphCLKConfig
                0x0000000008002de4      0x39c ./Drivers/STM32F4xx_HAL_Driver/stm32f4xx_hal_rcc_ex.o
                0x0000000008002de4                HAL_RCCEx_PeriphCLKConfig
 .text.HAL_RCC_OscConfig
                0x0000000008003180      0x508 ./Drivers/STM32F4xx_HAL_Driver/stm32f4xx_hal_rcc_ex.o
                0x0000000008003180                HAL_RCC_OscConfig
 .text.USB_CoreInit
                0x0000000008003688       0xc2 ./Drivers/STM32F4xx_HAL_Driver/stm32f4xx_ll_usb.o
                0x0000000008003688                USB_CoreInit
 *fill*         0x000000000800374a        0x2 
 .text.USB_SetTurnaroundTime
                0x000000000800374c      0x144 ./Drivers/STM32F4xx_HAL_Driver/stm32f4xx_ll_usb.o
                0x000000000800374c                USB_SetTurnaroundTime
 .text.USB_EnableGlobalInt
                0x0000000008003890       0x22 ./Drivers/STM32F4xx_HAL_Driver/stm32f4xx_ll_usb.o
                0x0000000008003890                USB_EnableGlobalInt
 .text.USB_DisableGlobalInt
                0x00000000080038b2       0x22 ./Drivers/STM32F4xx_HAL_Driver/stm32f4xx_ll_usb.o
                0x00000000080038b2                USB_DisableGlobalInt
 .text.USB_SetCurrentMode
                0x00000000080038d4       0x98 ./Drivers/STM32F4xx_HAL_Driver/stm32f4xx_ll_usb.o
                0x00000000080038d4                USB_SetCurrentMode
 .text.USB_DevInit
                0x000000000800396c      0x2bc ./Drivers/STM32F4xx_HAL_Driver/stm32f4xx_ll_usb.o
                0x000000000800396c                USB_DevInit
 .text.USB_FlushTxFifo
                0x0000000008003c28       0x48 ./Drivers/STM32F4xx_HAL_Driver/stm32f4xx_ll_usb.o
                0x0000000008003c28                USB_FlushTxFifo
 .text.USB_FlushRxFifo
                0x0000000008003c70       0x40 ./Drivers/STM32F4xx_HAL_Driver/stm32f4xx_ll_usb.o
                0x0000000008003c70                USB_FlushRxFifo
 .text.USB_SetDevSpeed
                0x0000000008003cb0       0x32 ./Drivers/STM32F4xx_HAL_Driver/stm32f4xx_ll_usb.o
                0x0000000008003cb0                USB_SetDevSpeed
 .text.USB_GetDevSpeed
                0x0000000008003ce2       0x4a ./Drivers/STM32F4xx_HAL_Driver/stm32f4xx_ll_usb.o
                0x0000000008003ce2                USB_GetDevSpeed
 .text.USB_ActivateEndpoint
                0x0000000008003d2c      0x10e ./Drivers/STM32F4xx_HAL_Driver/stm32f4xx_ll_usb.o
                0x0000000008003d2c                USB_ActivateEndpoint
 *fill*         0x0000000008003e3a        0x2 
 .text.USB_DeactivateEndpoint
                0x0000000008003e3c      0x1b8 ./Drivers/STM32F4xx_HAL_Driver/stm32f4xx_ll_usb.o
                0x0000000008003e3c                USB_DeactivateEndpoint
 .text.USB_EPStartXfer
                0x0000000008003ff4      0x488 ./Drivers/STM32F4xx_HAL_Driver/stm32f4xx_ll_usb.o
                0x0000000008003ff4                USB_EPStartXfer
 .text.USB_EP0StartXfer
                0x000000000800447c      0x2a6 ./Drivers/STM32F4xx_HAL_Driver/stm32f4xx_ll_usb.o
                0x000000000800447c                USB_EP0StartXfer
 .text.USB_WritePacket
                0x0000000008004722       0x7c ./Drivers/STM32F4xx_HAL_Driver/stm32f4xx_ll_usb.o
                0x0000000008004722                USB_WritePacket
 .text.USB_ReadPacket
                0x000000000800479e       0xb0 ./Drivers/STM32F4xx_HAL_Driver/stm32f4xx_ll_usb.o
                0x000000000800479e                USB_ReadPacket
 .text.USB_EPSetStall
                0x000000000800484e       0xdc ./Drivers/STM32F4xx_HAL_Driver/stm32f4xx_ll_usb.o
                0x000000000800484e                USB_EPSetStall
 .text.USB_EPClearStall
                0x000000000800492a       0xcc ./Drivers/STM32F4xx_HAL_Driver/stm32f4xx_ll_usb.o
                0x000000000800492a                USB_EPClearStall
 .text.USB_SetDevAddress
                0x00000000080049f6       0x4c ./Drivers/STM32F4xx_HAL_Driver/stm32f4xx_ll_usb.o
                0x00000000080049f6                USB_SetDevAddress
 .text.USB_DevConnect
                0x0000000008004a42       0x42 ./Drivers/STM32F4xx_HAL_Driver/stm32f4xx_ll_usb.o
                0x0000000008004a42                USB_DevConnect
 .text.USB_DevDisconnect
                0x0000000008004a84       0x42 ./Drivers/STM32F4xx_HAL_Driver/stm32f4xx_ll_usb.o
                0x0000000008004a84                USB_DevDisconnect
 .text.USB_ReadInterrupts
                0x0000000008004ac6       0x26 ./Drivers/STM32F4xx_HAL_Driver/stm32f4xx_ll_usb.o
                0x0000000008004ac6                USB_ReadInterrupts
 .text.USB_ReadDevAllOutEpInterrupt
                0x0000000008004aec       0x34 ./Drivers/STM32F4xx_HAL_Driver/stm32f4xx_ll_usb.o
                0x0000000008004aec                USB_ReadDevAllOutEpInterrupt
 .text.USB_ReadDevAllInEpInterrupt
                0x0000000008004b20       0x34 ./Drivers/STM32F4xx_HAL_Driver/stm32f4xx_ll_usb.o
                0x0000000008004b20                USB_ReadDevAllInEpInterrupt
 .text.USB_ReadDevOutEPInterrupt
                0x0000000008004b54       0x3c ./Drivers/STM32F4xx_HAL_Driver/stm32f4xx_ll_usb.o
                0x0000000008004b54                USB_ReadDevOutEPInterrupt
 .text.USB_ReadDevInEPInterrupt
                0x0000000008004b90       0x5c ./Drivers/STM32F4xx_HAL_Driver/stm32f4xx_ll_usb.o
                0x0000000008004b90                USB_ReadDevInEPInterrupt
 .text.USB_GetMode
                0x0000000008004bec       0x1c ./Drivers/STM32F4xx_HAL_Driver/stm32f4xx_ll_usb.o
                0x0000000008004bec                USB_GetMode
 .text.USB_ActivateSetup
                0x0000000008004c08       0x46 ./Drivers/STM32F4xx_HAL_Driver/stm32f4xx_ll_usb.o
                0x0000000008004c08                USB_ActivateSetup
 *fill*         0x0000000008004c4e        0x2 
 .text.USB_EP0_OutStart
                0x0000000008004c50       0xbc ./Drivers/STM32F4xx_HAL_Driver/stm32f4xx_ll_usb.o
                0x0000000008004c50                USB_EP0_OutStart
 .text.USB_CoreReset
                0x0000000008004d0c       0x64 ./Drivers/STM32F4xx_HAL_Driver/stm32f4xx_ll_usb.o
 .text.USBD_CDC_Init
                0x0000000008004d70       0xfe ./Middlewares/USB_Device_Library/usbd_cdc.o
 .text.USBD_CDC_DeInit
                0x0000000008004e6e       0x74 ./Middlewares/USB_Device_Library/usbd_cdc.o
 *fill*         0x0000000008004ee2        0x2 
 .text.USBD_CDC_Setup
                0x0000000008004ee4      0x190 ./Middlewares/USB_Device_Library/usbd_cdc.o
 .text.USBD_CDC_DataIn
                0x0000000008005074       0xca ./Middlewares/USB_Device_Library/usbd_cdc.o
 .text.USBD_CDC_DataOut
                0x000000000800513e       0x56 ./Middlewares/USB_Device_Library/usbd_cdc.o
 .text.USBD_CDC_EP0_RxReady
                0x0000000008005194       0x5a ./Middlewares/USB_Device_Library/usbd_cdc.o
 *fill*         0x00000000080051ee        0x2 
 .text.USBD_CDC_GetFSCfgDesc
                0x00000000080051f0       0x20 ./Middlewares/USB_Device_Library/usbd_cdc.o
 .text.USBD_CDC_GetHSCfgDesc
                0x0000000008005210       0x20 ./Middlewares/USB_Device_Library/usbd_cdc.o
 .text.USBD_CDC_GetOtherSpeedCfgDesc
                0x0000000008005230       0x20 ./Middlewares/USB_Device_Library/usbd_cdc.o
 .text.USBD_CDC_GetDeviceQualifierDescriptor
                0x0000000008005250       0x20 ./Middlewares/USB_Device_Library/usbd_cdc.o
                0x0000000008005250                USBD_CDC_GetDeviceQualifierDescriptor
 .text.USBD_CDC_RegisterInterface
                0x0000000008005270       0x2a ./Middlewares/USB_Device_Library/usbd_cdc.o
                0x0000000008005270                USBD_CDC_RegisterInterface
 .text.USBD_CDC_SetTxBuffer
                0x000000000800529a       0x3c ./Middlewares/USB_Device_Library/usbd_cdc.o
                0x000000000800529a                USBD_CDC_SetTxBuffer
 .text.USBD_CDC_SetRxBuffer
                0x00000000080052d6       0x32 ./Middlewares/USB_Device_Library/usbd_cdc.o
                0x00000000080052d6                USBD_CDC_SetRxBuffer
 .text.USBD_CDC_ReceivePacket
                0x0000000008005308       0x54 ./Middlewares/USB_Device_Library/usbd_cdc.o
                0x0000000008005308                USBD_CDC_ReceivePacket
 .text.USBD_Init
                0x000000000800535c       0x60 ./Middlewares/USB_Device_Library/usbd_core.o
                0x000000000800535c                USBD_Init
 .text.USBD_RegisterClass
                0x00000000080053bc       0x4e ./Middlewares/USB_Device_Library/usbd_core.o
                0x00000000080053bc                USBD_RegisterClass
 .text.USBD_Start
                0x000000000800540a       0x18 ./Middlewares/USB_Device_Library/usbd_core.o
                0x000000000800540a                USBD_Start
 .text.USBD_RunTestMode
                0x0000000008005422       0x16 ./Middlewares/USB_Device_Library/usbd_core.o
                0x0000000008005422                USBD_RunTestMode
 .text.USBD_SetClassConfig
                0x0000000008005438       0x38 ./Middlewares/USB_Device_Library/usbd_core.o
                0x0000000008005438                USBD_SetClassConfig
 .text.USBD_ClrClassConfig
                0x0000000008005470       0x30 ./Middlewares/USB_Device_Library/usbd_core.o
                0x0000000008005470                USBD_ClrClassConfig
 .text.USBD_LL_SetupStage
                0x00000000080054a0       0xaa ./Middlewares/USB_Device_Library/usbd_core.o
                0x00000000080054a0                USBD_LL_SetupStage
 .text.USBD_LL_DataOutStage
                0x000000000800554a       0xc6 ./Middlewares/USB_Device_Library/usbd_core.o
                0x000000000800554a                USBD_LL_DataOutStage
 .text.USBD_LL_DataInStage
                0x0000000008005610      0x12c ./Middlewares/USB_Device_Library/usbd_core.o
                0x0000000008005610                USBD_LL_DataInStage
 .text.USBD_LL_Reset
                0x000000000800573c       0x9c ./Middlewares/USB_Device_Library/usbd_core.o
                0x000000000800573c                USBD_LL_Reset
 .text.USBD_LL_SetSpeed
                0x00000000080057d8       0x20 ./Middlewares/USB_Device_Library/usbd_core.o
                0x00000000080057d8                USBD_LL_SetSpeed
 .text.USBD_LL_Suspend
                0x00000000080057f8       0x2c ./Middlewares/USB_Device_Library/usbd_core.o
                0x00000000080057f8                USBD_LL_Suspend
 .text.USBD_LL_Resume
                0x0000000008005824       0x30 ./Middlewares/USB_Device_Library/usbd_core.o
                0x0000000008005824                USBD_LL_Resume
 .text.USBD_LL_SOF
                0x0000000008005854       0x44 ./Middlewares/USB_Device_Library/usbd_core.o
                0x0000000008005854                USBD_LL_SOF
 .text.USBD_LL_IsoINIncomplete
                0x0000000008005898       0x4c ./Middlewares/USB_Device_Library/usbd_core.o
                0x0000000008005898                USBD_LL_IsoINIncomplete
 .text.USBD_LL_IsoOUTIncomplete
                0x00000000080058e4       0x4c ./Middlewares/USB_Device_Library/usbd_core.o
                0x00000000080058e4                USBD_LL_IsoOUTIncomplete
 .text.USBD_LL_DevConnected
                0x0000000008005930       0x16 ./Middlewares/USB_Device_Library/usbd_core.o
                0x0000000008005930                USBD_LL_DevConnected
 .text.USBD_LL_DevDisconnected
                0x0000000008005946       0x38 ./Middlewares/USB_Device_Library/usbd_core.o
                0x0000000008005946                USBD_LL_DevDisconnected
 .text.SWAPBYTE
                0x000000000800597e       0x3c ./Middlewares/USB_Device_Library/usbd_ctlreq.o
 *fill*         0x00000000080059ba        0x2 
 .text.USBD_StdDevReq
                0x00000000080059bc       0xdc ./Middlewares/USB_Device_Library/usbd_ctlreq.o
                0x00000000080059bc                USBD_StdDevReq
 .text.USBD_StdItfReq
                0x0000000008005a98       0x92 ./Middlewares/USB_Device_Library/usbd_ctlreq.o
                0x0000000008005a98                USBD_StdItfReq
 .text.USBD_StdEPReq
                0x0000000008005b2a      0x2c4 ./Middlewares/USB_Device_Library/usbd_ctlreq.o
                0x0000000008005b2a                USBD_StdEPReq
 *fill*         0x0000000008005dee        0x2 
 .text.USBD_GetDescriptor
                0x0000000008005df0      0x328 ./Middlewares/USB_Device_Library/usbd_ctlreq.o
 .text.USBD_SetAddress
                0x0000000008006118       0x88 ./Middlewares/USB_Device_Library/usbd_ctlreq.o
 .text.USBD_SetConfig
                0x00000000080061a0      0x14c ./Middlewares/USB_Device_Library/usbd_ctlreq.o
 .text.USBD_GetConfig
                0x00000000080062ec       0x6c ./Middlewares/USB_Device_Library/usbd_ctlreq.o
 .text.USBD_GetStatus
                0x0000000008006358       0x68 ./Middlewares/USB_Device_Library/usbd_ctlreq.o
 .text.USBD_SetFeature
                0x00000000080063c0       0x28 ./Middlewares/USB_Device_Library/usbd_ctlreq.o
 .text.USBD_ClrFeature
                0x00000000080063e8       0x44 ./Middlewares/USB_Device_Library/usbd_ctlreq.o
 .text.USBD_ParseSetupRequest
                0x000000000800642c       0x74 ./Middlewares/USB_Device_Library/usbd_ctlreq.o
                0x000000000800642c                USBD_ParseSetupRequest
 .text.USBD_CtlError
                0x00000000080064a0       0x22 ./Middlewares/USB_Device_Library/usbd_ctlreq.o
                0x00000000080064a0                USBD_CtlError
 .text.USBD_GetString
                0x00000000080064c2       0x8c ./Middlewares/USB_Device_Library/usbd_ctlreq.o
                0x00000000080064c2                USBD_GetString
 .text.USBD_GetLen
                0x000000000800654e       0x34 ./Middlewares/USB_Device_Library/usbd_ctlreq.o
 .text.USBD_CtlSendData
                0x0000000008006582       0x36 ./Middlewares/USB_Device_Library/usbd_ioreq.o
                0x0000000008006582                USBD_CtlSendData
 .text.USBD_CtlContinueSendData
                0x00000000080065b8       0x22 ./Middlewares/USB_Device_Library/usbd_ioreq.o
                0x00000000080065b8                USBD_CtlContinueSendData
 .text.USBD_CtlPrepareRx
                0x00000000080065da       0x3a ./Middlewares/USB_Device_Library/usbd_ioreq.o
                0x00000000080065da                USBD_CtlPrepareRx
 .text.USBD_CtlContinueRx
                0x0000000008006614       0x22 ./Middlewares/USB_Device_Library/usbd_ioreq.o
                0x0000000008006614                USBD_CtlContinueRx
 .text.USBD_CtlSendStatus
                0x0000000008006636       0x26 ./Middlewares/USB_Device_Library/usbd_ioreq.o
                0x0000000008006636                USBD_CtlSendStatus
 .text.USBD_CtlReceiveStatus
                0x000000000800665c       0x26 ./Middlewares/USB_Device_Library/usbd_ioreq.o
                0x000000000800665c                USBD_CtlReceiveStatus
 *fill*         0x0000000008006682        0x2 
 .text.MX_USB_DEVICE_Init
                0x0000000008006684       0x60 ./USB_DEVICE/App/usb_device.o
                0x0000000008006684                MX_USB_DEVICE_Init
 .text.CDC_Init_FS
                0x00000000080066e4       0x28 ./USB_DEVICE/App/usbd_cdc_if.o
 .text.CDC_DeInit_FS
                0x000000000800670c       0x10 ./USB_DEVICE/App/usbd_cdc_if.o
 .text.CDC_Control_FS
                0x000000000800671c       0xbc ./USB_DEVICE/App/usbd_cdc_if.o
 .text.CDC_Receive_FS
                0x00000000080067d8       0x28 ./USB_DEVICE/App/usbd_cdc_if.o
 .text.CDC_TransmitCplt_FS
                0x0000000008006800       0x22 ./USB_DEVICE/App/usbd_cdc_if.o
 *fill*         0x0000000008006822        0x2 
 .text.USBD_FS_DeviceDescriptor
                0x0000000008006824       0x24 ./USB_DEVICE/App/usbd_desc.o
                0x0000000008006824                USBD_FS_DeviceDescriptor
 .text.USBD_FS_LangIDStrDescriptor
                0x0000000008006848       0x24 ./USB_DEVICE/App/usbd_desc.o
                0x0000000008006848                USBD_FS_LangIDStrDescriptor
 .text.USBD_FS_ProductStrDescriptor
                0x000000000800686c       0x3c ./USB_DEVICE/App/usbd_desc.o
                0x000000000800686c                USBD_FS_ProductStrDescriptor
 .text.USBD_FS_ManufacturerStrDescriptor
                0x00000000080068a8       0x28 ./USB_DEVICE/App/usbd_desc.o
                0x00000000080068a8                USBD_FS_ManufacturerStrDescriptor
 .text.USBD_FS_SerialStrDescriptor
                0x00000000080068d0       0x24 ./USB_DEVICE/App/usbd_desc.o
                0x00000000080068d0                USBD_FS_SerialStrDescriptor
 .text.USBD_FS_ConfigStrDescriptor
                0x00000000080068f4       0x3c ./USB_DEVICE/App/usbd_desc.o
                0x00000000080068f4                USBD_FS_ConfigStrDescriptor
 .text.USBD_FS_InterfaceStrDescriptor
                0x0000000008006930       0x3c ./USB_DEVICE/App/usbd_desc.o
                0x0000000008006930                USBD_FS_InterfaceStrDescriptor
 .text.USBD_FS_USR_BOSDescriptor
                0x000000000800696c       0x24 ./USB_DEVICE/App/usbd_desc.o
                0x000000000800696c                USBD_FS_USR_BOSDescriptor
 .text.Get_SerialNum
                0x0000000008006990       0x58 ./USB_DEVICE/App/usbd_desc.o
 .text.IntToUnicode
                0x00000000080069e8       0x7e ./USB_DEVICE/App/usbd_desc.o
 *fill*         0x0000000008006a66        0x2 
 .text.HAL_PCD_MspInit
                0x0000000008006a68       0xd4 ./USB_DEVICE/Target/usbd_conf.o
                0x0000000008006a68                HAL_PCD_MspInit
 .text.HAL_PCD_SetupStageCallback
                0x0000000008006b3c       0x24 ./USB_DEVICE/Target/usbd_conf.o
                0x0000000008006b3c                HAL_PCD_SetupStageCallback
 .text.HAL_PCD_DataOutStageCallback
                0x0000000008006b60       0x36 ./USB_DEVICE/Target/usbd_conf.o
                0x0000000008006b60                HAL_PCD_DataOutStageCallback
 .text.HAL_PCD_DataInStageCallback
                0x0000000008006b96       0x34 ./USB_DEVICE/Target/usbd_conf.o
                0x0000000008006b96                HAL_PCD_DataInStageCallback
 .text.HAL_PCD_SOFCallback
                0x0000000008006bca       0x1c ./USB_DEVICE/Target/usbd_conf.o
                0x0000000008006bca                HAL_PCD_SOFCallback
 .text.HAL_PCD_ResetCallback
                0x0000000008006be6       0x3c ./USB_DEVICE/Target/usbd_conf.o
                0x0000000008006be6                HAL_PCD_ResetCallback
 *fill*         0x0000000008006c22        0x2 
 .text.HAL_PCD_SuspendCallback
                0x0000000008006c24       0x4c ./USB_DEVICE/Target/usbd_conf.o
                0x0000000008006c24                HAL_PCD_SuspendCallback
 .text.HAL_PCD_ResumeCallback
                0x0000000008006c70       0x1c ./USB_DEVICE/Target/usbd_conf.o
                0x0000000008006c70                HAL_PCD_ResumeCallback
 .text.HAL_PCD_ISOOUTIncompleteCallback
                0x0000000008006c8c       0x24 ./USB_DEVICE/Target/usbd_conf.o
                0x0000000008006c8c                HAL_PCD_ISOOUTIncompleteCallback
 .text.HAL_PCD_ISOINIncompleteCallback
                0x0000000008006cb0       0x24 ./USB_DEVICE/Target/usbd_conf.o
                0x0000000008006cb0                HAL_PCD_ISOINIncompleteCallback
 .text.HAL_PCD_ConnectCallback
                0x0000000008006cd4       0x1c ./USB_DEVICE/Target/usbd_conf.o
                0x0000000008006cd4                HAL_PCD_ConnectCallback
 .text.HAL_PCD_DisconnectCallback
                0x0000000008006cf0       0x1c ./USB_DEVICE/Target/usbd_conf.o
                0x0000000008006cf0                HAL_PCD_DisconnectCallback
 .text.USBD_LL_Init
                0x0000000008006d0c       0xa0 ./USB_DEVICE/Target/usbd_conf.o
                0x0000000008006d0c                USBD_LL_Init
 .text.USBD_LL_Start
                0x0000000008006dac       0x36 ./USB_DEVICE/Target/usbd_conf.o
                0x0000000008006dac                USBD_LL_Start
 .text.USBD_LL_OpenEP
                0x0000000008006de2       0x4c ./USB_DEVICE/Target/usbd_conf.o
                0x0000000008006de2                USBD_LL_OpenEP
 .text.USBD_LL_CloseEP
                0x0000000008006e2e       0x3e ./USB_DEVICE/Target/usbd_conf.o
                0x0000000008006e2e                USBD_LL_CloseEP
 .text.USBD_LL_StallEP
                0x0000000008006e6c       0x3e ./USB_DEVICE/Target/usbd_conf.o
                0x0000000008006e6c                USBD_LL_StallEP
 .text.USBD_LL_ClearStallEP
                0x0000000008006eaa       0x3e ./USB_DEVICE/Target/usbd_conf.o
                0x0000000008006eaa                USBD_LL_ClearStallEP
 .text.USBD_LL_IsStallEP
                0x0000000008006ee8       0x58 ./USB_DEVICE/Target/usbd_conf.o
                0x0000000008006ee8                USBD_LL_IsStallEP
 .text.USBD_LL_SetUSBAddress
                0x0000000008006f40       0x3e ./USB_DEVICE/Target/usbd_conf.o
                0x0000000008006f40                USBD_LL_SetUSBAddress
 .text.USBD_LL_Transmit
                0x0000000008006f7e       0x42 ./USB_DEVICE/Target/usbd_conf.o
                0x0000000008006f7e                USBD_LL_Transmit
 .text.USBD_LL_PrepareReceive
                0x0000000008006fc0       0x42 ./USB_DEVICE/Target/usbd_conf.o
                0x0000000008006fc0                USBD_LL_PrepareReceive
 .text.USBD_LL_GetRxDataSize
                0x0000000008007002       0x26 ./USB_DEVICE/Target/usbd_conf.o
                0x0000000008007002                USBD_LL_GetRxDataSize
 .text.HAL_PCDEx_LPM_Callback
                0x0000000008007028       0x9c ./USB_DEVICE/Target/usbd_conf.o
                0x0000000008007028                HAL_PCDEx_LPM_Callback
 .text.USBD_static_malloc
                0x00000000080070c4       0x1c ./USB_DEVICE/Target/usbd_conf.o
                0x00000000080070c4                USBD_static_malloc
 .text.USBD_static_free
                0x00000000080070e0       0x14 ./USB_DEVICE/Target/usbd_conf.o
                0x00000000080070e0                USBD_static_free
 .text.USBD_Get_USB_Status
                0x00000000080070f4       0x58 ./USB_DEVICE/Target/usbd_conf.o
                0x00000000080070f4                USBD_Get_USB_Status
 .text.__libc_init_array
                0x000000000800714c       0x48 d:/st/stm32cubeide_1.8.0/stm32cubeide/plugins/com.st.stm32cube.ide.mcu.externaltools.gnu-tools-for-stm32.9-2020-q2-update.win32_2.0.0.202105311346/tools/bin/../lib/gcc/arm-none-eabi/9.3.1/../../../../arm-none-eabi/lib/thumb/v7e-m+fp/hard\libc_nano.a(lib_a-init.o)
                0x000000000800714c                __libc_init_array
 .text.memset   0x0000000008007194       0x10 d:/st/stm32cubeide_1.8.0/stm32cubeide/plugins/com.st.stm32cube.ide.mcu.externaltools.gnu-tools-for-stm32.9-2020-q2-update.win32_2.0.0.202105311346/tools/bin/../lib/gcc/arm-none-eabi/9.3.1/../../../../arm-none-eabi/lib/thumb/v7e-m+fp/hard\libc_nano.a(lib_a-memset.o)
                0x0000000008007194                memset
 *(.glue_7)
 .glue_7        0x00000000080071a4        0x0 linker stubs
 *(.glue_7t)
 .glue_7t       0x00000000080071a4        0x0 linker stubs
 *(.eh_frame)
 .eh_frame      0x00000000080071a4        0x0 d:/st/stm32cubeide_1.8.0/stm32cubeide/plugins/com.st.stm32cube.ide.mcu.externaltools.gnu-tools-for-stm32.9-2020-q2-update.win32_2.0.0.202105311346/tools/bin/../lib/gcc/arm-none-eabi/9.3.1/thumb/v7e-m+fp/hard/crtbegin.o
 *(.init)
 .init          0x00000000080071a4        0x4 d:/st/stm32cubeide_1.8.0/stm32cubeide/plugins/com.st.stm32cube.ide.mcu.externaltools.gnu-tools-for-stm32.9-2020-q2-update.win32_2.0.0.202105311346/tools/bin/../lib/gcc/arm-none-eabi/9.3.1/thumb/v7e-m+fp/hard/crti.o
                0x00000000080071a4                _init
 .init          0x00000000080071a8        0x8 d:/st/stm32cubeide_1.8.0/stm32cubeide/plugins/com.st.stm32cube.ide.mcu.externaltools.gnu-tools-for-stm32.9-2020-q2-update.win32_2.0.0.202105311346/tools/bin/../lib/gcc/arm-none-eabi/9.3.1/thumb/v7e-m+fp/hard/crtn.o
 *(.fini)
 .fini          0x00000000080071b0        0x4 d:/st/stm32cubeide_1.8.0/stm32cubeide/plugins/com.st.stm32cube.ide.mcu.externaltools.gnu-tools-for-stm32.9-2020-q2-update.win32_2.0.0.202105311346/tools/bin/../lib/gcc/arm-none-eabi/9.3.1/thumb/v7e-m+fp/hard/crti.o
                0x00000000080071b0                _fini
 .fini          0x00000000080071b4        0x8 d:/st/stm32cubeide_1.8.0/stm32cubeide/plugins/com.st.stm32cube.ide.mcu.externaltools.gnu-tools-for-stm32.9-2020-q2-update.win32_2.0.0.202105311346/tools/bin/../lib/gcc/arm-none-eabi/9.3.1/thumb/v7e-m+fp/hard/crtn.o
                0x00000000080071bc                . = ALIGN (0x4)
                0x00000000080071bc                _etext = .

.vfp11_veneer   0x00000000080071bc        0x0
 .vfp11_veneer  0x00000000080071bc        0x0 linker stubs

.v4_bx          0x00000000080071bc        0x0
 .v4_bx         0x00000000080071bc        0x0 linker stubs

.iplt           0x00000000080071bc        0x0
 .iplt          0x00000000080071bc        0x0 d:/st/stm32cubeide_1.8.0/stm32cubeide/plugins/com.st.stm32cube.ide.mcu.externaltools.gnu-tools-for-stm32.9-2020-q2-update.win32_2.0.0.202105311346/tools/bin/../lib/gcc/arm-none-eabi/9.3.1/thumb/v7e-m+fp/hard/crtbegin.o

.rodata         0x00000000080071bc       0x58
                0x00000000080071bc                . = ALIGN (0x4)
 *(.rodata)
 .rodata        0x00000000080071bc       0x46 ./USB_DEVICE/App/usbd_desc.o
 *(.rodata*)
 *fill*         0x0000000008007202        0x2 
 .rodata.AHBPrescTable
                0x0000000008007204       0x10 ./Core/Src/system_stm32f4xx.o
                0x0000000008007204                AHBPrescTable
                0x0000000008007214                . = ALIGN (0x4)

.ARM.extab      0x0000000008007214        0x0
                0x0000000008007214                . = ALIGN (0x4)
 *(.ARM.extab* .gnu.linkonce.armextab.*)
                0x0000000008007214                . = ALIGN (0x4)

.ARM            0x0000000008007214        0x8
                0x0000000008007214                . = ALIGN (0x4)
                0x0000000008007214                __exidx_start = .
 *(.ARM.exidx*)
 .ARM.exidx     0x0000000008007214        0x8 d:/st/stm32cubeide_1.8.0/stm32cubeide/plugins/com.st.stm32cube.ide.mcu.externaltools.gnu-tools-for-stm32.9-2020-q2-update.win32_2.0.0.202105311346/tools/bin/../lib/gcc/arm-none-eabi/9.3.1/thumb/v7e-m+fp/hard\libgcc.a(_udivmoddi4.o)
                0x000000000800721c                __exidx_end = .
                0x000000000800721c                . = ALIGN (0x4)

.rel.dyn        0x000000000800721c        0x0
 .rel.iplt      0x000000000800721c        0x0 d:/st/stm32cubeide_1.8.0/stm32cubeide/plugins/com.st.stm32cube.ide.mcu.externaltools.gnu-tools-for-stm32.9-2020-q2-update.win32_2.0.0.202105311346/tools/bin/../lib/gcc/arm-none-eabi/9.3.1/thumb/v7e-m+fp/hard/crtbegin.o

.preinit_array  0x000000000800721c        0x0
                0x000000000800721c                . = ALIGN (0x4)
                0x000000000800721c                PROVIDE (__preinit_array_start = .)
 *(.preinit_array*)
                0x000000000800721c                PROVIDE (__preinit_array_end = .)
                0x000000000800721c                . = ALIGN (0x4)

.init_array     0x000000000800721c        0x4
                0x000000000800721c                . = ALIGN (0x4)
                0x000000000800721c                PROVIDE (__init_array_start = .)
 *(SORT_BY_NAME(.init_array.*))
 *(.init_array*)
 .init_array    0x000000000800721c        0x4 d:/st/stm32cubeide_1.8.0/stm32cubeide/plugins/com.st.stm32cube.ide.mcu.externaltools.gnu-tools-for-stm32.9-2020-q2-update.win32_2.0.0.202105311346/tools/bin/../lib/gcc/arm-none-eabi/9.3.1/thumb/v7e-m+fp/hard/crtbegin.o
                0x0000000008007220                PROVIDE (__init_array_end = .)
                0x0000000008007220                . = ALIGN (0x4)

.fini_array     0x0000000008007220        0x4
                0x0000000008007220                . = ALIGN (0x4)
                [!provide]                        PROVIDE (__fini_array_start = .)
 *(SORT_BY_NAME(.fini_array.*))
 *(.fini_array*)
 .fini_array    0x0000000008007220        0x4 d:/st/stm32cubeide_1.8.0/stm32cubeide/plugins/com.st.stm32cube.ide.mcu.externaltools.gnu-tools-for-stm32.9-2020-q2-update.win32_2.0.0.202105311346/tools/bin/../lib/gcc/arm-none-eabi/9.3.1/thumb/v7e-m+fp/hard/crtbegin.o
                [!provide]                        PROVIDE (__fini_array_end = .)
                0x0000000008007224                . = ALIGN (0x4)
                0x0000000008007224                _sidata = LOADADDR (.data)

.data           0x0000000020000000      0x190 load address 0x0000000008007224
                0x0000000020000000                . = ALIGN (0x4)
                0x0000000020000000                _sdata = .
 *(.data)
 *(.data*)
 .data.SystemCoreClock
                0x0000000020000000        0x4 ./Core/Src/system_stm32f4xx.o
                0x0000000020000000                SystemCoreClock
 .data.uwTickPrio
                0x0000000020000004        0x4 ./Drivers/STM32F4xx_HAL_Driver/stm32f4xx_hal.o
                0x0000000020000004                uwTickPrio
 .data.uwTickFreq
                0x0000000020000008        0x1 ./Drivers/STM32F4xx_HAL_Driver/stm32f4xx_hal.o
                0x0000000020000008                uwTickFreq
 *fill*         0x0000000020000009        0x3 
 .data.USBD_CDC_DeviceQualifierDesc
                0x000000002000000c        0xa ./Middlewares/USB_Device_Library/usbd_cdc.o
 *fill*         0x0000000020000016        0x2 
 .data.USBD_CDC
                0x0000000020000018       0x38 ./Middlewares/USB_Device_Library/usbd_cdc.o
                0x0000000020000018                USBD_CDC
 .data.USBD_CDC_CfgHSDesc
                0x0000000020000050       0x43 ./Middlewares/USB_Device_Library/usbd_cdc.o
 *fill*         0x0000000020000093        0x1 
 .data.USBD_CDC_CfgFSDesc
                0x0000000020000094       0x43 ./Middlewares/USB_Device_Library/usbd_cdc.o
 *fill*         0x00000000200000d7        0x1 
 .data.USBD_CDC_OtherSpeedCfgDesc
                0x00000000200000d8       0x43 ./Middlewares/USB_Device_Library/usbd_cdc.o
 *fill*         0x000000002000011b        0x1 
 .data.USBD_Interface_fops_FS
                0x000000002000011c       0x14 ./USB_DEVICE/App/usbd_cdc_if.o
                0x000000002000011c                USBD_Interface_fops_FS
 .data.FS_Desc  0x0000000020000130       0x20 ./USB_DEVICE/App/usbd_desc.o
                0x0000000020000130                FS_Desc
 .data.USBD_FS_DeviceDesc
                0x0000000020000150       0x12 ./USB_DEVICE/App/usbd_desc.o
                0x0000000020000150                USBD_FS_DeviceDesc
 *fill*         0x0000000020000162        0x2 
 .data.USBD_FS_BOSDesc
                0x0000000020000164        0xc ./USB_DEVICE/App/usbd_desc.o
                0x0000000020000164                USBD_FS_BOSDesc
 .data.USBD_LangIDDesc
                0x0000000020000170        0x4 ./USB_DEVICE/App/usbd_desc.o
                0x0000000020000170                USBD_LangIDDesc
 .data.USBD_StringSerial
                0x0000000020000174       0x1a ./USB_DEVICE/App/usbd_desc.o
                0x0000000020000174                USBD_StringSerial
 *(.RamFunc)
 *(.RamFunc*)
                0x0000000020000190                . = ALIGN (0x4)
 *fill*         0x000000002000018e        0x2 
                0x0000000020000190                _edata = .

.igot.plt       0x0000000020000190        0x0 load address 0x00000000080073b4
 .igot.plt      0x0000000020000190        0x0 d:/st/stm32cubeide_1.8.0/stm32cubeide/plugins/com.st.stm32cube.ide.mcu.externaltools.gnu-tools-for-stm32.9-2020-q2-update.win32_2.0.0.202105311346/tools/bin/../lib/gcc/arm-none-eabi/9.3.1/thumb/v7e-m+fp/hard/crtbegin.o
                0x0000000020000190                . = ALIGN (0x4)

.bss            0x0000000020000190     0x1c18 load address 0x00000000080073b4
                0x0000000020000190                _sbss = .
                0x0000000020000190                __bss_start__ = _sbss
 *(.bss)
 .bss           0x0000000020000190       0x1c d:/st/stm32cubeide_1.8.0/stm32cubeide/plugins/com.st.stm32cube.ide.mcu.externaltools.gnu-tools-for-stm32.9-2020-q2-update.win32_2.0.0.202105311346/tools/bin/../lib/gcc/arm-none-eabi/9.3.1/thumb/v7e-m+fp/hard/crtbegin.o
 *(.bss*)
 .bss.cfgidx.10535
                0x00000000200001ac        0x1 ./Middlewares/USB_Device_Library/usbd_ctlreq.o
 *fill*         0x00000000200001ad        0x3 
 .bss.mem.10611
                0x00000000200001b0      0x220 ./USB_DEVICE/Target/usbd_conf.o
 *(COMMON)
 COMMON         0x00000000200003d0       0xfc ./Core/Src/main.o
                0x00000000200003d0                APB2CLK_SPEED
                0x00000000200003d4                MPU9250_I2C_Struct
                0x00000000200003dc                baud
                0x00000000200003e0                MPU9250_Angle
                0x00000000200003ec                MPU9250_Magnetometer
                0x00000000200003f8                Pres_Cal
                0x000000002000041c                MPU9250
                0x0000000020000424                MPU9250_Self_Test_Data
                0x0000000020000448                MPU9250_Gyroscope
                0x0000000020000454                MPU9250_Calibration_Data
                0x0000000020000478                MPU9250_Accelerometer
                0x0000000020000484                APB1CLK_SPEED
                0x0000000020000488                BMP280_I2C_Struct
                0x0000000020000490                BMP280_Data
                0x00000000200004c0                Temp_Cal
 COMMON         0x00000000200004cc        0x4 ./Drivers/STM32F4xx_HAL_Driver/stm32f4xx_hal.o
                0x00000000200004cc                uwTick
 COMMON         0x00000000200004d0      0x2d0 ./USB_DEVICE/App/usb_device.o
                0x00000000200004d0                hUsbDeviceFS
 COMMON         0x00000000200007a0     0x1000 ./USB_DEVICE/App/usbd_cdc_if.o
                0x00000000200007a0                UserRxBufferFS
                0x0000000020000fa0                UserTxBufferFS
 COMMON         0x00000000200017a0      0x200 ./USB_DEVICE/App/usbd_desc.o
                0x00000000200017a0                USBD_StrDesc
 COMMON         0x00000000200019a0      0x408 ./USB_DEVICE/Target/usbd_conf.o
                0x00000000200019a0                hpcd_USB_OTG_FS
                0x0000000020001da8                . = ALIGN (0x4)
                0x0000000020001da8                _ebss = .
                0x0000000020001da8                __bss_end__ = _ebss

._user_heap_stack
                0x0000000020001da8      0x600 load address 0x00000000080073b4
                0x0000000020001da8                . = ALIGN (0x8)
                [!provide]                        PROVIDE (end = .)
                0x0000000020001da8                PROVIDE (_end = .)
                0x0000000020001fa8                . = (. + _Min_Heap_Size)
 *fill*         0x0000000020001da8      0x200 
                0x00000000200023a8                . = (. + _Min_Stack_Size)
 *fill*         0x0000000020001fa8      0x400 
                0x00000000200023a8                . = ALIGN (0x8)

/DISCARD/
 libc.a(*)
 libm.a(*)
 libgcc.a(*)

.ARM.attributes
                0x0000000000000000       0x30
 *(.ARM.attributes)
 .ARM.attributes
                0x0000000000000000       0x1e d:/st/stm32cubeide_1.8.0/stm32cubeide/plugins/com.st.stm32cube.ide.mcu.externaltools.gnu-tools-for-stm32.9-2020-q2-update.win32_2.0.0.202105311346/tools/bin/../lib/gcc/arm-none-eabi/9.3.1/thumb/v7e-m+fp/hard/crti.o
 .ARM.attributes
                0x000000000000001e       0x34 d:/st/stm32cubeide_1.8.0/stm32cubeide/plugins/com.st.stm32cube.ide.mcu.externaltools.gnu-tools-for-stm32.9-2020-q2-update.win32_2.0.0.202105311346/tools/bin/../lib/gcc/arm-none-eabi/9.3.1/thumb/v7e-m+fp/hard/crtbegin.o
 .ARM.attributes
                0x0000000000000052       0x34 ./Core/Src/main.o
 .ARM.attributes
                0x0000000000000086       0x34 ./Core/Src/stm32f4xx_hal_msp.o
 .ARM.attributes
                0x00000000000000ba       0x34 ./Core/Src/stm32f4xx_it.o
 .ARM.attributes
                0x00000000000000ee       0x34 ./Core/Src/system_stm32f4xx.o
 .ARM.attributes
                0x0000000000000122       0x21 ./Core/Startup/startup_stm32f412ceux.o
 .ARM.attributes
                0x0000000000000143       0x34 ./Core/User_Libraries/Src/BMP280.o
 .ARM.attributes
                0x0000000000000177       0x34 ./Core/User_Libraries/Src/GPIO.o
 .ARM.attributes
                0x00000000000001ab       0x34 ./Core/User_Libraries/Src/I2C.o
 .ARM.attributes
                0x00000000000001df       0x34 ./Drivers/STM32F4xx_HAL_Driver/stm32f4xx_hal.o
 .ARM.attributes
                0x0000000000000213       0x34 ./Drivers/STM32F4xx_HAL_Driver/stm32f4xx_hal_cortex.o
 .ARM.attributes
                0x0000000000000247       0x34 ./Drivers/STM32F4xx_HAL_Driver/stm32f4xx_hal_gpio.o
 .ARM.attributes
                0x000000000000027b       0x34 ./Drivers/STM32F4xx_HAL_Driver/stm32f4xx_hal_pcd.o
 .ARM.attributes
                0x00000000000002af       0x34 ./Drivers/STM32F4xx_HAL_Driver/stm32f4xx_hal_pcd_ex.o
 .ARM.attributes
                0x00000000000002e3       0x34 ./Drivers/STM32F4xx_HAL_Driver/stm32f4xx_hal_rcc.o
 .ARM.attributes
                0x0000000000000317       0x34 ./Drivers/STM32F4xx_HAL_Driver/stm32f4xx_hal_rcc_ex.o
 .ARM.attributes
                0x000000000000034b       0x34 ./Drivers/STM32F4xx_HAL_Driver/stm32f4xx_ll_usb.o
 .ARM.attributes
                0x000000000000037f       0x34 ./Middlewares/USB_Device_Library/usbd_cdc.o
 .ARM.attributes
                0x00000000000003b3       0x34 ./Middlewares/USB_Device_Library/usbd_core.o
 .ARM.attributes
                0x00000000000003e7       0x34 ./Middlewares/USB_Device_Library/usbd_ctlreq.o
 .ARM.attributes
                0x000000000000041b       0x34 ./Middlewares/USB_Device_Library/usbd_ioreq.o
 .ARM.attributes
                0x000000000000044f       0x34 ./USB_DEVICE/App/usb_device.o
 .ARM.attributes
                0x0000000000000483       0x34 ./USB_DEVICE/App/usbd_cdc_if.o
 .ARM.attributes
                0x00000000000004b7       0x34 ./USB_DEVICE/App/usbd_desc.o
 .ARM.attributes
                0x00000000000004eb       0x34 ./USB_DEVICE/Target/usbd_conf.o
 .ARM.attributes
                0x000000000000051f       0x34 d:/st/stm32cubeide_1.8.0/stm32cubeide/plugins/com.st.stm32cube.ide.mcu.externaltools.gnu-tools-for-stm32.9-2020-q2-update.win32_2.0.0.202105311346/tools/bin/../lib/gcc/arm-none-eabi/9.3.1/../../../../arm-none-eabi/lib/thumb/v7e-m+fp/hard\libc_nano.a(lib_a-init.o)
 .ARM.attributes
                0x0000000000000553       0x34 d:/st/stm32cubeide_1.8.0/stm32cubeide/plugins/com.st.stm32cube.ide.mcu.externaltools.gnu-tools-for-stm32.9-2020-q2-update.win32_2.0.0.202105311346/tools/bin/../lib/gcc/arm-none-eabi/9.3.1/../../../../arm-none-eabi/lib/thumb/v7e-m+fp/hard\libc_nano.a(lib_a-memset.o)
 .ARM.attributes
                0x0000000000000587       0x1e d:/st/stm32cubeide_1.8.0/stm32cubeide/plugins/com.st.stm32cube.ide.mcu.externaltools.gnu-tools-for-stm32.9-2020-q2-update.win32_2.0.0.202105311346/tools/bin/../lib/gcc/arm-none-eabi/9.3.1/thumb/v7e-m+fp/hard\libgcc.a(_aeabi_uldivmod.o)
 .ARM.attributes
                0x00000000000005a5       0x34 d:/st/stm32cubeide_1.8.0/stm32cubeide/plugins/com.st.stm32cube.ide.mcu.externaltools.gnu-tools-for-stm32.9-2020-q2-update.win32_2.0.0.202105311346/tools/bin/../lib/gcc/arm-none-eabi/9.3.1/thumb/v7e-m+fp/hard\libgcc.a(_udivmoddi4.o)
 .ARM.attributes
                0x00000000000005d9       0x1e d:/st/stm32cubeide_1.8.0/stm32cubeide/plugins/com.st.stm32cube.ide.mcu.externaltools.gnu-tools-for-stm32.9-2020-q2-update.win32_2.0.0.202105311346/tools/bin/../lib/gcc/arm-none-eabi/9.3.1/thumb/v7e-m+fp/hard\libgcc.a(_dvmd_tls.o)
 .ARM.attributes
                0x00000000000005f7       0x1e d:/st/stm32cubeide_1.8.0/stm32cubeide/plugins/com.st.stm32cube.ide.mcu.externaltools.gnu-tools-for-stm32.9-2020-q2-update.win32_2.0.0.202105311346/tools/bin/../lib/gcc/arm-none-eabi/9.3.1/thumb/v7e-m+fp/hard/crtn.o
OUTPUT(ProIMU.elf elf32-littlearm)
LOAD linker stubs
LOAD d:/st/stm32cubeide_1.8.0/stm32cubeide/plugins/com.st.stm32cube.ide.mcu.externaltools.gnu-tools-for-stm32.9-2020-q2-update.win32_2.0.0.202105311346/tools/bin/../lib/gcc/arm-none-eabi/9.3.1/../../../../arm-none-eabi/lib/thumb/v7e-m+fp/hard\libc.a
LOAD d:/st/stm32cubeide_1.8.0/stm32cubeide/plugins/com.st.stm32cube.ide.mcu.externaltools.gnu-tools-for-stm32.9-2020-q2-update.win32_2.0.0.202105311346/tools/bin/../lib/gcc/arm-none-eabi/9.3.1/../../../../arm-none-eabi/lib/thumb/v7e-m+fp/hard\libm.a
LOAD d:/st/stm32cubeide_1.8.0/stm32cubeide/plugins/com.st.stm32cube.ide.mcu.externaltools.gnu-tools-for-stm32.9-2020-q2-update.win32_2.0.0.202105311346/tools/bin/../lib/gcc/arm-none-eabi/9.3.1/thumb/v7e-m+fp/hard\libgcc.a

.debug_info     0x0000000000000000    0x17fb9
 .debug_info    0x0000000000000000     0x13a4 ./Core/Src/main.o
 .debug_info    0x00000000000013a4      0xcc1 ./Core/Src/stm32f4xx_hal_msp.o
 .debug_info    0x0000000000002065     0x105c ./Core/Src/stm32f4xx_it.o
 .debug_info    0x00000000000030c1      0x5b2 ./Core/Src/system_stm32f4xx.o
 .debug_info    0x0000000000003673       0x22 ./Core/Startup/startup_stm32f412ceux.o
 .debug_info    0x0000000000003695      0xe23 ./Core/User_Libraries/Src/BMP280.o
 .debug_info    0x00000000000044b8     0x13e8 ./Core/User_Libraries/Src/GPIO.o
 .debug_info    0x00000000000058a0     0x1205 ./Core/User_Libraries/Src/I2C.o
 .debug_info    0x0000000000006aa5      0x9a8 ./Drivers/STM32F4xx_HAL_Driver/stm32f4xx_hal.o
 .debug_info    0x000000000000744d      0xebf ./Drivers/STM32F4xx_HAL_Driver/stm32f4xx_hal_cortex.o
 .debug_info    0x000000000000830c      0x868 ./Drivers/STM32F4xx_HAL_Driver/stm32f4xx_hal_gpio.o
 .debug_info    0x0000000000008b74     0x1341 ./Drivers/STM32F4xx_HAL_Driver/stm32f4xx_hal_pcd.o
 .debug_info    0x0000000000009eb5      0x95b ./Drivers/STM32F4xx_HAL_Driver/stm32f4xx_hal_pcd_ex.o
 .debug_info    0x000000000000a810      0x993 ./Drivers/STM32F4xx_HAL_Driver/stm32f4xx_hal_rcc.o
 .debug_info    0x000000000000b1a3      0x872 ./Drivers/STM32F4xx_HAL_Driver/stm32f4xx_hal_rcc_ex.o
 .debug_info    0x000000000000ba15     0x1b18 ./Drivers/STM32F4xx_HAL_Driver/stm32f4xx_ll_usb.o
 .debug_info    0x000000000000d52d     0x1a6e ./Middlewares/USB_Device_Library/usbd_cdc.o
 .debug_info    0x000000000000ef9b     0x1426 ./Middlewares/USB_Device_Library/usbd_core.o
 .debug_info    0x00000000000103c1     0x13f2 ./Middlewares/USB_Device_Library/usbd_ctlreq.o
 .debug_info    0x00000000000117b3     0x1114 ./Middlewares/USB_Device_Library/usbd_ioreq.o
 .debug_info    0x00000000000128c7     0x107d ./USB_DEVICE/App/usb_device.o
 .debug_info    0x0000000000013944     0x12ae ./USB_DEVICE/App/usbd_cdc_if.o
 .debug_info    0x0000000000014bf2      0xed8 ./USB_DEVICE/App/usbd_desc.o
 .debug_info    0x0000000000015aca     0x24ef ./USB_DEVICE/Target/usbd_conf.o

.debug_abbrev   0x0000000000000000     0x39be
 .debug_abbrev  0x0000000000000000      0x292 ./Core/Src/main.o
 .debug_abbrev  0x0000000000000292      0x21c ./Core/Src/stm32f4xx_hal_msp.o
 .debug_abbrev  0x00000000000004ae      0x231 ./Core/Src/stm32f4xx_it.o
 .debug_abbrev  0x00000000000006df      0x145 ./Core/Src/system_stm32f4xx.o
 .debug_abbrev  0x0000000000000824       0x12 ./Core/Startup/startup_stm32f412ceux.o
 .debug_abbrev  0x0000000000000836      0x246 ./Core/User_Libraries/Src/BMP280.o
 .debug_abbrev  0x0000000000000a7c      0x2b4 ./Core/User_Libraries/Src/GPIO.o
 .debug_abbrev  0x0000000000000d30      0x2b8 ./Core/User_Libraries/Src/I2C.o
 .debug_abbrev  0x0000000000000fe8      0x1ed ./Drivers/STM32F4xx_HAL_Driver/stm32f4xx_hal.o
 .debug_abbrev  0x00000000000011d5      0x33c ./Drivers/STM32F4xx_HAL_Driver/stm32f4xx_hal_cortex.o
 .debug_abbrev  0x0000000000001511      0x1f1 ./Drivers/STM32F4xx_HAL_Driver/stm32f4xx_hal_gpio.o
 .debug_abbrev  0x0000000000001702      0x2a0 ./Drivers/STM32F4xx_HAL_Driver/stm32f4xx_hal_pcd.o
 .debug_abbrev  0x00000000000019a2      0x246 ./Drivers/STM32F4xx_HAL_Driver/stm32f4xx_hal_pcd_ex.o
 .debug_abbrev  0x0000000000001be8      0x26a ./Drivers/STM32F4xx_HAL_Driver/stm32f4xx_hal_rcc.o
 .debug_abbrev  0x0000000000001e52      0x1c0 ./Drivers/STM32F4xx_HAL_Driver/stm32f4xx_hal_rcc_ex.o
 .debug_abbrev  0x0000000000002012      0x2a7 ./Drivers/STM32F4xx_HAL_Driver/stm32f4xx_ll_usb.o
 .debug_abbrev  0x00000000000022b9      0x32d ./Middlewares/USB_Device_Library/usbd_cdc.o
 .debug_abbrev  0x00000000000025e6      0x2e8 ./Middlewares/USB_Device_Library/usbd_core.o
 .debug_abbrev  0x00000000000028ce      0x32d ./Middlewares/USB_Device_Library/usbd_ctlreq.o
 .debug_abbrev  0x0000000000002bfb      0x25b ./Middlewares/USB_Device_Library/usbd_ioreq.o
 .debug_abbrev  0x0000000000002e56      0x222 ./USB_DEVICE/App/usb_device.o
 .debug_abbrev  0x0000000000003078      0x32a ./USB_DEVICE/App/usbd_cdc_if.o
 .debug_abbrev  0x00000000000033a2      0x2db ./USB_DEVICE/App/usbd_desc.o
 .debug_abbrev  0x000000000000367d      0x341 ./USB_DEVICE/Target/usbd_conf.o

.debug_aranges  0x0000000000000000      0xc90
 .debug_aranges
                0x0000000000000000       0x38 ./Core/Src/main.o
 .debug_aranges
                0x0000000000000038       0x20 ./Core/Src/stm32f4xx_hal_msp.o
 .debug_aranges
                0x0000000000000058       0x68 ./Core/Src/stm32f4xx_it.o
 .debug_aranges
                0x00000000000000c0       0x28 ./Core/Src/system_stm32f4xx.o
 .debug_aranges
                0x00000000000000e8       0x28 ./Core/Startup/startup_stm32f412ceux.o
 .debug_aranges
                0x0000000000000110       0x28 ./Core/User_Libraries/Src/BMP280.o
 .debug_aranges
                0x0000000000000138       0x48 ./Core/User_Libraries/Src/GPIO.o
 .debug_aranges
                0x0000000000000180       0x88 ./Core/User_Libraries/Src/I2C.o
 .debug_aranges
                0x0000000000000208       0xf0 ./Drivers/STM32F4xx_HAL_Driver/stm32f4xx_hal.o
 .debug_aranges
                0x00000000000002f8      0x118 ./Drivers/STM32F4xx_HAL_Driver/stm32f4xx_hal_cortex.o
 .debug_aranges
                0x0000000000000410       0x58 ./Drivers/STM32F4xx_HAL_Driver/stm32f4xx_hal_gpio.o
 .debug_aranges
                0x0000000000000468      0x138 ./Drivers/STM32F4xx_HAL_Driver/stm32f4xx_hal_pcd.o
 .debug_aranges
                0x00000000000005a0       0x60 ./Drivers/STM32F4xx_HAL_Driver/stm32f4xx_hal_pcd_ex.o
 .debug_aranges
                0x0000000000000600       0x88 ./Drivers/STM32F4xx_HAL_Driver/stm32f4xx_hal_rcc.o
 .debug_aranges
                0x0000000000000688       0x60 ./Drivers/STM32F4xx_HAL_Driver/stm32f4xx_hal_rcc_ex.o
 .debug_aranges
                0x00000000000006e8      0x198 ./Drivers/STM32F4xx_HAL_Driver/stm32f4xx_ll_usb.o
 .debug_aranges
                0x0000000000000880       0x90 ./Middlewares/USB_Device_Library/usbd_cdc.o
 .debug_aranges
                0x0000000000000910       0xb8 ./Middlewares/USB_Device_Library/usbd_core.o
 .debug_aranges
                0x00000000000009c8       0x90 ./Middlewares/USB_Device_Library/usbd_ctlreq.o
 .debug_aranges
                0x0000000000000a58       0x50 ./Middlewares/USB_Device_Library/usbd_ioreq.o
 .debug_aranges
                0x0000000000000aa8       0x20 ./USB_DEVICE/App/usb_device.o
 .debug_aranges
                0x0000000000000ac8       0x48 ./USB_DEVICE/App/usbd_cdc_if.o
 .debug_aranges
                0x0000000000000b10       0x68 ./USB_DEVICE/App/usbd_desc.o
 .debug_aranges
                0x0000000000000b78      0x118 ./USB_DEVICE/Target/usbd_conf.o

.debug_ranges   0x0000000000000000      0xb18
 .debug_ranges  0x0000000000000000       0x28 ./Core/Src/main.o
 .debug_ranges  0x0000000000000028       0x10 ./Core/Src/stm32f4xx_hal_msp.o
 .debug_ranges  0x0000000000000038       0x58 ./Core/Src/stm32f4xx_it.o
 .debug_ranges  0x0000000000000090       0x18 ./Core/Src/system_stm32f4xx.o
 .debug_ranges  0x00000000000000a8       0x20 ./Core/Startup/startup_stm32f412ceux.o
 .debug_ranges  0x00000000000000c8       0x18 ./Core/User_Libraries/Src/BMP280.o
 .debug_ranges  0x00000000000000e0       0x38 ./Core/User_Libraries/Src/GPIO.o
 .debug_ranges  0x0000000000000118       0x78 ./Core/User_Libraries/Src/I2C.o
 .debug_ranges  0x0000000000000190       0xe0 ./Drivers/STM32F4xx_HAL_Driver/stm32f4xx_hal.o
 .debug_ranges  0x0000000000000270      0x108 ./Drivers/STM32F4xx_HAL_Driver/stm32f4xx_hal_cortex.o
 .debug_ranges  0x0000000000000378       0x48 ./Drivers/STM32F4xx_HAL_Driver/stm32f4xx_hal_gpio.o
 .debug_ranges  0x00000000000003c0      0x128 ./Drivers/STM32F4xx_HAL_Driver/stm32f4xx_hal_pcd.o
 .debug_ranges  0x00000000000004e8       0x50 ./Drivers/STM32F4xx_HAL_Driver/stm32f4xx_hal_pcd_ex.o
 .debug_ranges  0x0000000000000538       0x78 ./Drivers/STM32F4xx_HAL_Driver/stm32f4xx_hal_rcc.o
 .debug_ranges  0x00000000000005b0       0x50 ./Drivers/STM32F4xx_HAL_Driver/stm32f4xx_hal_rcc_ex.o
 .debug_ranges  0x0000000000000600      0x188 ./Drivers/STM32F4xx_HAL_Driver/stm32f4xx_ll_usb.o
 .debug_ranges  0x0000000000000788       0x80 ./Middlewares/USB_Device_Library/usbd_cdc.o
 .debug_ranges  0x0000000000000808       0xa8 ./Middlewares/USB_Device_Library/usbd_core.o
 .debug_ranges  0x00000000000008b0       0x80 ./Middlewares/USB_Device_Library/usbd_ctlreq.o
 .debug_ranges  0x0000000000000930       0x40 ./Middlewares/USB_Device_Library/usbd_ioreq.o
 .debug_ranges  0x0000000000000970       0x10 ./USB_DEVICE/App/usb_device.o
 .debug_ranges  0x0000000000000980       0x38 ./USB_DEVICE/App/usbd_cdc_if.o
 .debug_ranges  0x00000000000009b8       0x58 ./USB_DEVICE/App/usbd_desc.o
 .debug_ranges  0x0000000000000a10      0x108 ./USB_DEVICE/Target/usbd_conf.o

.debug_macro    0x0000000000000000    0x225a1
 .debug_macro   0x0000000000000000      0x459 ./Core/Src/main.o
 .debug_macro   0x0000000000000459      0xaa8 ./Core/Src/main.o
 .debug_macro   0x0000000000000f01      0x295 ./Core/Src/main.o
 .debug_macro   0x0000000000001196       0x2e ./Core/Src/main.o
 .debug_macro   0x00000000000011c4       0x28 ./Core/Src/main.o
 .debug_macro   0x00000000000011ec       0x22 ./Core/Src/main.o
 .debug_macro   0x000000000000120e       0x8e ./Core/Src/main.o
 .debug_macro   0x000000000000129c       0x51 ./Core/Src/main.o
 .debug_macro   0x00000000000012ed      0x103 ./Core/Src/main.o
 .debug_macro   0x00000000000013f0       0x6a ./Core/Src/main.o
 .debug_macro   0x000000000000145a      0x1df ./Core/Src/main.o
 .debug_macro   0x0000000000001639       0x1c ./Core/Src/main.o
 .debug_macro   0x0000000000001655       0x22 ./Core/Src/main.o
 .debug_macro   0x0000000000001677       0xdf ./Core/Src/main.o
 .debug_macro   0x0000000000001756     0x102d ./Core/Src/main.o
 .debug_macro   0x0000000000002783      0x11f ./Core/Src/main.o
 .debug_macro   0x00000000000028a2    0x13076 ./Core/Src/main.o
 .debug_macro   0x0000000000015918       0x43 ./Core/Src/main.o
 .debug_macro   0x000000000001595b     0x3666 ./Core/Src/main.o
 .debug_macro   0x0000000000018fc1      0x174 ./Core/Src/main.o
 .debug_macro   0x0000000000019135       0x5c ./Core/Src/main.o
 .debug_macro   0x0000000000019191      0x84c ./Core/Src/main.o
 .debug_macro   0x00000000000199dd      0x9fe ./Core/Src/main.o
 .debug_macro   0x000000000001a3db      0x116 ./Core/Src/main.o
 .debug_macro   0x000000000001a4f1      0x192 ./Core/Src/main.o
 .debug_macro   0x000000000001a683       0xa5 ./Core/Src/main.o
 .debug_macro   0x000000000001a728      0x151 ./Core/Src/main.o
 .debug_macro   0x000000000001a879      0x287 ./Core/Src/main.o
 .debug_macro   0x000000000001ab00       0x5f ./Core/Src/main.o
 .debug_macro   0x000000000001ab5f      0x236 ./Core/Src/main.o
 .debug_macro   0x000000000001ad95      0x132 ./Core/Src/main.o
 .debug_macro   0x000000000001aec7      0x29c ./Core/Src/main.o
 .debug_macro   0x000000000001b163       0x2e ./Core/Src/main.o
 .debug_macro   0x000000000001b191      0x11a ./Core/Src/main.o
 .debug_macro   0x000000000001b2ab       0x91 ./Core/Src/main.o
 .debug_macro   0x000000000001b33c       0x89 ./Core/Src/main.o
 .debug_macro   0x000000000001b3c5      0x21e ./Core/Src/main.o
 .debug_macro   0x000000000001b5e3       0xba ./Core/Src/main.o
 .debug_macro   0x000000000001b69d      0x126 ./Core/Src/main.o
 .debug_macro   0x000000000001b7c3       0x22 ./Core/Src/main.o
 .debug_macro   0x000000000001b7e5       0x52 ./Core/Src/main.o
 .debug_macro   0x000000000001b837       0x18 ./Core/Src/main.o
 .debug_macro   0x000000000001b84f       0x3c ./Core/Src/main.o
 .debug_macro   0x000000000001b88b       0x34 ./Core/Src/main.o
 .debug_macro   0x000000000001b8bf       0x16 ./Core/Src/main.o
 .debug_macro   0x000000000001b8d5       0x43 ./Core/Src/main.o
 .debug_macro   0x000000000001b918       0x34 ./Core/Src/main.o
 .debug_macro   0x000000000001b94c       0x10 ./Core/Src/main.o
 .debug_macro   0x000000000001b95c       0x58 ./Core/Src/main.o
 .debug_macro   0x000000000001b9b4       0x71 ./Core/Src/main.o
 .debug_macro   0x000000000001ba25       0x1c ./Core/Src/main.o
 .debug_macro   0x000000000001ba41      0x12a ./Core/Src/main.o
 .debug_macro   0x000000000001bb6b      0x333 ./Core/Src/main.o
 .debug_macro   0x000000000001be9e       0x10 ./Core/Src/main.o
 .debug_macro   0x000000000001beae       0x35 ./Core/Src/main.o
 .debug_macro   0x000000000001bee3       0x20 ./Core/Src/main.o
 .debug_macro   0x000000000001bf03       0x16 ./Core/Src/main.o
 .debug_macro   0x000000000001bf19       0x16 ./Core/Src/main.o
 .debug_macro   0x000000000001bf2f       0x29 ./Core/Src/main.o
 .debug_macro   0x000000000001bf58       0x58 ./Core/Src/main.o
 .debug_macro   0x000000000001bfb0       0x1c ./Core/Src/main.o
 .debug_macro   0x000000000001bfcc       0x10 ./Core/Src/main.o
 .debug_macro   0x000000000001bfdc       0x1c ./Core/Src/main.o
 .debug_macro   0x000000000001bff8       0x52 ./Core/Src/main.o
 .debug_macro   0x000000000001c04a       0x22 ./Core/Src/main.o
 .debug_macro   0x000000000001c06c       0x10 ./Core/Src/main.o
 .debug_macro   0x000000000001c07c       0x40 ./Core/Src/main.o
 .debug_macro   0x000000000001c0bc       0xd5 ./Core/Src/main.o
 .debug_macro   0x000000000001c191       0x1c ./Core/Src/main.o
 .debug_macro   0x000000000001c1ad       0x3d ./Core/Src/main.o
 .debug_macro   0x000000000001c1ea       0x16 ./Core/Src/main.o
 .debug_macro   0x000000000001c200      0x145 ./Core/Src/main.o
 .debug_macro   0x000000000001c345      0x1a9 ./Core/Src/main.o
 .debug_macro   0x000000000001c4ee       0x10 ./Core/Src/main.o
 .debug_macro   0x000000000001c4fe      0x460 ./Core/Src/main.o
 .debug_macro   0x000000000001c95e      0x302 ./Core/Src/main.o
 .debug_macro   0x000000000001cc60       0x76 ./Core/Src/main.o
 .debug_macro   0x000000000001ccd6       0x6b ./Core/Src/main.o
 .debug_macro   0x000000000001cd41      0x1ef ./Core/Src/main.o
 .debug_macro   0x000000000001cf30       0x16 ./Core/Src/main.o
 .debug_macro   0x000000000001cf46      0x19c ./Core/Src/main.o
 .debug_macro   0x000000000001d0e2       0x16 ./Core/Src/main.o
 .debug_macro   0x000000000001d0f8      0x323 ./Core/Src/main.o
 .debug_macro   0x000000000001d41b       0x16 ./Core/Src/main.o
 .debug_macro   0x000000000001d431      0x3f2 ./Core/Src/stm32f4xx_hal_msp.o
 .debug_macro   0x000000000001d823      0x3fc ./Core/Src/stm32f4xx_it.o
 .debug_macro   0x000000000001dc1f      0x1d4 ./Core/Src/system_stm32f4xx.o
 .debug_macro   0x000000000001ddf3      0x417 ./Core/User_Libraries/Src/BMP280.o
 .debug_macro   0x000000000001e20a      0x3fc ./Core/User_Libraries/Src/GPIO.o
 .debug_macro   0x000000000001e606      0x2fc ./Core/User_Libraries/Src/GPIO.o
 .debug_macro   0x000000000001e902      0x401 ./Core/User_Libraries/Src/I2C.o
 .debug_macro   0x000000000001ed03       0x10 ./Core/User_Libraries/Src/I2C.o
 .debug_macro   0x000000000001ed13      0x234 ./Drivers/STM32F4xx_HAL_Driver/stm32f4xx_hal.o
 .debug_macro   0x000000000001ef47      0x1d4 ./Drivers/STM32F4xx_HAL_Driver/stm32f4xx_hal_cortex.o
 .debug_macro   0x000000000001f11b      0x1da ./Drivers/STM32F4xx_HAL_Driver/stm32f4xx_hal_gpio.o
 .debug_macro   0x000000000001f2f5      0x1e0 ./Drivers/STM32F4xx_HAL_Driver/stm32f4xx_hal_pcd.o
 .debug_macro   0x000000000001f4d5      0x1d4 ./Drivers/STM32F4xx_HAL_Driver/stm32f4xx_hal_pcd_ex.o
 .debug_macro   0x000000000001f6a9      0x1f8 ./Drivers/STM32F4xx_HAL_Driver/stm32f4xx_hal_rcc.o
 .debug_macro   0x000000000001f8a1      0x1d4 ./Drivers/STM32F4xx_HAL_Driver/stm32f4xx_hal_rcc_ex.o
 .debug_macro   0x000000000001fa75      0x1d4 ./Drivers/STM32F4xx_HAL_Driver/stm32f4xx_ll_usb.o
 .debug_macro   0x000000000001fc49      0x454 ./Middlewares/USB_Device_Library/usbd_cdc.o
 .debug_macro   0x000000000002009d       0x16 ./Middlewares/USB_Device_Library/usbd_cdc.o
 .debug_macro   0x00000000000200b3       0x97 ./Middlewares/USB_Device_Library/usbd_cdc.o
 .debug_macro   0x000000000002014a       0xfd ./Middlewares/USB_Device_Library/usbd_cdc.o
 .debug_macro   0x0000000000020247       0x16 ./Middlewares/USB_Device_Library/usbd_cdc.o
 .debug_macro   0x000000000002025d       0xd9 ./Middlewares/USB_Device_Library/usbd_cdc.o
 .debug_macro   0x0000000000020336       0x56 ./Middlewares/USB_Device_Library/usbd_cdc.o
 .debug_macro   0x000000000002038c       0x4c ./Middlewares/USB_Device_Library/usbd_cdc.o
 .debug_macro   0x00000000000203d8       0x65 ./Middlewares/USB_Device_Library/usbd_cdc.o
 .debug_macro   0x000000000002043d       0x95 ./Middlewares/USB_Device_Library/usbd_cdc.o
 .debug_macro   0x00000000000204d2      0x43b ./Middlewares/USB_Device_Library/usbd_core.o
 .debug_macro   0x000000000002090d      0x1f5 ./Middlewares/USB_Device_Library/usbd_core.o
 .debug_macro   0x0000000000020b02      0x445 ./Middlewares/USB_Device_Library/usbd_ctlreq.o
 .debug_macro   0x0000000000020f47      0x441 ./Middlewares/USB_Device_Library/usbd_ioreq.o
 .debug_macro   0x0000000000021388      0x47a ./USB_DEVICE/App/usb_device.o
 .debug_macro   0x0000000000021802       0x22 ./USB_DEVICE/App/usb_device.o
 .debug_macro   0x0000000000021824       0x16 ./USB_DEVICE/App/usb_device.o
 .debug_macro   0x000000000002183a      0x45f ./USB_DEVICE/App/usbd_cdc_if.o
 .debug_macro   0x0000000000021c99       0x10 ./USB_DEVICE/App/usbd_cdc_if.o
 .debug_macro   0x0000000000021ca9      0x47e ./USB_DEVICE/App/usbd_desc.o
 .debug_macro   0x0000000000022127       0x1c ./USB_DEVICE/App/usbd_desc.o
 .debug_macro   0x0000000000022143      0x45e ./USB_DEVICE/Target/usbd_conf.o

.debug_line     0x0000000000000000    0x13a2d
 .debug_line    0x0000000000000000      0xba6 ./Core/Src/main.o
 .debug_line    0x0000000000000ba6      0xa1a ./Core/Src/stm32f4xx_hal_msp.o
 .debug_line    0x00000000000015c0      0xaf5 ./Core/Src/stm32f4xx_it.o
 .debug_line    0x00000000000020b5      0x7d8 ./Core/Src/system_stm32f4xx.o
 .debug_line    0x000000000000288d       0x88 ./Core/Startup/startup_stm32f412ceux.o
 .debug_line    0x0000000000002915      0xd07 ./Core/User_Libraries/Src/BMP280.o
 .debug_line    0x000000000000361c      0xb99 ./Core/User_Libraries/Src/GPIO.o
 .debug_line    0x00000000000041b5      0xe0a ./Core/User_Libraries/Src/I2C.o
 .debug_line    0x0000000000004fbf      0xa75 ./Drivers/STM32F4xx_HAL_Driver/stm32f4xx_hal.o
 .debug_line    0x0000000000005a34      0xd26 ./Drivers/STM32F4xx_HAL_Driver/stm32f4xx_hal_cortex.o
 .debug_line    0x000000000000675a      0xb89 ./Drivers/STM32F4xx_HAL_Driver/stm32f4xx_hal_gpio.o
 .debug_line    0x00000000000072e3     0x13eb ./Drivers/STM32F4xx_HAL_Driver/stm32f4xx_hal_pcd.o
 .debug_line    0x00000000000086ce      0x96b ./Drivers/STM32F4xx_HAL_Driver/stm32f4xx_hal_pcd_ex.o
 .debug_line    0x0000000000009039      0xde4 ./Drivers/STM32F4xx_HAL_Driver/stm32f4xx_hal_rcc.o
 .debug_line    0x0000000000009e1d     0x1099 ./Drivers/STM32F4xx_HAL_Driver/stm32f4xx_hal_rcc_ex.o
 .debug_line    0x000000000000aeb6     0x1a08 ./Drivers/STM32F4xx_HAL_Driver/stm32f4xx_ll_usb.o
 .debug_line    0x000000000000c8be      0xf5c ./Middlewares/USB_Device_Library/usbd_cdc.o
 .debug_line    0x000000000000d81a      0xfa6 ./Middlewares/USB_Device_Library/usbd_core.o
 .debug_line    0x000000000000e7c0     0x1243 ./Middlewares/USB_Device_Library/usbd_ctlreq.o
 .debug_line    0x000000000000fa03      0xbfd ./Middlewares/USB_Device_Library/usbd_ioreq.o
 .debug_line    0x0000000000010600      0xbb9 ./USB_DEVICE/App/usb_device.o
 .debug_line    0x00000000000111b9      0xc1c ./USB_DEVICE/App/usbd_cdc_if.o
 .debug_line    0x0000000000011dd5      0xc64 ./USB_DEVICE/App/usbd_desc.o
 .debug_line    0x0000000000012a39      0xff4 ./USB_DEVICE/Target/usbd_conf.o

.debug_str      0x0000000000000000    0xb4fe1
 .debug_str     0x0000000000000000    0xb106c ./Core/Src/main.o
                                      0xb1457 (size before relaxing)
 .debug_str     0x00000000000b106c       0x2c ./Core/Src/stm32f4xx_hal_msp.o
                                      0xaf4ed (size before relaxing)
 .debug_str     0x00000000000b1098      0x479 ./Core/Src/stm32f4xx_it.o
                                      0xaf85e (size before relaxing)
 .debug_str     0x00000000000b1511       0xaf ./Core/Src/system_stm32f4xx.o
                                      0xa9156 (size before relaxing)
 .debug_str     0x00000000000b15c0       0x36 ./Core/Startup/startup_stm32f412ceux.o
                                         0x75 (size before relaxing)
 .debug_str     0x00000000000b15f6       0xa8 ./Core/User_Libraries/Src/BMP280.o
                                      0xafd30 (size before relaxing)
 .debug_str     0x00000000000b169e      0x5aa ./Core/User_Libraries/Src/GPIO.o
                                      0xafb13 (size before relaxing)
 .debug_str     0x00000000000b1c48      0x19b ./Core/User_Libraries/Src/I2C.o
                                      0xaf70a (size before relaxing)
 .debug_str     0x00000000000b1de3      0x5a4 ./Drivers/STM32F4xx_HAL_Driver/stm32f4xx_hal.o
                                      0xa9c3e (size before relaxing)
 .debug_str     0x00000000000b2387      0x39a ./Drivers/STM32F4xx_HAL_Driver/stm32f4xx_hal_cortex.o
                                      0xa9a24 (size before relaxing)
 .debug_str     0x00000000000b2721      0x1b2 ./Drivers/STM32F4xx_HAL_Driver/stm32f4xx_hal_gpio.o
                                      0xa933c (size before relaxing)
 .debug_str     0x00000000000b28d3      0x5a8 ./Drivers/STM32F4xx_HAL_Driver/stm32f4xx_hal_pcd.o
                                      0xa99b2 (size before relaxing)
 .debug_str     0x00000000000b2e7b      0x1ed ./Drivers/STM32F4xx_HAL_Driver/stm32f4xx_hal_pcd_ex.o
                                      0xa95f6 (size before relaxing)
 .debug_str     0x00000000000b3068      0x2a2 ./Drivers/STM32F4xx_HAL_Driver/stm32f4xx_hal_rcc.o
                                      0xa9596 (size before relaxing)
 .debug_str     0x00000000000b330a      0x26e ./Drivers/STM32F4xx_HAL_Driver/stm32f4xx_hal_rcc_ex.o
                                      0xa94c0 (size before relaxing)
 .debug_str     0x00000000000b3578      0x6dc ./Drivers/STM32F4xx_HAL_Driver/stm32f4xx_ll_usb.o
                                      0xa9ae0 (size before relaxing)
 .debug_str     0x00000000000b3c54      0x973 ./Middlewares/USB_Device_Library/usbd_cdc.o
                                      0xb0b84 (size before relaxing)
 .debug_str     0x00000000000b45c7      0x1db ./Middlewares/USB_Device_Library/usbd_core.o
                                      0xb03d9 (size before relaxing)
 .debug_str     0x00000000000b47a2      0x18b ./Middlewares/USB_Device_Library/usbd_ctlreq.o
                                      0xb0397 (size before relaxing)
 .debug_str     0x00000000000b492d      0x102 ./Middlewares/USB_Device_Library/usbd_ioreq.o
                                      0xb02e7 (size before relaxing)
 .debug_str     0x00000000000b4a2f      0x118 ./USB_DEVICE/App/usb_device.o
                                      0xb063d (size before relaxing)
 .debug_str     0x00000000000b4b47       0x9a ./USB_DEVICE/App/usbd_cdc_if.o
                                      0xb068f (size before relaxing)
 .debug_str     0x00000000000b4be1      0x298 ./USB_DEVICE/App/usbd_desc.o
                                      0xb022a (size before relaxing)
 .debug_str     0x00000000000b4e79      0x168 ./USB_DEVICE/Target/usbd_conf.o
                                      0xb13e3 (size before relaxing)

.comment        0x0000000000000000       0x53
 .comment       0x0000000000000000       0x53 ./Core/Src/main.o
                                         0x54 (size before relaxing)
 .comment       0x0000000000000053       0x54 ./Core/Src/stm32f4xx_hal_msp.o
 .comment       0x0000000000000053       0x54 ./Core/Src/stm32f4xx_it.o
 .comment       0x0000000000000053       0x54 ./Core/Src/system_stm32f4xx.o
 .comment       0x0000000000000053       0x54 ./Core/User_Libraries/Src/BMP280.o
 .comment       0x0000000000000053       0x54 ./Core/User_Libraries/Src/GPIO.o
 .comment       0x0000000000000053       0x54 ./Core/User_Libraries/Src/I2C.o
 .comment       0x0000000000000053       0x54 ./Drivers/STM32F4xx_HAL_Driver/stm32f4xx_hal.o
 .comment       0x0000000000000053       0x54 ./Drivers/STM32F4xx_HAL_Driver/stm32f4xx_hal_cortex.o
 .comment       0x0000000000000053       0x54 ./Drivers/STM32F4xx_HAL_Driver/stm32f4xx_hal_gpio.o
 .comment       0x0000000000000053       0x54 ./Drivers/STM32F4xx_HAL_Driver/stm32f4xx_hal_pcd.o
 .comment       0x0000000000000053       0x54 ./Drivers/STM32F4xx_HAL_Driver/stm32f4xx_hal_pcd_ex.o
 .comment       0x0000000000000053       0x54 ./Drivers/STM32F4xx_HAL_Driver/stm32f4xx_hal_rcc.o
 .comment       0x0000000000000053       0x54 ./Drivers/STM32F4xx_HAL_Driver/stm32f4xx_hal_rcc_ex.o
 .comment       0x0000000000000053       0x54 ./Drivers/STM32F4xx_HAL_Driver/stm32f4xx_ll_usb.o
 .comment       0x0000000000000053       0x54 ./Middlewares/USB_Device_Library/usbd_cdc.o
 .comment       0x0000000000000053       0x54 ./Middlewares/USB_Device_Library/usbd_core.o
 .comment       0x0000000000000053       0x54 ./Middlewares/USB_Device_Library/usbd_ctlreq.o
 .comment       0x0000000000000053       0x54 ./Middlewares/USB_Device_Library/usbd_ioreq.o
 .comment       0x0000000000000053       0x54 ./USB_DEVICE/App/usb_device.o
 .comment       0x0000000000000053       0x54 ./USB_DEVICE/App/usbd_cdc_if.o
 .comment       0x0000000000000053       0x54 ./USB_DEVICE/App/usbd_desc.o
 .comment       0x0000000000000053       0x54 ./USB_DEVICE/Target/usbd_conf.o

.debug_frame    0x0000000000000000     0x3180
 .debug_frame   0x0000000000000000       0x90 ./Core/Src/main.o
 .debug_frame   0x0000000000000090       0x38 ./Core/Src/stm32f4xx_hal_msp.o
 .debug_frame   0x00000000000000c8      0x120 ./Core/Src/stm32f4xx_it.o
 .debug_frame   0x00000000000001e8       0x58 ./Core/Src/system_stm32f4xx.o
 .debug_frame   0x0000000000000240       0x6c ./Core/User_Libraries/Src/BMP280.o
 .debug_frame   0x00000000000002ac       0xfc ./Core/User_Libraries/Src/GPIO.o
 .debug_frame   0x00000000000003a8      0x23c ./Core/User_Libraries/Src/I2C.o
 .debug_frame   0x00000000000005e4      0x374 ./Drivers/STM32F4xx_HAL_Driver/stm32f4xx_hal.o
 .debug_frame   0x0000000000000958      0x498 ./Drivers/STM32F4xx_HAL_Driver/stm32f4xx_hal_cortex.o
 .debug_frame   0x0000000000000df0      0x14c ./Drivers/STM32F4xx_HAL_Driver/stm32f4xx_hal_gpio.o
 .debug_frame   0x0000000000000f3c      0x574 ./Drivers/STM32F4xx_HAL_Driver/stm32f4xx_hal_pcd.o
 .debug_frame   0x00000000000014b0      0x174 ./Drivers/STM32F4xx_HAL_Driver/stm32f4xx_hal_pcd_ex.o
 .debug_frame   0x0000000000001624      0x1f0 ./Drivers/STM32F4xx_HAL_Driver/stm32f4xx_hal_rcc.o
 .debug_frame   0x0000000000001814      0x16c ./Drivers/STM32F4xx_HAL_Driver/stm32f4xx_hal_rcc_ex.o
 .debug_frame   0x0000000000001980      0x798 ./Drivers/STM32F4xx_HAL_Driver/stm32f4xx_ll_usb.o
 .debug_frame   0x0000000000002118      0x248 ./Middlewares/USB_Device_Library/usbd_cdc.o
 .debug_frame   0x0000000000002360      0x2f4 ./Middlewares/USB_Device_Library/usbd_core.o
 .debug_frame   0x0000000000002654      0x23c ./Middlewares/USB_Device_Library/usbd_ctlreq.o
 .debug_frame   0x0000000000002890      0x10c ./Middlewares/USB_Device_Library/usbd_ioreq.o
 .debug_frame   0x000000000000299c       0x2c ./USB_DEVICE/App/usb_device.o
 .debug_frame   0x00000000000029c8       0xe4 ./USB_DEVICE/App/usbd_cdc_if.o
 .debug_frame   0x0000000000002aac      0x188 ./USB_DEVICE/App/usbd_desc.o
 .debug_frame   0x0000000000002c34      0x4a0 ./USB_DEVICE/Target/usbd_conf.o
 .debug_frame   0x00000000000030d4       0x2c d:/st/stm32cubeide_1.8.0/stm32cubeide/plugins/com.st.stm32cube.ide.mcu.externaltools.gnu-tools-for-stm32.9-2020-q2-update.win32_2.0.0.202105311346/tools/bin/../lib/gcc/arm-none-eabi/9.3.1/../../../../arm-none-eabi/lib/thumb/v7e-m+fp/hard\libc_nano.a(lib_a-init.o)
 .debug_frame   0x0000000000003100       0x20 d:/st/stm32cubeide_1.8.0/stm32cubeide/plugins/com.st.stm32cube.ide.mcu.externaltools.gnu-tools-for-stm32.9-2020-q2-update.win32_2.0.0.202105311346/tools/bin/../lib/gcc/arm-none-eabi/9.3.1/../../../../arm-none-eabi/lib/thumb/v7e-m+fp/hard\libc_nano.a(lib_a-memset.o)
 .debug_frame   0x0000000000003120       0x2c d:/st/stm32cubeide_1.8.0/stm32cubeide/plugins/com.st.stm32cube.ide.mcu.externaltools.gnu-tools-for-stm32.9-2020-q2-update.win32_2.0.0.202105311346/tools/bin/../lib/gcc/arm-none-eabi/9.3.1/thumb/v7e-m+fp/hard\libgcc.a(_aeabi_uldivmod.o)
 .debug_frame   0x000000000000314c       0x34 d:/st/stm32cubeide_1.8.0/stm32cubeide/plugins/com.st.stm32cube.ide.mcu.externaltools.gnu-tools-for-stm32.9-2020-q2-update.win32_2.0.0.202105311346/tools/bin/../lib/gcc/arm-none-eabi/9.3.1/thumb/v7e-m+fp/hard\libgcc.a(_udivmoddi4.o)